Open Watcom Linker Version 1.9
Portions Copyright (c) 1985-2002 Sybase, Inc. All Rights Reserved.
Created on:       17/03/22 13:45:55
Executable Image: lab2.exe
creating a Windows NT character-mode executable


                        +------------+
                        |   Groups   |
                        +------------+

Group                           Address              Size
=====                           =======              ====

.idata                          00416000             00000786
DGROUP                          00417000             00013160



                        +--------------+
                        |   Segments   |
                        +--------------+

Segment                Class          Group          Address         Size
=======                =====          =====          =======         ====

BEGTEXT                CODE           AUTO           00401000        00000007
_TEXT                  CODE           AUTO           00401010        000146c8
TRANSFER CODE          CODE           AUTO           004156d8        0000019e
.idata                 .idata         .idata         00416000        00000786
_NULL                  BEGDATA        DGROUP         00417000        00000004
_AFTERNULL             BEGDATA        DGROUP         00417004        00000000
CONST                  DATA           DGROUP         00417010        000001d4
_DATA                  DATA           DGROUP         004171f0        000010a4
CONST2                 DATA           DGROUP         00418294        00000000
XIB                    DATA           DGROUP         00418294        00000000
XI                     DATA           DGROUP         00418294        0000004e
XIE                    DATA           DGROUP         004182e2        00000000
YIB                    DATA           DGROUP         004182e2        00000000
YI                     DATA           DGROUP         004182e2        00000030
YIE                    DATA           DGROUP         00418312        00000000
DATA32                 DATA           DGROUP         00418314        00000134
TIB                    DATA           DGROUP         00418448        00000000
TI                     DATA           DGROUP         00418448        00000000
TIE                    DATA           DGROUP         00418448        00000000
DATA                   DATA           DGROUP         00418448        00000000
TABL                   TABL           DGROUP         00419000        00000008
INP                    INP            DGROUP         00419010        00000018
CONST                  CONST          DGROUP         00419030        00000008
CONST32                CONST          DGROUP         00419038        00000000
OTHER                  OTHER          DGROUP         00419040        00000008
_BSS                   BSS            DGROUP         00419050        000010f0
GDATA@0                BSS            DGROUP         0041a140        00000016
BSS32                  BSS            DGROUP         0041a158        00000000
STACK                  STACK          DGROUP         0041a160        00010000


                        +----------------+
                        |   Memory Map   |
                        +----------------+

* = unreferenced symbol
+ = symbol only referenced locally

Address        Symbol
=======        ======

Module: file2.obj(J:\4semak\PV.Lab2\file2.for)
00401010       FMAIN
00401140+      EQUAL
004011db+      VALIDATE
0040126d+      TABLE
0040156f+      SIZE
004015cc+      STROKA
00419000+      TABL
00419010+      INP
00419030+      CONST
00419040+      OTHER
Module: C:\WATCOM/lib386/nt\flib7.lib(setunit.c)
00401920       RT@SetUnit
Module: C:\WATCOM/lib386/nt\flib7.lib(setfile.c)
00401960       RT@SetFile
Module: C:\WATCOM/lib386/nt\flib7.lib(exopen.c)
004020b0       RT@IOOpen
00417230+      _AccModTab
00417240+      _FormTab
0041724c+      _OpStatTab
00417260+      _BlnkTab
0041726c+      _RecFmTab
0041727c+      _CCtrlTab
00417288+      _ActionTab
00417298+      _ShareTab
Module: C:\WATCOM/lib386/nt\flib7.lib(coread)
004020c6       RT@IORead
004020d5*      RT@InpLOG1
004020e4*      RT@InpLOG4
004020f3*      RT@InpINT1
00402102*      RT@InpINT2
00402111*      RT@InpINT4
00402120       RT@InpREAL
0040212f*      RT@InpDBLE
0040213e*      RT@InpXTND
0040214d*      RT@InpCPLX
0040215c*      RT@InpDBCX
0040216b*      RT@InpXTCX
0040217a*      RT@InpCHAR
0040217f*      RT@InpSTR
00402184*      RT@InpArr
00402189*      RT@InpChArr
Module: C:\WATCOM/lib386/nt\flib7.lib(cortns)
004172b0*      _FRT_SaveESP
00402199*      SwitchToGen
004021b7       SwitchToRT
004021d5       RdWrCommon
00402279       IOType_
00402297       IOChar
004022b2       IOStr
004022c7       IOArr
004022e2       IOChArr
00402304       RT@EndIO
Module: C:\WATCOM/lib386/nt\flib7.lib(exclose.c)
00402400       RT@IOClose
Module: C:\WATCOM/lib386\math387r.lib(log87)
0040246c*      log_
00402484*      log2_
00402478*      log10_
00402418*      IF@LOG
00402418*      IF@DLOG
00402458*      IF@LOG2
00402458*      IF@DLOG2
00402462       IF@LOG10
00402462*      IF@DLOG10
Module: C:\WATCOM/lib386/nt\flib7.lib(ifaint.c)
00402490       IF@AINT
004024e0*      IF@XAINT
Module: C:\WATCOM/lib386\math387r.lib(pow87)
0040263d*      pow_
004024e4       IF@DPOW
004024e4       IF@POW
Module: C:\WATCOM/lib386/nt\flib7.lib(pause.c)
00402660       RT@Pause
004172e0*      LG@PAUSE_HOOK
Module: C:\WATCOM/lib386/nt\flib7.lib(setintl.c)
004026b0       RT@SetIntl
Module: C:\WATCOM/lib386/nt\flib7.lib(setfmt.c)
004026d0       RT@SetFmt
Module: C:\WATCOM/lib386/nt\flib7.lib(cowrite)
004026f0       RT@IOWrite
004026ff*      RT@OutLOG1
00402711*      RT@OutLOG4
0040271f*      RT@OutINT1
00402731*      RT@OutINT2
00402741*      RT@OutINT4
00402750       RT@OutREAL
00402760*      RT@OutDBLE
00402770*      RT@OutXTND
00402780*      RT@OutCPLX
00402796*      RT@OutDBCX
004027ac*      RT@OutXTCX
004027c2       RT@OutCHAR
004027c7*      RT@OutSTR
004027cc*      RT@PrtArr
004027d1*      RT@PrtChArr
Module: C:\WATCOM/lib386/nt\flib7.lib(lexcmp.c)
00402800+      LexStrCmp_
00402860       RT@LexCmp
Module: C:\WATCOM/lib386\math387r.lib(fchop87)
00402874       __CHP
Module: C:\WATCOM/lib386\math387r.lib(trig87)
004028d9*      sin_
004028cd*      cos_
004028fa*      tan_
0040288c       IF@COS
0040288c*      IF@DCOS
00402896       IF@SIN
00402896*      IF@DSIN
004028e5       IF@TAN
004028e5*      IF@DTAN
Module: C:\WATCOM/lib386/nt\clib3r.lib(cstrtwnt)
00402906       _cstart_
00402906*      mainCRTStartup
Module: C:\WATCOM/lib386/nt\clib3r.lib(_8087)
004172f0       __8087
004172f1       __real87
Module: C:\WATCOM/lib386/nt\emu387.lib(386)
00402964       __init_387_emulator
00402965*      __fini_387_emulator
Module: C:\WATCOM/lib386/nt\flib7.lib(initeng.c)
00419050       __init_english
Module: C:\WATCOM/lib386/nt\flib7.lib(initerr.c)
00419054       __init_error
Module: C:\WATCOM/lib386/nt\flib7.lib(setiocb.c)
00402970       RT@SetIOCB
Module: C:\WATCOM/lib386/nt\flib7.lib(rdata.c)
00419060       _IORslt
00419070       _FmtBuff
00419074*      _Fmt_revert
00419078*      _Fmt_start
0041907c*      _Fmt_paren_level
00419080*      _Fmt_charptr
00419084*      _FmtEmStruct
00419088       _IOTypeRtn
0041908c*      _Fmt_end
00419090*      _Fmt_rep_spec
00419094       _FmtRoutine
00419098       _IOCB
0041909c       _Files
004190a0*      _Fmt_delimited
Module: C:\WATCOM/lib386/nt\flib7.lib(rtutls.c)
00402a20       FindFtnFile_
00402b10       RChkAlloc_
00402b40       F_Connect_
00402bc0       ConnectFile_
00402bd0       GetFileInfo_
00402cc0       DiscoFile_
00402d30*      ChkFileName_
00402d60+      ChkLogFile_
00402da0       ChkIOOperation_
00402de0       GetIOErr_
00402df0       ChkIOErr_
00402e10       ChkUnitId_
00402e50*      ChkConnected_
00402e70       SetEOF_
00402ea0       ClearEOF_
00402ee0       SysEOF_
00402f10       IsFixed_
00402f20       IsCarriage_
00402f30*      ChkRecordStructure_
00402f60*      ChkSequential_
00402f80*      ChkExist_
00402fb0       StrItem_
Module: C:\WATCOM/lib386/nt\flib7.lib(exutil.c)
00403030       FindKWord_
004030c0*      ClrBuff_
004172f4       _SpecId
Module: C:\WATCOM/lib386/nt\flib7.lib(ioerr.c)
00403110       IOErr_
Module: C:\WATCOM/lib386/nt\flib7.lib(rtsysutl.c)
004031a0       GetSysIOInfo_
004031c0       GetSysFileInfo_
004031f0       IsDevice_
004033c0       OpenAction_
00403400*      DfltRecType_
00403420+      _FileAttrs_
004034e0       CloseFile_
00403550       Scrtched_
00403570       CloseDeleteFile_
004035c0       Errf_
004035e0       FPutBuff_
00403650       FGetBuff_
004036a0       SeekFile_
004036c0       NoEOF_
004036d0       SysClearEOF_
004036e0       SameFile_
004036f0*      Rewindf_
00403710       SysCreateFile_
00403750       CheckLogicalRecord_
00403770       SkipLogicalRecord_
00403790*      BackSpacef_
004037c0*      EndFilef_
00403800       GetIOErrMsg_
00403840       ReportNExist_
00403860       ReportEOF_
00403870       WaitForEnter_
Module: C:\WATCOM/lib386/nt\flib7.lib(runmain.c)
00403880*      __InitUnit6CC_
00403890       __DevicesCC_
004038a0*      __InitAllowCommaSeparator_
004038b0       __AllowCommaSep_
004038c0+      _InitIO_
00403930+      CloseAllFiles_
00403970*      _FiniEx_
00403970       RunExit_
004039b0       RunEntry_
Module: C:\WATCOM/lib386/nt\flib7.lib(rdwr.c)
004039e0       DoOpen_
00403a10+      _AllocBuffer_
00403a50       IOPrologue_
00403c90       UpdateRecNum_
Module: C:\WATCOM/lib386/nt\flib7.lib(iomain.c)
00403cd0       __ReleaseIOSys_
00403cf0       IOMain_
Module: C:\WATCOM/lib386/nt\flib7.lib(exread.c)
00403f20       DoRead_
Module: C:\WATCOM/lib386/nt\clib3r.lib(crwdata)
00417364       __osmajor
00417365       __osminor
00417366       __osbuild
00417368       __osver
0041736c       __winmajor
00417370       __winminor
00417374       __winver
00417330       __LpDllName
00417334       __LpwCmdLine
00417338       __LpwPgmName
0041733c       __LpwDllName
00417328       __LpCmdLine
0041732c       __LpPgmName
00417320*      __dynend
00417324       __curbrk
00417340*      __STACKLOW
00417344       __STACKTOP
00417348       __ASTACKSIZ
0041734c       __ASTACKPTR
00417350*      __cbyte
00417354*      __cbyte2
00417358*      __child
0041735e       __Envptr
00417362*      __Envseg
0041735c       __no87
00417378       ___FPE_handler
Module: C:\WATCOM/lib386/nt\flib7.lib(thrdutil.c)
00403fb0*      __InitMultiThreadIO_
00417380       ___SwitchStkLow
Module: C:\WATCOM/lib386\math387r.lib(log87e.c)
00403fbb       __log87_err_
Module: C:\WATCOM/lib386\math387r.lib(floor.c)
00403ff0       floor_
Module: C:\WATCOM/lib386/nt\clib3r.lib(chipvar)
00417384       ___chipbug
00417384       __chipbug
Module: C:\WATCOM/lib386\math387r.lib(pow87e.c)
0040402c       __pow87_err_
Module: C:\WATCOM/lib386\math387r.lib(exp87)
0040411b*      exp_
004040b4*      __@DEXP1
004040bc*      IF@EXP
004040bc*      IF@DEXP
004040be       __@DEXP
Module: C:\WATCOM/lib386/nt\clib3r.lib(chipd32.asm)
0040423f       __fdiv_fpr
00404701*      __fdiv_chk
00404714*      __fdiv_m32
00404761*      __fdiv_m64
004047ae*      __fdiv_m32r
004047fb*      __fdiv_m64r
Module: C:\WATCOM/lib386/nt\flib7.lib(rtinit.c)
00417398       ___FAppType
0041739c       __ExceptionInit
004173a0       __ExceptionFini
00404860*      __InitFThreadData_
004048a0+      RTSysFini_
004048b0       RTSysInit_
004173a8       __AccessFIO
004173ac       __ReleaseFIO
004173b0       __PartialReleaseFIO
004190a8       ___FThreadDataOffset
004182b2*      ___fthread_data_size
Module: C:\WATCOM/lib386/nt\flib7.lib(rterr.c)
004173b4+      _TraceRoutine
00404930       FlushStdUnit_
00404980+      WriteErr_
00404a50       ErrHandler_
00404a90       RTErr_
004173c0+      LG@ERR_HOOK
Module: C:\WATCOM/lib386/nt\flib7.lib(stdio.c)
00404ad0       StdBuffer_
00404af0       StdWrite_
00404bd0       StdFlush_
00404c00       StdWriteNL_
Module: C:\WATCOM/lib386/nt\flib7.lib(rfmtexec.c)
00405560       R_FExec_
Module: C:\WATCOM/lib386/nt\flib7.lib(exwrite.c)
00405600       DoWrite_
Module: C:\WATCOM/lib386/nt\clib3r.lib(chipt32.asm)
00405628       __fptan_chk
Module: C:\WATCOM/lib386/nt\clib3r.lib(main2wnt.c)
004056e0       __NTMain
Module: C:\WATCOM/lib386/nt\clib3r.lib(segdefns)
00401003       ___begtext
00417000*      __nullarea
00418294       __Start_XI
004182e2       __End_XI
004182e2       __Start_YI
00418312       __End_YI
Module: C:\WATCOM/lib386/nt\clib3r.lib(chk8087.c)
00405760*      _fpreset_
004057a0       __chk8087_
004057b0*      __init_8087_
Module: C:\WATCOM/lib386/nt\flib7.lib(english.c)
00405800       __UseEnglishCharSet_
Module: C:\WATCOM/lib386/nt\flib7.lib(errincl.c)
00405910       __InitError_
004177cc+      _PGroupTable
004177d0+      _PErrWord
Module: C:\WATCOM/lib386/nt\clib3r.lib(mainwnt.c)
004177d4       ___TlsIndex
004177d8       ___FirstThreadData
004177dc       ___GetThreadPtr
004177e0       __AccessFileH
004177e4       __ReleaseFileH
004177e8       __AccessIOB
004177ec       __ReleaseIOB
004177f0       __AccessNHeap
004177f4       __AccessFHeap
004177f8       __ReleaseNHeap
00405940*      __threadid_
00405960+      __sig_null_rtn_
00405970+      __NTInit_
00405b50+      __NTFini_
00405bb0       __NTMainInit_
00405c10       __exit_
004177fc       __ReleaseFHeap
00417800       __AccessTDList
00417804       __ReleaseTDList
00417808       __AccessFList
0041780c       __ReleaseFList
00417810       __ThreadExitRtn
00417814       ___sig_init_rtn
00417818       ___sig_fini_rtn
0041781c       ___process_fini
004190b8       ___Is_DLL
Module: C:\WATCOM/lib386/nt\flib7.lib(ioinit.c)
00405c70       IOSysInit_
Module: C:\WATCOM/lib386/nt\flib7.lib(fdutil.c)
00405ca0       LocFile_
00405cb0       LocUnit_
00405ce0       ExtractInfo_
Module: C:\WATCOM/lib386/nt\flib7.lib(rstdio.c)
00405e10       _InitStandardInput_
00405e40       _InitStandardOutput_
Module: C:\WATCOM/lib386/nt\flib7.lib(rmemmgr.c)
00405e70       RMemAlloc_
00405e80       RMemFree_
Module: C:\WATCOM/lib386/nt\clib3r.lib(memset.c)
00405e90       memset_
Module: C:\WATCOM/lib386/nt\flib7.lib(deffname.c)
00417824       _DefFName
Module: C:\WATCOM/lib386/nt\flib7.lib(stracc.c)
00405eb0       TrimStr_
00405ef0       GetStr_
Module: C:\WATCOM/lib386/nt\flib7.lib(spawn.c)
00405f20       Spawn_
00405f80       Suicide_
Module: C:\WATCOM/lib386/nt\clib3r.lib(memicmp.c)
00405fc0       memicmp_
Module: C:\WATCOM/lib386/nt\flib7.lib(blderr.c)
00406080       Substitute_
00406240       ErrCodOrg_
Module: C:\WATCOM/lib386/nt\clib3r.lib(accsswnt.c)
00406250       access_
Module: C:\WATCOM/lib386/nt\clib3r.lib(fullpath.c)
00406290+      _sys_fullpath_
00406310       _fullpath_
Module: C:\WATCOM/lib386/nt\clib3r.lib(fstatwnt.c)
00406380       fstat_
Module: C:\WATCOM/lib386/nt\flib7.lib(poserr.c)
004066e0       Errorf_
00406700*      EOFile_
00406720       ErrorMsg_
00406760       FSetTrunc_
00406770       FSetSysErr_
00406790       FSetErr_
004067b0       FSetEof_
004067d0       IOOk_
Module: C:\WATCOM/lib386/nt\clib3r.lib(statwnt.c)
004068f5       stat_
Module: C:\WATCOM/lib386/nt\flib7.lib(posopen.c)
00406b30       InitStd_
00406bf0       SetIOBufferSize_
00406c10+      _AllocFile_
00406d00       Openf_
00406df0       Closef_
Module: C:\WATCOM/lib386/nt\flib7.lib(posdat.c)
00417a14       _FStdIn
00417a18       _FStdOut
00417a1c       _FStdErr
Module: C:\WATCOM/lib386/nt\flib7.lib(posflush.c)
00406e70       FlushBuffer_
Module: C:\WATCOM/lib386/nt\flib7.lib(posdel.c)
00406f20       Scratchf_
Module: C:\WATCOM/lib386/nt\clib3r.lib(nodefwin.c)
00417a20*      __WindowsIsWindowedHandle
00417a24*      __WindowsRemoveWindowedHandle
00417a28*      __WindowsNewWindow
00417a2c*      __WindowsCloseWindow
00417a30*      __WindowsSetAbout
00417a34*      __WindowsSetAppTitle
00417a38*      __WindowsSetConTitle
00417a3c*      __WindowsDestroyOnClose
00417a40*      __WindowsYieldControl
00417a44*      __WindowsShutDown
00417a48*      __WindowsStdin
00417a4c       __WindowsStdout
00417a50*      __WindowsKbhit
00417a54*      __WindowsGetch
00417a58*      __WindowsGetche
00417a5c*      __WindowsPutch
00406f40*      _dwShutDown_
00406f40*      _dwYield_
00406f40*      _dwSetConTitle_
00406f40*      _dwSetAppTitle_
00406f40*      _dwSetAboutDlg_
00406f40       _dwDeleteOnClose_
00417a60*      __WindowsExitRtn
004196d4*      __init_default_win
Module: C:\WATCOM/lib386/nt\flib7.lib(posput.c)
00406f50       FPutRec_
00406f90       ChopFile_
00406fe0*      PutRec_
00407100       writebytes_
00407180       SysWrite_
Module: C:\WATCOM/lib386/nt\flib7.lib(posget.c)
004072c0       readbytes_
00407390       SysRead_
00407800       FGetRec_
00407830*      GetRec_
00407850       GetStdChar_
004078a0       FCheckLogical_
00407920       FSkipLogical_
004079f0*      FGetVarRecLen_
Module: C:\WATCOM/lib386/nt\flib7.lib(posseek.c)
00407ae0       FSeekRec_
00407b20       CurrFileOffset_
00407b20       FGetFilePos_
00407b40       SysSeek_
00407d30*      FSeekAbs_
Module: C:\WATCOM/lib386/nt\clib3r.lib(stricmp.c)
00407d40       stricmp_
Module: C:\WATCOM/lib386/nt\flib7.lib(posrew.c)
00407d80       FRewind_
Module: C:\WATCOM/lib386/nt\flib7.lib(posback.c)
00407df0       FBackspace_
Module: C:\WATCOM/lib386/nt\flib7.lib(postrunc.c)
00407ed0       FTruncate_
Module: C:\WATCOM/lib386/nt\clib3r.lib(errno.c)
00407ef0       __get_errno_ptr_
00407f00*      __get_doserrno_ptr_
Module: C:\WATCOM/lib386/nt\flib7.lib(sdfile.c)
00417a64*      _FFCtrlSeq
00417a66*      _SkipCtrlSeq
00417a68       _NormalCtrlSeq
00417a6a       _SDTermIn
00417a6e       _SDTermOut
00417a72*      _SDPrtName
Module: C:\WATCOM/lib386/nt\flib7.lib(unfmtin.c)
00407f10       UnFmtIn_
00407fb0+      NextUnFmtRec_
Module: C:\WATCOM/lib386/nt\flib7.lib(freein.c)
00408390+      GetNum_
00408590       FreeIn_
004085a0*      DoFreeIn_
004085d0+      BumpComma_
00408600+      Blanks_
00408620+      CheckEor_
Module: C:\WATCOM/lib386/nt\flib7.lib(_matherr.c)
00408c30*      __imath2err_
00408c70*      __amath1err_
00408ca0*      __amath2err_
00408cd0       __math2err_
00408de0       __math1err_
00408df0*      __zmath2err_
00408e50*      __qmath2err_
Module: C:\WATCOM/lib386\math387r.lib(modf87)
00408eb8       modf_
Module: C:\WATCOM/lib386/nt\clib3r.lib(chipbug.c)
00408ee0       __verify_pentium_fdiv_bug_
Module: C:\WATCOM/lib386\math387r.lib(math87e.c)
00408f36       __math87_err_
Module: C:\WATCOM/lib386/nt\flib7.lib(rttraps.c)
004090a0       __EnableF77RTExceptionHandling_
004090b0       R_TrapInit_
00409140       R_TrapFini_
00409150*      __InitExceptionVectors_
Module: C:\WATCOM/lib386/nt\flib7.lib(errrtns.c)
004196d8       ___ErrorFini
004196dc       ___ErrorInit
004196e0       ___BldErrMsg
Module: C:\WATCOM/lib386/nt\clib3r.lib(atexit.c)
00409170       atexit_
Module: C:\WATCOM/lib386/nt\clib3r.lib(regdata.c)
004091d0       __RegisterThreadDataSize_
Module: C:\WATCOM/lib386/nt\flib7.lib(errutil.c)
00409200       BldErrCode_
00409260*      MsgFormat_
00409290*      MsgBuffer_
00417a78+      _PGrpCodes
Module: C:\WATCOM/lib386/nt\clib3r.lib(enterdb.c)
004092c0       __EnterWVIDEO_
00417a7c       ___WD_Present
Module: C:\WATCOM/lib386/nt\clib3r.lib(iob.c)
00417a80       ___iob
00417c88       __fmode
00419768       ___OpenStreams
0041976c       ___ClosedStreams
Module: C:\WATCOM/lib386/nt\clib3r.lib(setmd.c)
004092f0       setmode_
Module: C:\WATCOM/lib386/nt\clib3r.lib(write.c)
00409630       write_
Module: C:\WATCOM/lib386/nt\flib7.lib(wrutils.c)
00409890       F_SendData_
004098f0*      SendLine_
00409900       SendEOR_
00409990*      SendInt_
004099c0       SendStr_
004099e0+      SendWSLStr_
00409a00       SendChar_
00409a20       Drop_
00409be0       IOItemResult_
Module: C:\WATCOM/lib386/nt\flib7.lib(rfmtutil.c)
00409c90       R_ChkType_
00409cc0       R_NewRec_
00409d00       R_ChkIType_
00409d30       R_ChkFType_
00409d60       R_ChkRecLen_
00409d80+      GetLen_
00409dc0       R_FOStr_
00409dd0*      FOString_
00409e40       R_FIStr_
00409f00       R_FOLog_
00409f50       R_FILog_
0040a030       R_FIFloat_
0040a220       GetReal_
0040a330       R_FOF_
0040a3b0       R_FOE_
0040a4f0+      FmtH2B_
0040a5e0       R_FIHex_
0040a760       R_FOHex_
0040a770*      FOHex_
0040a870       R_FIInt_
0040a980       R_FOInt_
0040abe0       R_FOG_
0040ae60+      ChkBuffLen_
Module: C:\WATCOM/lib386/nt\flib7.lib(arrayio.c)
0040af20       ArrayIOType_
Module: C:\WATCOM/lib386/nt\flib7.lib(unfmtout.c)
0040b080       UnFmtOut_
Module: C:\WATCOM/lib386/nt\flib7.lib(freeout.c)
0040b4d0       FreeOut_
00417c8c+      _OutRtn
Module: C:\WATCOM/lib386/nt\clib3r.lib(initrtns.c)
0040b5c0       __InitRtns
0040b610       __FiniRtns
Module: C:\WATCOM/lib386/nt\clib3r.lib(mthrdini.c)
0040b670       __InitThreadData_
00417cc0       ___ThreadDataSize
Module: C:\WATCOM/lib386/nt\clib3r.lib(cmain386.c)
0040b6a0       __CMain
Module: C:\WATCOM/lib386/nt\clib3r.lib(dosseg)
00001234       __DOSseg__
Module: C:\WATCOM/lib386/nt\clib3r.lib(8087cw.c)
00417cc4       __8087cw
Module: C:\WATCOM/lib386/nt\clib3r.lib(save8087.c)
00417cc8       ___Save8087
00417ccc       ___Rest8087
Module: C:\WATCOM/lib386/nt\clib3r.lib(init8087)
0040b6e4       __x87id
Module: C:\WATCOM/lib386/nt\flib7.lib(csetinfo.c)
00419770       _CharSetInfo
Module: C:\WATCOM/lib386/nt\flib7.lib(errmsg.c)
0040ba50       _GroupTable
0040bb00       _ErrWord
Module: C:\WATCOM/lib386/nt\clib3r.lib(hdlman.c)
00417cd0+      ___NHandles
00417cd4+      ___OSHandles
00417cd8+      ___FakeHandles
0040c130+      __growPOSIXHandles_
0040c1d0       __allocPOSIXHandle_
0040c290       __freePOSIXHandle_
0040c2b0       __getOSHandle_
0040c2c0       __setOSHandle_
0040c310+      __NTGetFakeHandle_
0040c380       __initPOSIXHandles_
0040c460*      __set_handles_
0040c470*      _grow_handles_
Module: C:\WATCOM/lib386/nt\clib3r.lib(environ.c)
00419784       ___env_mask
00419788       _environ
0041978c       __wenviron
Module: C:\WATCOM/lib386/nt\clib3r.lib(getmodfn.c)
0040c4b0       __lib_GetModuleFileNameW_
Module: C:\WATCOM/lib386/nt\clib3r.lib(strdup.c)
0040c550       __clib_strdup_
Module: C:\WATCOM/lib386/nt\clib3r.lib(istable.c)
0040c590       __IsTable
Module: C:\WATCOM/lib386/nt\clib3r.lib(ustrdup.c)
0040c691       __clib_wcsdup_
Module: C:\WATCOM/lib386/nt\clib3r.lib(nfree.c)
0040c6c0       _nfree_
0040c6c0       free_
00419790       ___MiniHeapFreeRover
Module: C:\WATCOM/lib386/nt\clib3r.lib(excptwnt.c)
0040ce30+      ___ReportException@4
0040d280       __DefaultExceptionHandler_
0040d2c0+      ___ExceptionFilter
0040d4d0       __NewExceptionFilter_
0040d500       __DoneExceptionFilter_
00417ce4       ___oscode_check_func
00417ce8       ___raise_func
00419794*      _sw
00419798       ___ExceptionHandled
00419799+      ___ReportInvoked
Module: C:\WATCOM/lib386/nt\clib3r.lib(stklmwnt.c)
0040d540       __init_stack_limits_
Module: C:\WATCOM/lib386/nt\clib3r.lib(getenv.c)
0040d5b0       getenv_
Module: C:\WATCOM/lib386/nt\clib3r.lib(ltoa.c)
0040d640       ultoa_
0040d690       ltoa_
Module: C:\WATCOM/lib386/nt\clib3r.lib(nmalloc.c)
0040d6c0       _nmalloc_
0040d6c0       malloc_
00417d00       ___nheapbeg
00417d04       ___MiniHeapRover
00417d08       ___LargestSizeB4MiniHeapRover
Module: C:\WATCOM/lib386/nt\clib3r.lib(__stos)
0040d7c0       __STOSB
0040d7f7*      __STOSD
Module: C:\WATCOM/lib386/nt\clib3r.lib(setjmp)
0040d864       _setjmp_
0040d89d       longjmp_
Module: C:\WATCOM/lib386/nt\clib3r.lib(exit.c)
0040d925+      __null_int23_exit_
0040d926       exit_
0040d976*      _exit_
00417d0c+      ___int23_exit
00417d10+      ___FPE_handler_exit
Module: C:\WATCOM/lib386/nt\clib3r.lib(memmove.c)
0040d990       memmove_
Module: C:\WATCOM/lib386/nt\clib3r.lib(itoa.c)
0040d9f0       utoa_
0040da40       itoa_
Module: C:\WATCOM/lib386/nt\clib3r.lib(fgtattr.c)
0040da70       __fixed_GetFileAttributesA_
Module: C:\WATCOM/lib386/nt\clib3r.lib(dosret.c)
0040db10*      _dosretax_
0040db20*      _dosret0_
0040db30       __set_errno_dos_
0040db60*      __set_errno_dos_reterr_
0040db70       __set_errno_nt_
0040db80*      __set_errno_nt_reterr_
Module: C:\WATCOM/lib386/nt\clib3r.lib(seterrno.c)
0040db94       __set_errno_
0040dba2*      __set_EDOM_
0040dbb0       __set_ERANGE_
0040dbbe*      __set_EINVAL_
0040dbd1       __set_doserrno_
Module: C:\WATCOM/lib386/nt\clib3r.lib(gtcwdwnt.c)
0040dbe0       getcwd_
Module: C:\WATCOM/lib386/nt\clib3r.lib(iomode.c)
0040dc70       __GetIOMode_
0040dc90       __SetIOMode_nogrow_
00417e18       ___NFiles
00417e1c       ___init_mode
00417e6c       ___io_mode
Module: C:\WATCOM/lib386/nt\clib3r.lib(iomodtty.c)
0040dcb0       __ChkTTYIOMode_
0040dcf0       __IOMode_
Module: C:\WATCOM/lib386/nt\clib3r.lib(ntdirinf.c)
0040dd10       __MakeDOSDT_
0040dd40*      __FromDOSDT_
0040dd70*      __GetNTDirInfo_
0040ddb0*      __NTFindNextFileWithAttr_
Module: C:\WATCOM/lib386/nt\clib3r.lib(d2ttime.c)
0040de10       _d2ttime_
Module: C:\WATCOM/lib386/nt\clib3r.lib(strerror.c)
0040e1b0       strerror_
0040e1d0*      _strerror_
0040e2a0*      _doserror_
00417e70+      __sys_errlist
00417f14+      __sys_nerr
Module: C:\WATCOM/lib386/nt\clib3r.lib(_strcmp)
0040e2d0       strcmp_
Module: C:\WATCOM/lib386/nt\clib3r.lib(mbspbrk.c)
0040e410       _mbspbrk_
Module: C:\WATCOM/lib386/nt\clib3r.lib(mbsinc.c)
0040e460       _mbsinc_
Module: C:\WATCOM/lib386/nt\clib3r.lib(tolower.c)
0040e490       tolower_
Module: C:\WATCOM/lib386/nt\clib3r.lib(stiomode.c)
0040e4a0       __grow_iomode_
0040e570+      __shrink_iomode_
0040e5b0       __SetIOMode_
Module: C:\WATCOM/lib386/nt\clib3r.lib(close.c)
0040e620       close_
Module: C:\WATCOM/lib386/nt\clib3r.lib(openwnt.c)
0040e840*      open_
0040e860       sopen_
Module: C:\WATCOM/lib386/nt\clib3r.lib(lseek.c)
0040e890       lseek_
Module: C:\WATCOM/lib386/nt\flib7.lib(poscc.c)
0040e8e0*      __LineFeedWithFormFeed_
0040e8f0       FSetCC_
Module: C:\WATCOM/lib386/nt\clib3r.lib(unlnkwnt.c)
0040e950       unlink_
Module: C:\WATCOM/lib386/nt\clib3r.lib(chsizwnt.c)
0040e9d0       chsize_
Module: C:\WATCOM/lib386/nt\clib3r.lib(read.c)
0040eac0       read_
Module: C:\WATCOM/lib386/nt\flib7.lib(rdutils.c)
0040ec50       NextRec_
Module: C:\WATCOM/lib386/nt\flib7.lib(unfmtutl.c)
0040ed60       _SizeVars
Module: C:\WATCOM/lib386/nt\clib3r.lib(toupper.c)
0040ed70       toupper_
Module: C:\WATCOM/lib386/nt\flib7.lib(chrutils.c)
0040ed80       JmpBlanks_
Module: C:\WATCOM/lib386/nt\flib7.lib(fmtcnvt.c)
0040eda0       FmtS2I_
0040eed0       FmtS2F_
Module: C:\WATCOM/lib386/nt\clib3r.lib(signlwnt.c)
00417f20+      __SignalTable
0040f2a0+      __SetSignalFunc_
0040f2f0+      __GetSignalFunc_
0040f320+      __GetSignalOSCode_
0040f350+      __CheckSignalExCode_
0040f490+      __sigabort_
0040f4a0       __sigfpe_handler_
0040f4f0       signal_
0040f580+      raise_
0040f5f0+      __SigInit_
0040f640+      __SigFini_
0040f680+      __sig_init_
Module: C:\WATCOM/lib386/nt\flib7.lib(fptraps.c)
0040f760*      __MaskDefaultFPE_
0040f780       FPTrapInit_
0040f7b0       FPTrapFini_
Module: C:\WATCOM/lib386/nt\clib3r.lib(trdlist.c)
0040f820       __GetThreadData_
0040f870       __ReallocThreadData_
0040f960       __AddThreadData_
0040f9e0       __RemoveThreadData_
0040fa40       __ResizeThreadDataList_
0040fa70       __FreeThreadDataList_
0040faa0*      __ActiveThreads_
Module: C:\WATCOM/lib386/nt\flib7.lib(errgrp.c)
0040fac0       _GrpCodes
Module: C:\WATCOM/lib386/nt\clib3r.lib(initfile.c)
0040fb80       __InitFiles_
Module: C:\WATCOM/lib386/nt\clib3r.lib(ioexit.c)
0040fc80*      fcloseall_
0040fc90       __full_io_exit_
Module: C:\WATCOM/lib386/nt\clib3r.lib(stackwnt.c)
0040fca0       stackavail_
Module: C:\WATCOM/lib386/nt\clib3r.lib(stk)
0040fcb1*      __CHK
0040fcc1*      __STK
0040fce0       __STKOVERFLOW_
0040fcf0*      __GRO
0040fd10*      __alloca_probe
Module: C:\WATCOM/lib386/nt\flib7.lib(ifile.c)
0040fd30       SendIFBuff_
0040fd60       NextIFBuff_
Module: C:\WATCOM/lib386/nt\flib7.lib(cctrl.c)
0040fd90       CheckCCtrl_
Module: C:\WATCOM/lib386/nt\flib7.lib(undefcg.c)
0040fe90       OutLogCG_
0040fea0       OutIntCG_
0040fee0+      FmtRealCG_
0040ff10+      FmtDoubleCG_
0040ff40+      FmtExtendedCG_
0040ff70+      UndefIntCG_
0040ff70+      UndefLogCG_
0040ff70+      UndefExtendedCG_
0040ff70+      UndefDoubleCG_
0040ff70+      UndefRealCG_
0040ff80+      GetRealCG_
00417f9c       _FmtRealRtn
00417fa0       _FmtDoubleRtn
00417fa4       _FmtExtendedRtn
00417fa8       _SendStrRtn
00417fac       _UndefRealRtn
00417fb0       _UndefDoubleRtn
00417fb4       _UndefExtendedRtn
00417fb8       _UndefLogRtn
00417fbc       _UndefIntRtn
00417fc0       _GetRealRtn
Module: C:\WATCOM/lib386/nt\flib7.lib(rfmtlog.c)
0040ffa0       R_FmtLog_
Module: C:\WATCOM/lib386/nt\flib7.lib(fmtrtns.c)
0040ffd0       R_F2E_
00410140       R_F2F_
004102d0       SetMaxPrec_
Module: C:\WATCOM/lib386/nt\flib7.lib(flt86.c)
004102e0       _P1d100
004102e8       _P1d_99
Module: C:\WATCOM/lib386/nt\flib7.lib(hexcnv.c)
00410300       Hex_
00410320*      HSToB_
00410390       BToHS_
Module: C:\WATCOM/lib386/nt\clib3r.lib(strupr.c)
004103e0       strupr_
Module: C:\WATCOM/lib386/nt\clib3r.lib(cinit.c)
00410400       __CommonInit_
Module: C:\WATCOM/lib386/nt\clib3r.lib(___argc.c)
004198a4       ____Argc
004198a8       ____Argv
Module: C:\WATCOM/lib386/nt\flib7.lib(rtmain.c)
00410410       main_
Module: C:\WATCOM/lib386/nt\clib3r.lib(nrealloc.c)
00410430*      _nrealloc_
00410430       realloc_
Module: C:\WATCOM/lib386/nt\clib3r.lib(setenvp.c)
004104b0       __setenvp_
00410570       __freeenvp_
Module: C:\WATCOM/lib386/nt\clib3r.lib(ustrlen.c)
004105bd       wcslen_
Module: C:\WATCOM/lib386/nt\clib3r.lib(memcpy.c)
004105d0       memcpy_
Module: C:\WATCOM/lib386/nt\clib3r.lib(mem.c)
004105f0       __MemAllocator
004106a0       __MemFree
Module: C:\WATCOM/lib386/nt\clib3r.lib(conutwnt.c)
004107f0*      __NTRealKey_
004108a0*      __NTConsoleInput_
004108b0       __NTConsoleOutput_
Module: C:\WATCOM/lib386/nt\clib3r.lib(fclex387.c)
004108c0       _ClearFPE_
Module: C:\WATCOM/lib386/nt\clib3r.lib(mbterm.c)
004108d0       _mbterm_
Module: C:\WATCOM/lib386/nt\clib3r.lib(mbsnextc.c)
00410910       _mbsnextc_
Module: C:\WATCOM/lib386/nt\clib3r.lib(mbcupper.c)
00410950       _mbctoupper_
Module: C:\WATCOM/lib386/nt\clib3r.lib(alphabet.c)
00417188       ___Alphabet
Module: C:\WATCOM/lib386/nt\clib3r.lib(nmemneed.c)
00410980       __nmemneed_
Module: C:\WATCOM/lib386/nt\clib3r.lib(grownear.c)
00410af0       __ExpandDGROUP_
Module: C:\WATCOM/lib386/nt\clib3r.lib(ljmphdl.c)
00417fcc       ___longjmp_handler
Module: C:\WATCOM/lib386/nt\clib3r.lib(isattwnt.c)
00410b20       isatty_
Module: C:\WATCOM/lib386/nt\clib3r.lib(strncpy.c)
00410b40       strncpy_
Module: C:\WATCOM/lib386/nt\clib3r.lib(mktime.c)
00410b80       mktime_
Module: C:\WATCOM/lib386/nt\clib3r.lib(mbschr.c)
00410c10       _mbschr_
Module: C:\WATCOM/lib386/nt\clib3r.lib(mbisdbcs.c)
004198b0       ___IsDBCS
Module: C:\WATCOM/lib386/nt\clib3r.lib(mbislead.c)
00410c70*      _ismbblead_
004198b4       ___MBCSIsTable
Module: C:\WATCOM/lib386/nt\clib3r.lib(_clsewnt.c)
00410c90       __close_
Module: C:\WATCOM/lib386/nt\clib3r.lib(ntfio.c)
00410cf0*      __GetNTCreateAttr_
00410d30       __GetNTAccessAttr_
00410d60       __GetNTShareAttr_
Module: C:\WATCOM/lib386/nt\clib3r.lib(umaskval.c)
00417fd0       ___umaskval
Module: C:\WATCOM/lib386/nt\clib3r.lib(__lseek.c)
00410dc0       __lseek_
Module: C:\WATCOM/lib386/nt\flib7.lib(intarith.c)
00410e00       AddIOFlo_
00410e10*      SubIOFlo_
00410e20       MulIOFlo_
Module: C:\WATCOM/lib386\math387r.lib(strtod.c)
00411343+      __Strtold_
004114aa       strtod_
Module: C:\WATCOM/lib386/nt\clib3r.lib(abort.c)
00411603*      abort_
00411615       __terminate_
00417fd4       ___abort
Module: C:\WATCOM/lib386/nt\clib3r.lib(cntrl87.c)
00411630       _control87_
Module: C:\WATCOM/lib386/nt\clib3r.lib(mthread.c)
00411810+      __CloseSemaphore_
00411850+      __AccessIOB_
00411860+      __ReleaseIOB_
00411870+      __AccessFileH_
00411880+      __ReleaseFileH_
00411890+      __AccessNHeap_
004118a0+      __ReleaseNHeap_
004118b0+      __AccessFHeap_
004118c0+      __ReleaseFHeap_
004118d0+      __AccessTDList_
004118e0+      __ReleaseTDList_
004118f0+      __AccessFList_
00411900+      __AccessSemaphore_
00411960+      __ReleaseFList_
00411970+      __ReleaseSemaphore_
004119a0+      __MultipleThread_
004119f0+      __AllocInitThreadData_
00411a40*      __FreeInitThreadData_
00411a50       __NTThreadInit_
00411ac0       __NTAddThread_
00411b10       __NTRemoveThread_
00411ba0       __InitMultipleThread_
00417fd8+      ___AccessSema4
00417fdc+      ___ReleaseSema4
00417fe0+      ___CloseSema4
Module: C:\WATCOM/lib386/nt\clib3r.lib(xmsgwnt.c)
00411d60+      __exit_with_msg_
00411dc0       __fatal_runtime_error_
Module: C:\WATCOM/lib386/nt\clib3r.lib(calloc.c)
00411de0       calloc_
Module: C:\WATCOM/lib386/nt\clib3r.lib(register.c)
00411e10       __initthread_
00411e20*      _beginthread_
00411e30       _endthread_
00411e40*      __RegisterThreadData_
Module: C:\WATCOM/lib386/nt\clib3r.lib(fclose.c)
00411e90+      __doclose_
00411f30       __shutdown_stream_
00411f50*      fclose_
0041a124+      ___RmTmpFileFn
Module: C:\WATCOM/lib386/nt\clib3r.lib(freefp.c)
00411fa0       __freefp_
00411ff0       __purgefp_
Module: C:\WATCOM/lib386/nt\flib7.lib(expchk.c)
00412020       ToFFormat_
Module: C:\WATCOM/lib386\math387r.lib(ldcvt.c)
00412147       _LDScale10x_
004126ee       __LDcvt_
Module: C:\WATCOM/lib386/nt\clib3r.lib(argcv.c)
0041a128       __argc
0041a12c       __argv
0041a130       ___argv
0041a134       ___argc
Module: C:\WATCOM/lib386/nt\clib3r.lib(nmsize.c)
00412b40       _nmsize_
00412b40*      _msize_
Module: C:\WATCOM/lib386/nt\clib3r.lib(nexpand.c)
00412b50       _nexpand_
00412b50*      _expand_
00412b90+      __HeapManager_expand_
Module: C:\WATCOM/lib386/nt\clib3r.lib(dofilstr.c)
00412d70       __ParsePosixHandleStr_
Module: C:\WATCOM/lib386/nt\clib3r.lib(clearenv.c)
00412e90       clearenv_
Module: C:\WATCOM/lib386/nt\clib3r.lib(mbconv.c)
00412f20       _mbvtop_
Module: C:\WATCOM/lib386/nt\clib3r.lib(amblksiz.c)
00418098       __amblksiz
Module: C:\WATCOM/lib386/nt\clib3r.lib(heapen.c)
00412f40*      _heapenable_
0041809c       ___heap_enabled
Module: C:\WATCOM/lib386/nt\clib3r.lib(nheapmin.c)
00412f70       _nheapshrink_
00412f70*      _nheapmin_
00412f70*      _heapmin_
00412f70       _heapshrink_
Module: C:\WATCOM/lib386/nt\clib3r.lib(locmktim.c)
00413060       __local_mktime_
Module: C:\WATCOM/lib386/nt\clib3r.lib(gmtime.c)
004131e0       __brktime_
004132e0+      _gmtime_
00413300*      gmtime_
Module: C:\WATCOM/lib386/nt\clib3r.lib(tzset.c)
004180a0       ___start_dst
004180c4       ___end_dst
004181ec*      _tzname
004181f4       _timezone
004181f8       _daylight
004181fc       ___dst_adjust
00413370*      __DontCacheOSTZ_
00413380*      __CacheOSTZ_
00413860+      __parse_tz_
00413c50       tzset_
Module: C:\WATCOM/lib386/nt\clib3r.lib(timeutil.c)
00413dc0       __isindst_
Module: C:\WATCOM/lib386/nt\clib3r.lib(mbclen.c)
004140f0       _mbclen_
Module: C:\WATCOM/lib386/nt\clib3r.lib(mbccmp.c)
00414120       _mbccmp_
Module: C:\WATCOM/lib386/nt\clib3r.lib(mbinit.c)
00414195       __mbinit_
00418204       ___MBCodePage
Module: C:\WATCOM/lib386\math387r.lib(bufld386)
00414284       __ZBuf2LD
Module: C:\WATCOM/lib386\math387r.lib(inf_nan.c)
00414327*      ___f_infinity
0041432b*      ___f_posqnan
0041432f       ___d_infinity
00414337       ___d_posqnan
0041433f*      ___ld_infinity
00414347*      ___ld_posqnan
Module: C:\WATCOM/lib386/nt\clib3r.lib(hugeval.c)
00414350       __HugeValue
Module: C:\WATCOM/lib386/nt\clib3r.lib(trdalloc.c)
00414360       __FiniThreadProcessing_
Module: C:\WATCOM/lib386/nt\clib3r.lib(thredwnt.c)
00414420       __CBeginThread_
004144c0       __CEndThread_
Module: C:\WATCOM/lib386/nt\clib3r.lib(flush.c)
00414500       __flush_
Module: C:\WATCOM/lib386\math387r.lib(ldclass.c)
004145fc       __LDClass_
0041464c*      _FLClass_
Module: C:\WATCOM/lib386/nt\clib3r.lib(initargv.c)
00414660       __Init_Argv_
004146b0+      _getargv_
00414850       __Fini_Argv_
Module: C:\WATCOM/lib386/nt\clib3r.lib(strtol.c)
00414a80*      strtoul_
00414a90       strtol_
Module: C:\WATCOM/lib386/nt\clib3r.lib(putenv.c)
00414aa0       putenv_
00414d30       __putenv_
Module: C:\WATCOM/lib386/nt\clib3r.lib(leapyear.c)
00414ea0       __leapyear_
004171b0       ___diyr
004171ca       ___dilyr
Module: C:\WATCOM/lib386/nt\clib3r.lib(wcstombs.c)
00414ee0       wcstombs_
Module: C:\WATCOM/lib386/nt\clib3r.lib(fsync.c)
00414f80       fsync_
Module: C:\WATCOM/lib386/nt\clib3r.lib(qwrit.c)
00414fd0       __qwrite_
Module: C:\WATCOM/lib386/nt\clib3r.lib(histsplt.c)
0041a13c       ___historical_splitparms
Module: C:\WATCOM/lib386/nt\clib3r.lib(mbslen.c)
004150b0       _mbslen_
Module: C:\WATCOM/lib386/nt\clib3r.lib(mbstowcs.c)
004150e0       mbstowcs_
Module: C:\WATCOM/lib386/nt\clib3r.lib(uputenv.c)
00415160*      _wputenv_
00415380       __wputenv_
Module: C:\WATCOM/lib386/nt\clib3r.lib(wctomb.c)
00415480       wctomb_
Module: C:\WATCOM/lib386/nt\clib3r.lib(mbtowc.c)
004154c0       mbtowc_
Module: C:\WATCOM/lib386/nt\clib3r.lib(ustrchr.c)
00415550       wcschr_
Module: C:\WATCOM/lib386/nt\clib3r.lib(setenvar.c)
00415570       __lib_SetEnvironmentVariableW_
Module: C:\WATCOM/lib386/nt\clib3r.lib(crtwenv.c)
00415660       __create_wide_environment_
Module: C:\WATCOM/lib386/nt\clib3r.lib(utoupper.c)
004156c8       towupper_


                        +----------------------+
                        |   Imported Symbols   |
                        +----------------------+

Symbol                              Module
======                              ======

_MessageBoxA@16                     USER32.DLL
_GetEnvironmentStringsA@0           KERNEL32.DLL
_GetVersion@0                       KERNEL32.DLL
_GetModuleFileNameA@12              KERNEL32.DLL
_GetCommandLineA@0                  KERNEL32.DLL
_GetCommandLineW@0                  KERNEL32.DLL
_FreeEnvironmentStringsA@4          KERNEL32.DLL
_GetModuleHandleA@4                 KERNEL32.DLL
_ExitProcess@4                      KERNEL32.DLL
_RtlUnwind@16                       KERNEL32.DLL
_GetFullPathNameA@16                KERNEL32.DLL
_GetFileType@4                      KERNEL32.DLL
_GetFileInformationByHandle@8       KERNEL32.DLL
_GetFileTime@16                     KERNEL32.DLL
_GetFileSize@8                      KERNEL32.DLL
_CreateFileA@28                     KERNEL32.DLL
_CloseHandle@4                      KERNEL32.DLL
_GetLastError@0                     KERNEL32.DLL
_GetDriveTypeA@4                    KERNEL32.DLL
_FindFirstFileA@8                   KERNEL32.DLL
_FindClose@4                        KERNEL32.DLL
_SetFilePointer@16                  KERNEL32.DLL
_WriteFile@20                       KERNEL32.DLL
_GetCurrentThreadId@0               KERNEL32.DLL
_SetStdHandle@8                     KERNEL32.DLL
_CreateEventA@16                    KERNEL32.DLL
_GetStdHandle@4                     KERNEL32.DLL
_GetModuleFileNameW@12              KERNEL32.DLL
_MultiByteToWideChar@24             KERNEL32.DLL
_LoadLibraryA@4                     KERNEL32.DLL
_GetProcAddress@8                   KERNEL32.DLL
_SetUnhandledExceptionFilter@4      KERNEL32.DLL
_UnhandledExceptionFilter@4         KERNEL32.DLL
_VirtualQuery@12                    KERNEL32.DLL
_GetFileAttributesA@4               KERNEL32.DLL
_GetCurrentDirectoryA@8             KERNEL32.DLL
_FileTimeToLocalFileTime@8          KERNEL32.DLL
_FileTimeToDosDateTime@12           KERNEL32.DLL
_DosDateTimeToFileTime@12           KERNEL32.DLL
_LocalFileTimeToFileTime@8          KERNEL32.DLL
_FindNextFileA@8                    KERNEL32.DLL
_FormatMessageA@28                  KERNEL32.DLL
_DeleteFileA@4                      KERNEL32.DLL
_SetEndOfFile@4                     KERNEL32.DLL
_ReadFile@20                        KERNEL32.DLL
_SetConsoleCtrlHandler@8            KERNEL32.DLL
_TlsGetValue@4                      KERNEL32.DLL
_TlsSetValue@8                      KERNEL32.DLL
_CharUpperA@4                       USER32.DLL
_VirtualAlloc@16                    KERNEL32.DLL
_InitializeCriticalSection@4        KERNEL32.DLL
_DeleteCriticalSection@4            KERNEL32.DLL
_LeaveCriticalSection@4             KERNEL32.DLL
_EnterCriticalSection@4             KERNEL32.DLL
_SetLastError@4                     KERNEL32.DLL
_TlsAlloc@0                         KERNEL32.DLL
_TlsFree@4                          KERNEL32.DLL
_VirtualFree@12                     KERNEL32.DLL
_GetTimeZoneInformation@4           KERNEL32.DLL
_GetACP@0                           KERNEL32.DLL
_GetOEMCP@0                         KERNEL32.DLL
_GetCPInfo@8                        KERNEL32.DLL
_CreateThread@24                    KERNEL32.DLL
_ResumeThread@4                     KERNEL32.DLL
_ExitThread@4                       KERNEL32.DLL
_SetEnvironmentVariableA@8          KERNEL32.DLL
_FlushFileBuffers@4                 KERNEL32.DLL
_WideCharToMultiByte@32             KERNEL32.DLL
_SetEnvironmentVariableW@8          KERNEL32.DLL


                        +--------------------+
                        |   Libraries Used   |
                        +--------------------+

C:\WATCOM/lib386/nt\kernel32.lib
C:\WATCOM/lib386/nt\user32.lib
C:\WATCOM/lib386/nt\flib7.lib
C:\WATCOM/lib386\math387r.lib
C:\WATCOM/lib386/nt\clib3r.lib
C:\WATCOM/lib386/nt\emu387.lib


                        +-----------------------+
                        |   Linker Statistics   |
                        +-----------------------+

Stack size:  00010000 (65536.)
Memory size:  0002815c (164188.)
Entry point address: 00402906
Link time: 00:00.28
