Open Watcom Linker Version 1.9
Portions Copyright (c) 1985-2002 Sybase, Inc. All Rights Reserved.
Created on:       17/02/22 00:52:53
Executable Image: ProjectVP2.exe
creating a Windows NT character-mode executable


                        +------------+
                        |   Groups   |
                        +------------+

Group                           Address              Size
=====                           =======              ====

.idata                          00415000             00000786
DGROUP                          00416000             00013110



                        +--------------+
                        |   Segments   |
                        +--------------+

Segment                Class          Group          Address         Size
=======                =====          =====          =======         ====

BEGTEXT                CODE           AUTO           00401000        00000007
_TEXT                  CODE           AUTO           00401010        00013428
TRANSFER CODE          CODE           AUTO           00414438        0000019e
.idata                 .idata         .idata         00415000        00000786
_NULL                  BEGDATA        DGROUP         00416000        00000004
_AFTERNULL             BEGDATA        DGROUP         00416004        00000000
CONST                  DATA           DGROUP         00416010        000000d0
_DATA                  DATA           DGROUP         004160e0        00000fbc
XIB                    DATA           DGROUP         0041709c        00000000
XI                     DATA           DGROUP         0041709c        0000004e
XIE                    DATA           DGROUP         004170ea        00000000
YIB                    DATA           DGROUP         004170ea        00000000
YI                     DATA           DGROUP         004170ea        00000030
YIE                    DATA           DGROUP         0041711a        00000000
CONST2                 DATA           DGROUP         0041711c        00000000
DATA32                 DATA           DGROUP         0041711c        00000134
TIB                    DATA           DGROUP         00417250        00000000
TI                     DATA           DGROUP         00417250        00000000
TIE                    DATA           DGROUP         00417250        00000000
DATA                   DATA           DGROUP         00417250        00000000
INP                    INP            DGROUP         00418000        00000018
CONST32                CONST          DGROUP         00418018        00000000
_BSS                   BSS            DGROUP         00418020        000010f0
BSS32                  BSS            DGROUP         00419110        00000000
STACK                  STACK          DGROUP         00419110        00010000


                        +----------------+
                        |   Memory Map   |
                        +----------------+

* = unreferenced symbol
+ = symbol only referenced locally

Address        Symbol
=======        ======

Module: file1.obj(C:\Users\ִלטענטי\Documents\ProjectVp\2\file1.for)
00401010       FMAIN
00401098+      CHECKERR
00401112+      COUNTTAN
00418000+      INP
Module: C:\WATCOM/lib386/nt\flib7.lib(coread)
00401263       RT@IORead
00401272*      RT@InpLOG1
00401281*      RT@InpLOG4
00401290*      RT@InpINT1
0040129f*      RT@InpINT2
004012ae*      RT@InpINT4
004012bd       RT@InpREAL
004012cc*      RT@InpDBLE
004012db*      RT@InpXTND
004012ea*      RT@InpCPLX
004012f9*      RT@InpDBCX
00401308*      RT@InpXTCX
00401317*      RT@InpCHAR
0040131c*      RT@InpSTR
00401321*      RT@InpArr
00401326*      RT@InpChArr
Module: C:\WATCOM/lib386/nt\flib7.lib(cortns)
004160f0*      _FRT_SaveESP
00401336*      SwitchToGen
00401354       SwitchToRT
00401372       RdWrCommon
00401416       IOType_
00401434       IOChar
0040144f       IOStr
00401464       IOArr
0040147f       IOChArr
004014a1       RT@EndIO
Module: C:\WATCOM/lib386/nt\flib7.lib(cowrite)
004014ab       RT@IOWrite
004014ba*      RT@OutLOG1
004014cc*      RT@OutLOG4
004014da*      RT@OutINT1
004014ec*      RT@OutINT2
004014fc*      RT@OutINT4
0040150b       RT@OutREAL
0040151b*      RT@OutDBLE
0040152b*      RT@OutXTND
0040153b*      RT@OutCPLX
00401551*      RT@OutDBCX
00401567*      RT@OutXTCX
0040157d       RT@OutCHAR
00401582*      RT@OutSTR
00401587*      RT@PrtArr
0040158c*      RT@PrtChArr
Module: C:\WATCOM/lib386/nt\flib7.lib(pause.c)
004015b0       RT@Pause
00416110*      LG@PAUSE_HOOK
Module: C:\WATCOM/lib386\math387r.lib(fchop87)
004015f4       __CHP
Module: C:\WATCOM/lib386\math387r.lib(trig87)
00401659*      sin_
0040164d*      cos_
0040167a*      tan_
0040160c*      IF@COS
0040160c*      IF@DCOS
00401616*      IF@SIN
00401616*      IF@DSIN
00401665       IF@TAN
00401665*      IF@DTAN
Module: C:\WATCOM/lib386/nt\flib7.lib(setfmt.c)
00401690       RT@SetFmt
Module: C:\WATCOM/lib386/nt\clib3r.lib(cstrtwnt)
004016b0       _cstart_
004016b0*      mainCRTStartup
Module: C:\WATCOM/lib386/nt\clib3r.lib(_8087)
00416120       __8087
00416121       __real87
Module: C:\WATCOM/lib386/nt\emu387.lib(386)
0040170c       __init_387_emulator
0040170d*      __fini_387_emulator
Module: C:\WATCOM/lib386/nt\flib7.lib(initeng.c)
00418020       __init_english
Module: C:\WATCOM/lib386/nt\flib7.lib(initerr.c)
00418024       __init_error
Module: C:\WATCOM/lib386/nt\flib7.lib(exread.c)
00401790       DoRead_
Module: C:\WATCOM/lib386/nt\flib7.lib(setiocb.c)
004017c0       RT@SetIOCB
Module: C:\WATCOM/lib386/nt\flib7.lib(rdata.c)
00418030       _IORslt
00418040       _FmtBuff
00418044*      _Fmt_revert
00418048*      _Fmt_start
0041804c*      _Fmt_paren_level
00418050*      _Fmt_charptr
00418054*      _FmtEmStruct
00418058       _IOTypeRtn
0041805c*      _Fmt_end
00418060*      _Fmt_rep_spec
00418064       _FmtRoutine
00418068       _IOCB
0041806c       _Files
00418070*      _Fmt_delimited
Module: C:\WATCOM/lib386/nt\flib7.lib(iomain.c)
00401850       __ReleaseIOSys_
00401870       IOMain_
Module: C:\WATCOM/lib386/nt\clib3r.lib(crwdata)
00416168       __osmajor
00416169       __osminor
0041616a       __osbuild
0041616c       __osver
00416170       __winmajor
00416174       __winminor
00416178       __winver
00416134       __LpDllName
00416138       __LpwCmdLine
0041613c       __LpwPgmName
00416140       __LpwDllName
0041612c       __LpCmdLine
00416130       __LpPgmName
00416124*      __dynend
00416128       __curbrk
00416144*      __STACKLOW
00416148       __STACKTOP
0041614c       __ASTACKSIZ
00416150       __ASTACKPTR
00416154*      __cbyte
00416158*      __cbyte2
0041615c*      __child
00416162       __Envptr
00416166*      __Envseg
00416160       __no87
0041617c       ___FPE_handler
Module: C:\WATCOM/lib386/nt\flib7.lib(thrdutil.c)
00401a80*      __InitMultiThreadIO_
00416184       ___SwitchStkLow
Module: C:\WATCOM/lib386/nt\flib7.lib(exwrite.c)
00401b00       DoWrite_
Module: C:\WATCOM/lib386/nt\flib7.lib(rtinit.c)
00416188       ___FAppType
0041618c       __ExceptionInit
00416190       __ExceptionFini
00401b40*      __InitFThreadData_
00401b80+      RTSysFini_
00401b90       RTSysInit_
00416198       __AccessFIO
0041619c       __ReleaseFIO
004161a0       __PartialReleaseFIO
00418078       ___FThreadDataOffset
004170ba*      ___fthread_data_size
Module: C:\WATCOM/lib386/nt\flib7.lib(rtsysutl.c)
00401bf0       GetSysIOInfo_
00401c10       GetSysFileInfo_
00401c40*      IsDevice_
00401e10       OpenAction_
00401e50*      DfltRecType_
00401e70+      _FileAttrs_
00401f30       CloseFile_
00401fa0       Scrtched_
00401fc0*      CloseDeleteFile_
00402010       Errf_
00402030       FPutBuff_
004020a0       FGetBuff_
004020f0       SeekFile_
00402110       NoEOF_
00402120       SysClearEOF_
00402130*      SameFile_
00402140*      Rewindf_
00402160*      SysCreateFile_
004021a0       CheckLogicalRecord_
004021c0       SkipLogicalRecord_
004021e0*      BackSpacef_
00402210*      EndFilef_
00402250       GetIOErrMsg_
00402290       ReportNExist_
004022b0       ReportEOF_
004022c0       WaitForEnter_
Module: C:\WATCOM/lib386/nt\flib7.lib(rterr.c)
004161a4+      _TraceRoutine
004022f0       FlushStdUnit_
00402340+      WriteErr_
00402410       ErrHandler_
00402450       RTErr_
004161b0+      LG@ERR_HOOK
Module: C:\WATCOM/lib386/nt\flib7.lib(stdio.c)
00402490       StdBuffer_
004024b0       StdWrite_
00402590       StdFlush_
004025c0       StdWriteNL_
Module: C:\WATCOM/lib386/nt\clib3r.lib(chipvar)
004165bc       ___chipbug
004165bc       __chipbug
Module: C:\WATCOM/lib386/nt\clib3r.lib(chipt32.asm)
004025e8       __fptan_chk
Module: C:\WATCOM/lib386/nt\flib7.lib(rfmtexec.c)
00402fd0       R_FExec_
Module: C:\WATCOM/lib386/nt\clib3r.lib(main2wnt.c)
00403000       __NTMain
Module: C:\WATCOM/lib386/nt\clib3r.lib(segdefns)
00401003       ___begtext
00416000*      __nullarea
0041709c       __Start_XI
004170ea       __End_XI
004170ea       __Start_YI
0041711a       __End_YI
Module: C:\WATCOM/lib386/nt\clib3r.lib(chk8087.c)
00403080*      _fpreset_
004030c0       __chk8087_
004030d0*      __init_8087_
Module: C:\WATCOM/lib386/nt\flib7.lib(english.c)
00403120       __UseEnglishCharSet_
Module: C:\WATCOM/lib386/nt\flib7.lib(errincl.c)
00403230       __InitError_
004165c0+      _PGroupTable
004165c4+      _PErrWord
Module: C:\WATCOM/lib386/nt\flib7.lib(rdwr.c)
00403250+      DoOpen_
00403280+      _AllocBuffer_
004032c0       IOPrologue_
00403500       UpdateRecNum_
Module: C:\WATCOM/lib386/nt\flib7.lib(unfmtin.c)
00403540       UnFmtIn_
004035e0+      NextUnFmtRec_
Module: C:\WATCOM/lib386/nt\flib7.lib(freein.c)
004039c0+      GetNum_
00403bc0       FreeIn_
00403bd0*      DoFreeIn_
00403c00+      BumpComma_
00403c30+      Blanks_
00403c50+      CheckEor_
Module: C:\WATCOM/lib386/nt\flib7.lib(rtutls.c)
00404280       FindFtnFile_
00404370       RChkAlloc_
004043a0       F_Connect_
00404420       ConnectFile_
00404430*      GetFileInfo_
00404520       DiscoFile_
00404590*      ChkFileName_
004045c0+      ChkLogFile_
00404600       ChkIOOperation_
00404640       GetIOErr_
00404650       ChkIOErr_
00404670       ChkUnitId_
004046b0*      ChkConnected_
004046d0       SetEOF_
00404700       ClearEOF_
00404740       SysEOF_
00404770       IsFixed_
00404780       IsCarriage_
00404790*      ChkRecordStructure_
004047c0*      ChkSequential_
004047e0*      ChkExist_
00404810*      StrItem_
Module: C:\WATCOM/lib386/nt\clib3r.lib(mainwnt.c)
004165c8       ___TlsIndex
004165cc       ___FirstThreadData
004165d0       ___GetThreadPtr
004165d4       __AccessFileH
004165d8       __ReleaseFileH
004165dc       __AccessIOB
004165e0       __ReleaseIOB
004165e4       __AccessNHeap
004165e8       __AccessFHeap
004165ec       __ReleaseNHeap
00404850*      __threadid_
00404870+      __sig_null_rtn_
00404880+      __NTInit_
00404a60+      __NTFini_
00404ac0       __NTMainInit_
00404b20       __exit_
004165f0       __ReleaseFHeap
004165f4       __AccessTDList
004165f8       __ReleaseTDList
004165fc       __AccessFList
00416600       __ReleaseFList
00416604       __ThreadExitRtn
00416608       ___sig_init_rtn
0041660c       ___sig_fini_rtn
00416610       ___process_fini
00418088       ___Is_DLL
Module: C:\WATCOM/lib386/nt\flib7.lib(ioinit.c)
00404b80       IOSysInit_
Module: C:\WATCOM/lib386/nt\flib7.lib(spawn.c)
00404bb0       Spawn_
00404c10       Suicide_
Module: C:\WATCOM/lib386/nt\flib7.lib(unfmtout.c)
00404d30       UnFmtOut_
Module: C:\WATCOM/lib386/nt\flib7.lib(freeout.c)
00405180       FreeOut_
00416618+      _OutRtn
Module: C:\WATCOM/lib386/nt\flib7.lib(rttraps.c)
00405350       __EnableF77RTExceptionHandling_
00405360       R_TrapInit_
004053f0       R_TrapFini_
00405400*      __InitExceptionVectors_
Module: C:\WATCOM/lib386/nt\flib7.lib(errrtns.c)
004186a4       ___ErrorFini
004186a8       ___ErrorInit
004186ac       ___BldErrMsg
Module: C:\WATCOM/lib386/nt\clib3r.lib(nodefwin.c)
0041664c*      __WindowsIsWindowedHandle
00416650*      __WindowsRemoveWindowedHandle
00416654*      __WindowsNewWindow
00416658*      __WindowsCloseWindow
0041665c*      __WindowsSetAbout
00416660*      __WindowsSetAppTitle
00416664*      __WindowsSetConTitle
00416668*      __WindowsDestroyOnClose
0041666c*      __WindowsYieldControl
00416670*      __WindowsShutDown
00416674*      __WindowsStdin
00416678       __WindowsStdout
0041667c*      __WindowsKbhit
00416680*      __WindowsGetch
00416684*      __WindowsGetche
00416688*      __WindowsPutch
00405420*      _dwShutDown_
00405420*      _dwYield_
00405420*      _dwSetConTitle_
00405420*      _dwSetAppTitle_
00405420*      _dwSetAboutDlg_
00405420       _dwDeleteOnClose_
0041668c*      __WindowsExitRtn
004186b0*      __init_default_win
Module: C:\WATCOM/lib386/nt\clib3r.lib(atexit.c)
00405423       atexit_
Module: C:\WATCOM/lib386/nt\clib3r.lib(regdata.c)
00405480       __RegisterThreadDataSize_
Module: C:\WATCOM/lib386/nt\clib3r.lib(accsswnt.c)
004054b0       access_
Module: C:\WATCOM/lib386/nt\clib3r.lib(fullpath.c)
004054f0+      _sys_fullpath_
00405570       _fullpath_
Module: C:\WATCOM/lib386/nt\flib7.lib(rmemmgr.c)
004055e0       RMemAlloc_
004055f0       RMemFree_
Module: C:\WATCOM/lib386/nt\clib3r.lib(fstatwnt.c)
00405600       fstat_
Module: C:\WATCOM/lib386/nt\flib7.lib(poserr.c)
00405960       Errorf_
00405980*      EOFile_
004059a0       ErrorMsg_
004059e0       FSetTrunc_
004059f0       FSetSysErr_
00405a10       FSetErr_
00405a30       FSetEof_
00405a50       IOOk_
Module: C:\WATCOM/lib386/nt\flib7.lib(ioerr.c)
00405aa0       IOErr_
Module: C:\WATCOM/lib386/nt\clib3r.lib(statwnt.c)
00405c37       stat_
Module: C:\WATCOM/lib386/nt\flib7.lib(posopen.c)
00405e70       InitStd_
00405f30       SetIOBufferSize_
00405f50+      _AllocFile_
00406040       Openf_
00406130       Closef_
Module: C:\WATCOM/lib386/nt\flib7.lib(posdat.c)
00416878       _FStdIn
0041687c       _FStdOut
00416880       _FStdErr
Module: C:\WATCOM/lib386/nt\flib7.lib(posflush.c)
004061b0       FlushBuffer_
Module: C:\WATCOM/lib386/nt\flib7.lib(posdel.c)
00406260       Scratchf_
Module: C:\WATCOM/lib386/nt\flib7.lib(posput.c)
00406280       FPutRec_
004062c0       ChopFile_
00406310*      PutRec_
00406430       writebytes_
004064b0       SysWrite_
Module: C:\WATCOM/lib386/nt\flib7.lib(posget.c)
004065f0       readbytes_
004066c0       SysRead_
00406b30       FGetRec_
00406b60*      GetRec_
00406b80       GetStdChar_
00406bd0       FCheckLogical_
00406c50       FSkipLogical_
00406d20*      FGetVarRecLen_
Module: C:\WATCOM/lib386/nt\flib7.lib(posseek.c)
00406e10       FSeekRec_
00406e50       CurrFileOffset_
00406e50       FGetFilePos_
00406e70       SysSeek_
00407060*      FSeekAbs_
Module: C:\WATCOM/lib386/nt\clib3r.lib(stricmp.c)
00407070       stricmp_
Module: C:\WATCOM/lib386/nt\flib7.lib(posrew.c)
004070b0       FRewind_
Module: C:\WATCOM/lib386/nt\flib7.lib(posback.c)
00407120       FBackspace_
Module: C:\WATCOM/lib386/nt\flib7.lib(postrunc.c)
00407200       FTruncate_
Module: C:\WATCOM/lib386/nt\clib3r.lib(errno.c)
00407220       __get_errno_ptr_
00407230*      __get_doserrno_ptr_
Module: C:\WATCOM/lib386/nt\flib7.lib(errutil.c)
00407240       BldErrCode_
004072a0*      MsgFormat_
004072d0*      MsgBuffer_
00416884+      _PGrpCodes
Module: C:\WATCOM/lib386/nt\clib3r.lib(enterdb.c)
00407300       __EnterWVIDEO_
00416888       ___WD_Present
Module: C:\WATCOM/lib386/nt\clib3r.lib(iob.c)
0041688c       ___iob
00416a94       __fmode
00418738       ___OpenStreams
0041873c       ___ClosedStreams
Module: C:\WATCOM/lib386/nt\clib3r.lib(setmd.c)
00407330       setmode_
Module: C:\WATCOM/lib386/nt\clib3r.lib(write.c)
00407670       write_
Module: C:\WATCOM/lib386/nt\clib3r.lib(chipbug.c)
004078d0       __verify_pentium_fdiv_bug_
Module: C:\WATCOM/lib386/nt\flib7.lib(wrutils.c)
00407930       F_SendData_
00407990*      SendLine_
004079a0       SendEOR_
00407a30*      SendInt_
00407a60       SendStr_
00407a80+      SendWSLStr_
00407aa0       SendChar_
00407ac0       Drop_
00407c80       IOItemResult_
Module: C:\WATCOM/lib386/nt\flib7.lib(rfmtutil.c)
00407d30       R_ChkType_
00407d60       R_NewRec_
00407da0       R_ChkIType_
00407dd0       R_ChkFType_
00407e00       R_ChkRecLen_
00407e20+      GetLen_
00407e60       R_FOStr_
00407e70*      FOString_
00407ee0       R_FIStr_
00407fa0       R_FOLog_
00407ff0       R_FILog_
004080d0       R_FIFloat_
004082c0       GetReal_
004083d0       R_FOF_
00408450       R_FOE_
00408590+      FmtH2B_
00408680       R_FIHex_
00408800       R_FOHex_
00408810*      FOHex_
00408910       R_FIInt_
00408a20       R_FOInt_
00408c80       R_FOG_
00408f00+      ChkBuffLen_
Module: C:\WATCOM/lib386/nt\flib7.lib(arrayio.c)
00408fc0       ArrayIOType_
Module: C:\WATCOM/lib386/nt\clib3r.lib(initrtns.c)
00409050       __InitRtns
004090a0       __FiniRtns
Module: C:\WATCOM/lib386/nt\clib3r.lib(mthrdini.c)
00409100       __InitThreadData_
00416a98       ___ThreadDataSize
Module: C:\WATCOM/lib386/nt\clib3r.lib(memset.c)
00409130       memset_
Module: C:\WATCOM/lib386/nt\clib3r.lib(cmain386.c)
00409150       __CMain
Module: C:\WATCOM/lib386/nt\clib3r.lib(dosseg)
00001234       __DOSseg__
Module: C:\WATCOM/lib386/nt\clib3r.lib(8087cw.c)
00416a9c       __8087cw
Module: C:\WATCOM/lib386/nt\clib3r.lib(save8087.c)
00416aa0       ___Save8087
00416aa4       ___Rest8087
Module: C:\WATCOM/lib386/nt\clib3r.lib(init8087)
00409194       __x87id
Module: C:\WATCOM/lib386/nt\flib7.lib(csetinfo.c)
00418740       _CharSetInfo
Module: C:\WATCOM/lib386/nt\flib7.lib(errmsg.c)
00409500       _GroupTable
004095b0       _ErrWord
Module: C:\WATCOM/lib386/nt\flib7.lib(blderr.c)
00409c60       Substitute_
00409e20       ErrCodOrg_
Module: C:\WATCOM/lib386/nt\flib7.lib(sdfile.c)
00416aa8*      _FFCtrlSeq
00416aaa*      _SkipCtrlSeq
00416aac       _NormalCtrlSeq
00416aae       _SDTermIn
00416ab2       _SDTermOut
00416ab6*      _SDPrtName
Module: C:\WATCOM/lib386/nt\flib7.lib(rdutils.c)
00409e30       NextRec_
Module: C:\WATCOM/lib386/nt\flib7.lib(unfmtutl.c)
00409f40       _SizeVars
Module: C:\WATCOM/lib386/nt\clib3r.lib(istable.c)
00409f50       __IsTable
Module: C:\WATCOM/lib386/nt\clib3r.lib(toupper.c)
0040a060       toupper_
Module: C:\WATCOM/lib386/nt\flib7.lib(chrutils.c)
0040a070       JmpBlanks_
Module: C:\WATCOM/lib386/nt\flib7.lib(fmtcnvt.c)
0040a090       FmtS2I_
0040a1c0       FmtS2F_
Module: C:\WATCOM/lib386/nt\flib7.lib(fdutil.c)
0040a590       LocFile_
0040a5a0       LocUnit_
0040a5d0       ExtractInfo_
Module: C:\WATCOM/lib386/nt\flib7.lib(rstdio.c)
0040a700       _InitStandardInput_
0040a730       _InitStandardOutput_
Module: C:\WATCOM/lib386/nt\flib7.lib(deffname.c)
00416abc       _DefFName
Module: C:\WATCOM/lib386/nt\flib7.lib(stracc.c)
0040a760       TrimStr_
0040a7a0       GetStr_
Module: C:\WATCOM/lib386/nt\clib3r.lib(hdlman.c)
00416ac4+      ___NHandles
00416ac8+      ___OSHandles
00416acc+      ___FakeHandles
0040a7d0+      __growPOSIXHandles_
0040a870       __allocPOSIXHandle_
0040a930       __freePOSIXHandle_
0040a950       __getOSHandle_
0040a960       __setOSHandle_
0040a9b0+      __NTGetFakeHandle_
0040aa20       __initPOSIXHandles_
0040ab00*      __set_handles_
0040ab10*      _grow_handles_
Module: C:\WATCOM/lib386/nt\clib3r.lib(environ.c)
00418754       ___env_mask
00418758       _environ
0041875c       __wenviron
Module: C:\WATCOM/lib386/nt\clib3r.lib(getmodfn.c)
0040ab50       __lib_GetModuleFileNameW_
Module: C:\WATCOM/lib386/nt\clib3r.lib(strdup.c)
0040abf0       __clib_strdup_
Module: C:\WATCOM/lib386/nt\clib3r.lib(ustrdup.c)
0040ac30       __clib_wcsdup_
Module: C:\WATCOM/lib386/nt\clib3r.lib(nfree.c)
0040ac60       _nfree_
0040ac60       free_
00418760       ___MiniHeapFreeRover
Module: C:\WATCOM/lib386/nt\clib3r.lib(excptwnt.c)
0040b3d0+      ___ReportException@4
0040b820       __DefaultExceptionHandler_
0040b860+      ___ExceptionFilter
0040ba70       __NewExceptionFilter_
0040baa0       __DoneExceptionFilter_
00416ad8       ___oscode_check_func
00416adc       ___raise_func
00418764*      _sw
00418768       ___ExceptionHandled
00418769+      ___ReportInvoked
Module: C:\WATCOM/lib386/nt\clib3r.lib(stklmwnt.c)
0040bae0       __init_stack_limits_
Module: C:\WATCOM/lib386/nt\flib7.lib(runmain.c)
0040bb50*      __InitUnit6CC_
0040bb60       __DevicesCC_
0040bb70*      __InitAllowCommaSeparator_
0040bb80       __AllowCommaSep_
0040bb90+      _InitIO_
0040bc00+      CloseAllFiles_
0040bc40*      _FiniEx_
0040bc40       RunExit_
0040bc80       RunEntry_
Module: C:\WATCOM/lib386/nt\clib3r.lib(setjmp)
0040bcb0       _setjmp_
0040bce9       longjmp_
Module: C:\WATCOM/lib386/nt\clib3r.lib(exit.c)
0040bd71+      __null_int23_exit_
0040bd72       exit_
0040bdc2*      _exit_
00416af8+      ___int23_exit
00416afc+      ___FPE_handler_exit
Module: C:\WATCOM/lib386/nt\flib7.lib(undefcg.c)
0040be70       OutLogCG_
0040be80       OutIntCG_
0040bec0+      FmtRealCG_
0040bef0+      FmtDoubleCG_
0040bf20+      FmtExtendedCG_
0040bf50+      UndefIntCG_
0040bf50+      UndefLogCG_
0040bf50+      UndefExtendedCG_
0040bf50+      UndefDoubleCG_
0040bf50+      UndefRealCG_
0040bf60+      GetRealCG_
00416b00       _FmtRealRtn
00416b04       _FmtDoubleRtn
00416b08       _FmtExtendedRtn
00416b0c       _SendStrRtn
00416b10       _UndefRealRtn
00416b14       _UndefDoubleRtn
00416b18       _UndefExtendedRtn
00416b1c       _UndefLogRtn
00416b20       _UndefIntRtn
00416b24       _GetRealRtn
Module: C:\WATCOM/lib386/nt\flib7.lib(cctrl.c)
0040bf70       CheckCCtrl_
Module: C:\WATCOM/lib386/nt\clib3r.lib(signlwnt.c)
00416b28+      __SignalTable
0040bfe0+      __SetSignalFunc_
0040c030+      __GetSignalFunc_
0040c060+      __GetSignalOSCode_
0040c090+      __CheckSignalExCode_
0040c1d0+      __sigabort_
0040c1e0       __sigfpe_handler_
0040c230       signal_
0040c2c0+      raise_
0040c330+      __SigInit_
0040c380+      __SigFini_
0040c3c0+      __sig_init_
Module: C:\WATCOM/lib386/nt\flib7.lib(fptraps.c)
0040c4a0*      __MaskDefaultFPE_
0040c4c0       FPTrapInit_
0040c4f0       FPTrapFini_
Module: C:\WATCOM/lib386/nt\clib3r.lib(trdlist.c)
0040c560       __GetThreadData_
0040c5b0       __ReallocThreadData_
0040c6a0       __AddThreadData_
0040c720       __RemoveThreadData_
0040c780       __ResizeThreadDataList_
0040c7b0       __FreeThreadDataList_
0040c7e0*      __ActiveThreads_
Module: C:\WATCOM/lib386/nt\clib3r.lib(fgtattr.c)
0040c800       __fixed_GetFileAttributesA_
Module: C:\WATCOM/lib386/nt\clib3r.lib(dosret.c)
0040c8a0*      _dosretax_
0040c8b0*      _dosret0_
0040c8c0       __set_errno_dos_
0040c8f0*      __set_errno_dos_reterr_
0040c900       __set_errno_nt_
0040c910*      __set_errno_nt_reterr_
Module: C:\WATCOM/lib386/nt\clib3r.lib(seterrno.c)
0040c924       __set_errno_
0040c932*      __set_EDOM_
0040c940       __set_ERANGE_
0040c94e*      __set_EINVAL_
0040c961       __set_doserrno_
Module: C:\WATCOM/lib386/nt\clib3r.lib(gtcwdwnt.c)
0040c970       getcwd_
Module: C:\WATCOM/lib386/nt\clib3r.lib(nmalloc.c)
0040ca00       _nmalloc_
0040ca00       malloc_
00416c98       ___nheapbeg
00416c9c       ___MiniHeapRover
00416ca0       ___LargestSizeB4MiniHeapRover
Module: C:\WATCOM/lib386/nt\clib3r.lib(iomode.c)
0040cb00       __GetIOMode_
0040cb20       __SetIOMode_nogrow_
00416ca4       ___NFiles
00416ca8       ___init_mode
00416cf8       ___io_mode
Module: C:\WATCOM/lib386/nt\clib3r.lib(iomodtty.c)
0040cb40       __ChkTTYIOMode_
0040cb80       __IOMode_
Module: C:\WATCOM/lib386/nt\clib3r.lib(ntdirinf.c)
0040cba0       __MakeDOSDT_
0040cbd0*      __FromDOSDT_
0040cc00*      __GetNTDirInfo_
0040cc40*      __NTFindNextFileWithAttr_
Module: C:\WATCOM/lib386/nt\clib3r.lib(d2ttime.c)
0040cca0       _d2ttime_
Module: C:\WATCOM/lib386/nt\clib3r.lib(strerror.c)
0040d040       strerror_
0040d060*      _strerror_
0040d130*      _doserror_
00416cfc+      __sys_errlist
00416da0+      __sys_nerr
Module: C:\WATCOM/lib386/nt\clib3r.lib(_strcmp)
0040d160       strcmp_
Module: C:\WATCOM/lib386/nt\clib3r.lib(mbspbrk.c)
0040d2a0       _mbspbrk_
Module: C:\WATCOM/lib386/nt\clib3r.lib(mbsinc.c)
0040d2f0       _mbsinc_
Module: C:\WATCOM/lib386/nt\clib3r.lib(tolower.c)
0040d320       tolower_
Module: C:\WATCOM/lib386/nt\clib3r.lib(stiomode.c)
0040d330       __grow_iomode_
0040d400+      __shrink_iomode_
0040d440       __SetIOMode_
Module: C:\WATCOM/lib386/nt\clib3r.lib(close.c)
0040d4b0       close_
Module: C:\WATCOM/lib386/nt\clib3r.lib(openwnt.c)
0040d6d0*      open_
0040d6f0       sopen_
Module: C:\WATCOM/lib386/nt\clib3r.lib(lseek.c)
0040d720       lseek_
Module: C:\WATCOM/lib386/nt\flib7.lib(poscc.c)
0040d770*      __LineFeedWithFormFeed_
0040d780       FSetCC_
Module: C:\WATCOM/lib386/nt\clib3r.lib(unlnkwnt.c)
0040d7e0       unlink_
Module: C:\WATCOM/lib386/nt\clib3r.lib(chsizwnt.c)
0040d860       chsize_
Module: C:\WATCOM/lib386/nt\clib3r.lib(read.c)
0040d950       read_
Module: C:\WATCOM/lib386/nt\flib7.lib(errgrp.c)
0040dae0       _GrpCodes
Module: C:\WATCOM/lib386/nt\clib3r.lib(initfile.c)
0040dba0       __InitFiles_
Module: C:\WATCOM/lib386/nt\clib3r.lib(ioexit.c)
0040dca0*      fcloseall_
0040dcb0       __full_io_exit_
Module: C:\WATCOM/lib386/nt\clib3r.lib(stackwnt.c)
0040dcc0       stackavail_
Module: C:\WATCOM/lib386/nt\clib3r.lib(stk)
0040dcd1*      __CHK
0040dce1*      __STK
0040dd00       __STKOVERFLOW_
0040dd10*      __GRO
0040dd30*      __alloca_probe
Module: C:\WATCOM/lib386/nt\flib7.lib(ifile.c)
0040dd50       SendIFBuff_
0040dd80       NextIFBuff_
Module: C:\WATCOM/lib386/nt\clib3r.lib(ltoa.c)
0040ddb0       ultoa_
0040de00       ltoa_
Module: C:\WATCOM/lib386/nt\flib7.lib(rfmtlog.c)
0040de40       R_FmtLog_
Module: C:\WATCOM/lib386/nt\flib7.lib(fmtrtns.c)
0040de70       R_F2E_
0040dfe0       R_F2F_
0040e170       SetMaxPrec_
Module: C:\WATCOM/lib386/nt\flib7.lib(flt86.c)
0040e180       _P1d100
0040e188       _P1d_99
Module: C:\WATCOM/lib386\math387r.lib(pow87)
0040e2e9*      pow_
0040e190       IF@DPOW
0040e190*      IF@POW
Module: C:\WATCOM/lib386/nt\flib7.lib(hexcnv.c)
0040e310       Hex_
0040e330*      HSToB_
0040e3a0       BToHS_
Module: C:\WATCOM/lib386/nt\clib3r.lib(strupr.c)
0040e3f0       strupr_
Module: C:\WATCOM/lib386/nt\clib3r.lib(__stos)
0040e410       __STOSB
0040e447*      __STOSD
Module: C:\WATCOM/lib386/nt\clib3r.lib(cinit.c)
0040e4c0       __CommonInit_
Module: C:\WATCOM/lib386/nt\clib3r.lib(___argc.c)
00418874       ____Argc
00418878       ____Argv
Module: C:\WATCOM/lib386/nt\flib7.lib(rtmain.c)
0040e4d0       main_
Module: C:\WATCOM/lib386/nt\clib3r.lib(memmove.c)
0040e4f0       memmove_
Module: C:\WATCOM/lib386/nt\clib3r.lib(itoa.c)
0040e550       utoa_
0040e5a0       itoa_
Module: C:\WATCOM/lib386/nt\flib7.lib(intarith.c)
0040e5d0       AddIOFlo_
0040e5e0*      SubIOFlo_
0040e5f0       MulIOFlo_
Module: C:\WATCOM/lib386\math387r.lib(strtod.c)
0040eb13+      __Strtold_
0040ec7a       strtod_
Module: C:\WATCOM/lib386/nt\clib3r.lib(getenv.c)
0040edc0       getenv_
Module: C:\WATCOM/lib386/nt\clib3r.lib(nrealloc.c)
0040ee50*      _nrealloc_
0040ee50       realloc_
Module: C:\WATCOM/lib386/nt\clib3r.lib(setenvp.c)
0040eed0       __setenvp_
0040ef90       __freeenvp_
Module: C:\WATCOM/lib386/nt\clib3r.lib(ustrlen.c)
0040efdd       wcslen_
Module: C:\WATCOM/lib386/nt\clib3r.lib(memcpy.c)
0040eff0       memcpy_
Module: C:\WATCOM/lib386/nt\clib3r.lib(mem.c)
0040f010       __MemAllocator
0040f0c0       __MemFree
Module: C:\WATCOM/lib386/nt\clib3r.lib(conutwnt.c)
0040f210*      __NTRealKey_
0040f2c0*      __NTConsoleInput_
0040f2d0       __NTConsoleOutput_
Module: C:\WATCOM/lib386/nt\clib3r.lib(fclex387.c)
0040f2e0       _ClearFPE_
Module: C:\WATCOM/lib386/nt\clib3r.lib(ljmphdl.c)
00416dc4       ___longjmp_handler
Module: C:\WATCOM/lib386/nt\flib7.lib(expchk.c)
0040f300       ToFFormat_
Module: C:\WATCOM/lib386/nt\clib3r.lib(abort.c)
0040f35d*      abort_
0040f36f       __terminate_
00416dc8       ___abort
Module: C:\WATCOM/lib386/nt\clib3r.lib(cntrl87.c)
0040f390       _control87_
Module: C:\WATCOM/lib386/nt\clib3r.lib(mthread.c)
0040f570+      __CloseSemaphore_
0040f5b0+      __AccessIOB_
0040f5c0+      __ReleaseIOB_
0040f5d0+      __AccessFileH_
0040f5e0+      __ReleaseFileH_
0040f5f0+      __AccessNHeap_
0040f600+      __ReleaseNHeap_
0040f610+      __AccessFHeap_
0040f620+      __ReleaseFHeap_
0040f630+      __AccessTDList_
0040f640+      __ReleaseTDList_
0040f650+      __AccessFList_
0040f660+      __AccessSemaphore_
0040f6c0+      __ReleaseFList_
0040f6d0+      __ReleaseSemaphore_
0040f700+      __MultipleThread_
0040f750+      __AllocInitThreadData_
0040f7a0*      __FreeInitThreadData_
0040f7b0       __NTThreadInit_
0040f820       __NTAddThread_
0040f870       __NTRemoveThread_
0040f900       __InitMultipleThread_
00416dcc+      ___AccessSema4
00416dd0+      ___ReleaseSema4
00416dd4+      ___CloseSema4
Module: C:\WATCOM/lib386/nt\clib3r.lib(xmsgwnt.c)
0040fac0+      __exit_with_msg_
0040fb20       __fatal_runtime_error_
Module: C:\WATCOM/lib386/nt\clib3r.lib(calloc.c)
0040fb40       calloc_
Module: C:\WATCOM/lib386/nt\clib3r.lib(register.c)
0040fb70       __initthread_
0040fb80*      _beginthread_
0040fb90       _endthread_
0040fba0*      __RegisterThreadData_
Module: C:\WATCOM/lib386/nt\clib3r.lib(nmemneed.c)
0040fbf0       __nmemneed_
Module: C:\WATCOM/lib386/nt\clib3r.lib(grownear.c)
0040fd60       __ExpandDGROUP_
Module: C:\WATCOM/lib386/nt\clib3r.lib(isattwnt.c)
0040fd80       isatty_
Module: C:\WATCOM/lib386/nt\clib3r.lib(strncpy.c)
0040fda0       strncpy_
Module: C:\WATCOM/lib386/nt\clib3r.lib(mktime.c)
0040fde0       mktime_
Module: C:\WATCOM/lib386/nt\clib3r.lib(mbterm.c)
0040fe70       _mbterm_
Module: C:\WATCOM/lib386/nt\clib3r.lib(mbsnextc.c)
0040feb0       _mbsnextc_
Module: C:\WATCOM/lib386/nt\clib3r.lib(mbschr.c)
0040fef0       _mbschr_
Module: C:\WATCOM/lib386/nt\clib3r.lib(mbisdbcs.c)
00418fec       ___IsDBCS
Module: C:\WATCOM/lib386/nt\clib3r.lib(mbislead.c)
0040ff50*      _ismbblead_
00418ff0       ___MBCSIsTable
Module: C:\WATCOM/lib386/nt\clib3r.lib(_clsewnt.c)
0040ff70       __close_
Module: C:\WATCOM/lib386/nt\clib3r.lib(ntfio.c)
0040ffd0*      __GetNTCreateAttr_
00410010       __GetNTAccessAttr_
00410040       __GetNTShareAttr_
Module: C:\WATCOM/lib386/nt\clib3r.lib(umaskval.c)
00416de4       ___umaskval
Module: C:\WATCOM/lib386/nt\clib3r.lib(__lseek.c)
004100a0       __lseek_
Module: C:\WATCOM/lib386/nt\clib3r.lib(fclose.c)
004100e0+      __doclose_
00410180       __shutdown_stream_
004101a0*      fclose_
004190f4+      ___RmTmpFileFn
Module: C:\WATCOM/lib386/nt\clib3r.lib(freefp.c)
004101f0       __freefp_
00410240       __purgefp_
Module: C:\WATCOM/lib386/nt\clib3r.lib(alphabet.c)
00416084       ___Alphabet
Module: C:\WATCOM/lib386\math387r.lib(ldcvt.c)
0041034f       _LDScale10x_
004108f6       __LDcvt_
Module: C:\WATCOM/lib386\math387r.lib(pow87e.c)
00410d43       __pow87_err_
Module: C:\WATCOM/lib386\math387r.lib(exp87)
00410e33*      exp_
00410dcc*      __@DEXP1
00410dd4*      IF@EXP
00410dd4*      IF@DEXP
00410dd6       __@DEXP
Module: C:\WATCOM/lib386/nt\clib3r.lib(chipd32.asm)
00410f57       __fdiv_fpr
00411419*      __fdiv_chk
0041142c*      __fdiv_m32
00411479*      __fdiv_m64
004114c6*      __fdiv_m32r
00411513*      __fdiv_m64r
Module: C:\WATCOM/lib386/nt\clib3r.lib(argcv.c)
004190f8       __argc
004190fc       __argv
00419100       ___argv
00419104       ___argc
Module: C:\WATCOM/lib386\math387r.lib(bufld386)
00411560       __ZBuf2LD
Module: C:\WATCOM/lib386\math387r.lib(inf_nan.c)
00411603*      ___f_infinity
00411607*      ___f_posqnan
0041160b       ___d_infinity
00411613       ___d_posqnan
0041161b*      ___ld_infinity
00411623*      ___ld_posqnan
Module: C:\WATCOM/lib386/nt\clib3r.lib(hugeval.c)
00411630       __HugeValue
Module: C:\WATCOM/lib386/nt\clib3r.lib(mbcupper.c)
00411640       _mbctoupper_
Module: C:\WATCOM/lib386/nt\clib3r.lib(nmsize.c)
00411670       _nmsize_
00411670*      _msize_
Module: C:\WATCOM/lib386/nt\clib3r.lib(nexpand.c)
00411680       _nexpand_
00411680*      _expand_
004116c0+      __HeapManager_expand_
Module: C:\WATCOM/lib386/nt\clib3r.lib(dofilstr.c)
004118a0       __ParsePosixHandleStr_
Module: C:\WATCOM/lib386/nt\clib3r.lib(clearenv.c)
004119c0       clearenv_
Module: C:\WATCOM/lib386/nt\clib3r.lib(trdalloc.c)
00411a50       __FiniThreadProcessing_
Module: C:\WATCOM/lib386/nt\clib3r.lib(nheapmin.c)
00411a60       _nheapshrink_
00411a60*      _nheapmin_
00411a60*      _heapmin_
00411a60       _heapshrink_
Module: C:\WATCOM/lib386/nt\clib3r.lib(thredwnt.c)
00411c00       __CBeginThread_
00411ca0       __CEndThread_
Module: C:\WATCOM/lib386/nt\clib3r.lib(amblksiz.c)
00416ea0       __amblksiz
Module: C:\WATCOM/lib386/nt\clib3r.lib(heapen.c)
00411ce0*      _heapenable_
00416ea4       ___heap_enabled
Module: C:\WATCOM/lib386/nt\clib3r.lib(locmktim.c)
00411d10       __local_mktime_
Module: C:\WATCOM/lib386/nt\clib3r.lib(gmtime.c)
00411e90       __brktime_
00411f90+      _gmtime_
00411fb0*      gmtime_
Module: C:\WATCOM/lib386/nt\clib3r.lib(tzset.c)
00416ea8       ___start_dst
00416ecc       ___end_dst
00416ff4*      _tzname
00416ffc       _timezone
00417000       _daylight
00417004       ___dst_adjust
00412020*      __DontCacheOSTZ_
00412030*      __CacheOSTZ_
00412510+      __parse_tz_
00412900       tzset_
Module: C:\WATCOM/lib386/nt\clib3r.lib(timeutil.c)
00412a70       __isindst_
Module: C:\WATCOM/lib386/nt\clib3r.lib(mbconv.c)
00412da0       _mbvtop_
Module: C:\WATCOM/lib386/nt\clib3r.lib(mbclen.c)
00412dc0       _mbclen_
Module: C:\WATCOM/lib386/nt\clib3r.lib(mbccmp.c)
00412df0       _mbccmp_
Module: C:\WATCOM/lib386/nt\clib3r.lib(mbinit.c)
00412e65       __mbinit_
0041700c       ___MBCodePage
Module: C:\WATCOM/lib386/nt\clib3r.lib(flush.c)
00412f60       __flush_
Module: C:\WATCOM/lib386\math387r.lib(ldclass.c)
0041305c       __LDClass_
004130ac*      _FLClass_
Module: C:\WATCOM/lib386/nt\flib7.lib(_matherr.c)
004130c0*      __imath2err_
00413100*      __amath1err_
00413130*      __amath2err_
00413160       __math2err_
00413270       __math1err_
00413280*      __zmath2err_
004132e0*      __qmath2err_
Module: C:\WATCOM/lib386\math387r.lib(math87e.c)
00413346       __math87_err_
Module: C:\WATCOM/lib386/nt\clib3r.lib(initargv.c)
004133c0       __Init_Argv_
00413410+      _getargv_
004135b0       __Fini_Argv_
Module: C:\WATCOM/lib386/nt\clib3r.lib(strtol.c)
004137e0*      strtoul_
004137f0       strtol_
Module: C:\WATCOM/lib386/nt\clib3r.lib(putenv.c)
00413800       putenv_
00413a90       __putenv_
Module: C:\WATCOM/lib386/nt\clib3r.lib(leapyear.c)
00413c00       __leapyear_
004160ac       ___diyr
004160c6       ___dilyr
Module: C:\WATCOM/lib386/nt\clib3r.lib(wcstombs.c)
00413c40       wcstombs_
Module: C:\WATCOM/lib386/nt\clib3r.lib(fsync.c)
00413ce0       fsync_
Module: C:\WATCOM/lib386/nt\clib3r.lib(qwrit.c)
00413d30       __qwrite_
Module: C:\WATCOM/lib386/nt\clib3r.lib(histsplt.c)
0041910c       ___historical_splitparms
Module: C:\WATCOM/lib386/nt\clib3r.lib(mbslen.c)
00413e10       _mbslen_
Module: C:\WATCOM/lib386/nt\clib3r.lib(mbstowcs.c)
00413e40       mbstowcs_
Module: C:\WATCOM/lib386/nt\clib3r.lib(uputenv.c)
00413ec0*      _wputenv_
004140e0       __wputenv_
Module: C:\WATCOM/lib386/nt\clib3r.lib(wctomb.c)
004141e0       wctomb_
Module: C:\WATCOM/lib386/nt\clib3r.lib(mbtowc.c)
00414220       mbtowc_
Module: C:\WATCOM/lib386/nt\clib3r.lib(ustrchr.c)
004142b0       wcschr_
Module: C:\WATCOM/lib386/nt\clib3r.lib(setenvar.c)
004142d0       __lib_SetEnvironmentVariableW_
Module: C:\WATCOM/lib386/nt\clib3r.lib(crtwenv.c)
004143c0       __create_wide_environment_
Module: C:\WATCOM/lib386/nt\clib3r.lib(utoupper.c)
00414428       towupper_


                        +----------------------+
                        |   Imported Symbols   |
                        +----------------------+

Symbol                              Module
======                              ======

_MessageBoxA@16                     USER32.DLL
_GetEnvironmentStringsA@0           KERNEL32.DLL
_GetVersion@0                       KERNEL32.DLL
_GetModuleFileNameA@12              KERNEL32.DLL
_GetCommandLineA@0                  KERNEL32.DLL
_GetCommandLineW@0                  KERNEL32.DLL
_FreeEnvironmentStringsA@4          KERNEL32.DLL
_GetModuleHandleA@4                 KERNEL32.DLL
_ExitProcess@4                      KERNEL32.DLL
_RtlUnwind@16                       KERNEL32.DLL
_GetFullPathNameA@16                KERNEL32.DLL
_GetFileType@4                      KERNEL32.DLL
_GetFileInformationByHandle@8       KERNEL32.DLL
_GetFileTime@16                     KERNEL32.DLL
_GetFileSize@8                      KERNEL32.DLL
_CreateFileA@28                     KERNEL32.DLL
_CloseHandle@4                      KERNEL32.DLL
_GetLastError@0                     KERNEL32.DLL
_GetDriveTypeA@4                    KERNEL32.DLL
_FindFirstFileA@8                   KERNEL32.DLL
_FindClose@4                        KERNEL32.DLL
_SetFilePointer@16                  KERNEL32.DLL
_WriteFile@20                       KERNEL32.DLL
_GetCurrentThreadId@0               KERNEL32.DLL
_SetStdHandle@8                     KERNEL32.DLL
_CreateEventA@16                    KERNEL32.DLL
_GetStdHandle@4                     KERNEL32.DLL
_GetModuleFileNameW@12              KERNEL32.DLL
_MultiByteToWideChar@24             KERNEL32.DLL
_LoadLibraryA@4                     KERNEL32.DLL
_GetProcAddress@8                   KERNEL32.DLL
_SetUnhandledExceptionFilter@4      KERNEL32.DLL
_UnhandledExceptionFilter@4         KERNEL32.DLL
_VirtualQuery@12                    KERNEL32.DLL
_SetConsoleCtrlHandler@8            KERNEL32.DLL
_TlsGetValue@4                      KERNEL32.DLL
_TlsSetValue@8                      KERNEL32.DLL
_GetFileAttributesA@4               KERNEL32.DLL
_GetCurrentDirectoryA@8             KERNEL32.DLL
_FileTimeToLocalFileTime@8          KERNEL32.DLL
_FileTimeToDosDateTime@12           KERNEL32.DLL
_DosDateTimeToFileTime@12           KERNEL32.DLL
_LocalFileTimeToFileTime@8          KERNEL32.DLL
_FindNextFileA@8                    KERNEL32.DLL
_FormatMessageA@28                  KERNEL32.DLL
_DeleteFileA@4                      KERNEL32.DLL
_SetEndOfFile@4                     KERNEL32.DLL
_ReadFile@20                        KERNEL32.DLL
_InitializeCriticalSection@4        KERNEL32.DLL
_DeleteCriticalSection@4            KERNEL32.DLL
_LeaveCriticalSection@4             KERNEL32.DLL
_EnterCriticalSection@4             KERNEL32.DLL
_SetLastError@4                     KERNEL32.DLL
_TlsAlloc@0                         KERNEL32.DLL
_TlsFree@4                          KERNEL32.DLL
_VirtualAlloc@16                    KERNEL32.DLL
_CharUpperA@4                       USER32.DLL
_VirtualFree@12                     KERNEL32.DLL
_CreateThread@24                    KERNEL32.DLL
_ResumeThread@4                     KERNEL32.DLL
_ExitThread@4                       KERNEL32.DLL
_GetTimeZoneInformation@4           KERNEL32.DLL
_GetACP@0                           KERNEL32.DLL
_GetOEMCP@0                         KERNEL32.DLL
_GetCPInfo@8                        KERNEL32.DLL
_SetEnvironmentVariableA@8          KERNEL32.DLL
_FlushFileBuffers@4                 KERNEL32.DLL
_WideCharToMultiByte@32             KERNEL32.DLL
_SetEnvironmentVariableW@8          KERNEL32.DLL


                        +--------------------+
                        |   Libraries Used   |
                        +--------------------+

C:\WATCOM/lib386/nt\kernel32.lib
C:\WATCOM/lib386/nt\user32.lib
C:\WATCOM/lib386/nt\flib7.lib
C:\WATCOM/lib386\math387r.lib
C:\WATCOM/lib386/nt\clib3r.lib
C:\WATCOM/lib386/nt\emu387.lib


                        +-----------------------+
                        |   Linker Statistics   |
                        +-----------------------+

Stack size:  00010000 (65536.)
Memory size:  00026e6c (159340.)
Entry point address: 004016b0
Link time: 00:00.09
