Open Watcom Linker Version 1.9
Portions Copyright (c) 1985-2002 Sybase, Inc. All Rights Reserved.
Created on:       17/04/05 17:12:21
Executable Image: ProjectVP3.exe
creating a Windows NT character-mode executable


                        +------------+
                        |   Groups   |
                        +------------+

Group                           Address              Size
=====                           =======              ====

.idata                          00415000             00000786
DGROUP                          00416000             000130f0



                        +--------------+
                        |   Segments   |
                        +--------------+

Segment                Class          Group          Address         Size
=======                =====          =====          =======         ====

BEGTEXT                CODE           AUTO           00401000        00000007
_TEXT                  CODE           AUTO           00401010        00013358
TRANSFER CODE          CODE           AUTO           00414368        0000019e
.idata                 .idata         .idata         00415000        00000786
_NULL                  BEGDATA        DGROUP         00416000        00000004
_AFTERNULL             BEGDATA        DGROUP         00416004        00000000
CONST                  DATA           DGROUP         00416010        000000e4
_DATA                  DATA           DGROUP         00416100        00001080
XIB                    DATA           DGROUP         00417180        00000000
XI                     DATA           DGROUP         00417180        0000004e
XIE                    DATA           DGROUP         004171ce        00000000
YIB                    DATA           DGROUP         004171ce        00000000
YI                     DATA           DGROUP         004171ce        00000030
YIE                    DATA           DGROUP         004171fe        00000000
CONST2                 DATA           DGROUP         00417200        00000000
TIB                    DATA           DGROUP         00417200        00000000
TI                     DATA           DGROUP         00417200        00000000
TIE                    DATA           DGROUP         00417200        00000000
DATA                   DATA           DGROUP         00417200        00000000
DATA32                 DATA           DGROUP         00417200        0000011c
CONST32                CONST          DGROUP         00418000        00000000
_BSS                   BSS            DGROUP         00418000        000010f0
BSS32                  BSS            DGROUP         004190f0        00000000
STACK                  STACK          DGROUP         004190f0        00010000


                        +----------------+
                        |   Memory Map   |
                        +----------------+

* = unreferenced symbol
+ = symbol only referenced locally

Address        Symbol
=======        ======

Module: main.obj(J:\4semak\PV.lab3vF\main.for)
00401010       FMAIN
0040105f+      GENERATOR
Module: C:\WATCOM/lib386/nt\flib7.lib(cowrite)
004012af       RT@IOWrite
004012be*      RT@OutLOG1
004012d0*      RT@OutLOG4
004012de*      RT@OutINT1
004012f0*      RT@OutINT2
00401300       RT@OutINT4
0040130f*      RT@OutREAL
0040131f*      RT@OutDBLE
0040132f*      RT@OutXTND
0040133f*      RT@OutCPLX
00401355*      RT@OutDBCX
0040136b*      RT@OutXTCX
00401381       RT@OutCHAR
00401386*      RT@OutSTR
0040138b*      RT@PrtArr
00401390*      RT@PrtChArr
Module: C:\WATCOM/lib386/nt\flib7.lib(cortns)
00416138*      _FRT_SaveESP
004013a0*      SwitchToGen
004013be       SwitchToRT
004013dc       RdWrCommon
00401480       IOType_
0040149e       IOChar
004014b9       IOStr
004014ce       IOArr
004014e9       IOChArr
0040150b       RT@EndIO
Module: C:\WATCOM/lib386/nt\flib7.lib(coread)
00401515       RT@IORead
00401524*      RT@InpLOG1
00401533*      RT@InpLOG4
00401542*      RT@InpINT1
00401551*      RT@InpINT2
00401560       RT@InpINT4
0040156f*      RT@InpREAL
0040157e*      RT@InpDBLE
0040158d*      RT@InpXTND
0040159c*      RT@InpCPLX
004015ab*      RT@InpDBCX
004015ba*      RT@InpXTCX
004015c9*      RT@InpCHAR
004015ce*      RT@InpSTR
004015d3*      RT@InpArr
004015d8*      RT@InpChArr
Module: C:\WATCOM/lib386/nt\flib7.lib(pause.c)
004015f0       RT@Pause
00416158*      LG@PAUSE_HOOK
Module: C:\WATCOM/lib386/nt\flib7.lib(setunit.c)
00401640       RT@SetUnit
Module: C:\WATCOM/lib386/nt\flib7.lib(setfile.c)
00401680       RT@SetFile
Module: C:\WATCOM/lib386/nt\flib7.lib(exopen.c)
00401dd0       RT@IOOpen
0041615c+      _AccModTab
0041616c+      _FormTab
00416178+      _OpStatTab
0041618c+      _BlnkTab
00416198+      _RecFmTab
004161a8+      _CCtrlTab
004161b4+      _ActionTab
004161c4+      _ShareTab
Module: C:\WATCOM/lib386/nt\flib7.lib(setacc.c)
00401df0       RT@SetAcc
Module: C:\WATCOM/lib386/nt\flib7.lib(setrecl.c)
00401e10       RT@SetRecl
Module: C:\WATCOM/lib386/nt\flib7.lib(setrec.c)
00401e50       RT@SetRec
Module: C:\WATCOM/lib386/nt\flib7.lib(setnofmt.c)
00401e90       RT@SetNoFmt
Module: C:\WATCOM/lib386/nt\clib3r.lib(cstrtwnt)
00401ea2       _cstart_
00401ea2*      mainCRTStartup
Module: C:\WATCOM/lib386/nt\emu387.lib(386)
00401f00       __init_387_emulator
00401f01*      __fini_387_emulator
Module: C:\WATCOM/lib386/nt\flib7.lib(initeng.c)
00418000       __init_english
Module: C:\WATCOM/lib386/nt\flib7.lib(initerr.c)
00418004       __init_error
Module: C:\WATCOM/lib386/nt\flib7.lib(exwrite.c)
00401f80       DoWrite_
Module: C:\WATCOM/lib386/nt\flib7.lib(setiocb.c)
00401fb0       RT@SetIOCB
Module: C:\WATCOM/lib386/nt\flib7.lib(rdata.c)
00418010       _IORslt
00418020       _FmtBuff
00418024*      _Fmt_revert
00418028*      _Fmt_start
0041802c*      _Fmt_paren_level
00418030*      _Fmt_charptr
00418034*      _FmtEmStruct
00418038       _IOTypeRtn
0041803c*      _Fmt_end
00418040*      _Fmt_rep_spec
00418044       _FmtRoutine
00418048       _IOCB
0041804c       _Files
00418050*      _Fmt_delimited
Module: C:\WATCOM/lib386/nt\flib7.lib(iomain.c)
00402040       __ReleaseIOSys_
00402060       IOMain_
Module: C:\WATCOM/lib386/nt\clib3r.lib(crwdata)
00416220       __osmajor
00416221       __osminor
00416222       __osbuild
00416224       __osver
00416228       __winmajor
0041622c       __winminor
00416230       __winver
004161ec       __LpDllName
004161f0       __LpwCmdLine
004161f4       __LpwPgmName
004161f8       __LpwDllName
004161e4       __LpCmdLine
004161e8       __LpPgmName
004161dc*      __dynend
004161e0       __curbrk
004161fc*      __STACKLOW
00416200       __STACKTOP
00416204       __ASTACKSIZ
00416208       __ASTACKPTR
0041620c*      __cbyte
00416210*      __cbyte2
00416214*      __child
0041621a       __Envptr
0041621e*      __Envseg
00416218       __no87
00416234       ___FPE_handler
Module: C:\WATCOM/lib386/nt\flib7.lib(thrdutil.c)
00402270*      __InitMultiThreadIO_
0041623c       ___SwitchStkLow
Module: C:\WATCOM/lib386/nt\flib7.lib(exread.c)
00402300       DoRead_
Module: C:\WATCOM/lib386/nt\flib7.lib(rtinit.c)
00416240       ___FAppType
00416244       __ExceptionInit
00416248       __ExceptionFini
00402340*      __InitFThreadData_
00402380+      RTSysFini_
00402390       RTSysInit_
00416250       __AccessFIO
00416254       __ReleaseFIO
00416258       __PartialReleaseFIO
00418058       ___FThreadDataOffset
00417198*      ___fthread_data_size
Module: C:\WATCOM/lib386/nt\flib7.lib(rtsysutl.c)
004023f0       GetSysIOInfo_
00402410       GetSysFileInfo_
00402440       IsDevice_
00402610       OpenAction_
00402650*      DfltRecType_
00402670+      _FileAttrs_
00402730       CloseFile_
004027a0       Scrtched_
004027c0*      CloseDeleteFile_
00402810       Errf_
00402830       FPutBuff_
004028a0       FGetBuff_
004028f0       SeekFile_
00402910       NoEOF_
00402920       SysClearEOF_
00402930       SameFile_
00402940*      Rewindf_
00402960       SysCreateFile_
004029a0       CheckLogicalRecord_
004029c0       SkipLogicalRecord_
004029e0*      BackSpacef_
00402a10*      EndFilef_
00402a50       GetIOErrMsg_
00402a90       ReportNExist_
00402ab0       ReportEOF_
00402ac0       WaitForEnter_
Module: C:\WATCOM/lib386/nt\flib7.lib(rterr.c)
0041625c+      _TraceRoutine
00402af0       FlushStdUnit_
00402b40+      WriteErr_
00402c10       ErrHandler_
00402c50       RTErr_
00416268+      LG@ERR_HOOK
Module: C:\WATCOM/lib386/nt\flib7.lib(stdio.c)
00402c90       StdBuffer_
00402cb0       StdWrite_
00402d90       StdFlush_
00402dc0       StdWriteNL_
Module: C:\WATCOM/lib386/nt\flib7.lib(rtutls.c)
00402e10       FindFtnFile_
00402f00       RChkAlloc_
00402f30       F_Connect_
00402fb0       ConnectFile_
00402fc0       GetFileInfo_
004030b0       DiscoFile_
00403120*      ChkFileName_
00403150+      ChkLogFile_
00403190       ChkIOOperation_
004031d0       GetIOErr_
004031e0       ChkIOErr_
00403200       ChkUnitId_
00403240*      ChkConnected_
00403260       SetEOF_
00403290       ClearEOF_
004032d0       SysEOF_
00403300       IsFixed_
00403310       IsCarriage_
00403320*      ChkRecordStructure_
00403350*      ChkSequential_
00403370*      ChkExist_
004033a0       StrItem_
Module: C:\WATCOM/lib386/nt\flib7.lib(exutil.c)
00403420       FindKWord_
004034b0*      ClrBuff_
00416674       _SpecId
Module: C:\WATCOM/lib386/nt\flib7.lib(ioerr.c)
00403500       IOErr_
Module: C:\WATCOM/lib386/nt\flib7.lib(runmain.c)
00403590*      __InitUnit6CC_
004035a0       __DevicesCC_
004035b0*      __InitAllowCommaSeparator_
004035c0       __AllowCommaSep_
004035d0+      _InitIO_
00403640+      CloseAllFiles_
00403680*      _FiniEx_
00403680       RunExit_
004036c0       RunEntry_
Module: C:\WATCOM/lib386/nt\flib7.lib(rdwr.c)
004036f0       DoOpen_
00403720+      _AllocBuffer_
00403760       IOPrologue_
004039a0       UpdateRecNum_
Module: C:\WATCOM/lib386/nt\clib3r.lib(main2wnt.c)
004039e0       __NTMain
Module: C:\WATCOM/lib386/nt\clib3r.lib(segdefns)
00401003       ___begtext
00416000*      __nullarea
00417180       __Start_XI
004171ce       __End_XI
004171ce       __Start_YI
004171fe       __End_YI
Module: C:\WATCOM/lib386/nt\flib7.lib(english.c)
00403a70       __UseEnglishCharSet_
Module: C:\WATCOM/lib386/nt\flib7.lib(errincl.c)
00403b80       __InitError_
004166a0+      _PGroupTable
004166a4+      _PErrWord
Module: C:\WATCOM/lib386/nt\flib7.lib(unfmtout.c)
00403c80       UnFmtOut_
Module: C:\WATCOM/lib386/nt\flib7.lib(freeout.c)
004040d0       FreeOut_
004166a8+      _OutRtn
Module: C:\WATCOM/lib386/nt\clib3r.lib(mainwnt.c)
004166dc       ___TlsIndex
004166e0       ___FirstThreadData
004166e4       ___GetThreadPtr
004166e8       __AccessFileH
004166ec       __ReleaseFileH
004166f0       __AccessIOB
004166f4       __ReleaseIOB
004166f8       __AccessNHeap
004166fc       __AccessFHeap
00416700       __ReleaseNHeap
004041c0*      __threadid_
004041e0+      __sig_null_rtn_
004041f0+      __NTInit_
004043d0+      __NTFini_
00404430       __NTMainInit_
00404490       __exit_
00416704       __ReleaseFHeap
00416708       __AccessTDList
0041670c       __ReleaseTDList
00416710       __AccessFList
00416714       __ReleaseFList
00416718       __ThreadExitRtn
0041671c       ___sig_init_rtn
00416720       ___sig_fini_rtn
00416724       ___process_fini
00418068       ___Is_DLL
Module: C:\WATCOM/lib386/nt\flib7.lib(ioinit.c)
004044f0       IOSysInit_
Module: C:\WATCOM/lib386/nt\flib7.lib(spawn.c)
00404520       Spawn_
00404580       Suicide_
Module: C:\WATCOM/lib386/nt\flib7.lib(unfmtin.c)
004045c0       UnFmtIn_
00404660+      NextUnFmtRec_
Module: C:\WATCOM/lib386/nt\flib7.lib(freein.c)
00404a40+      GetNum_
00404c40       FreeIn_
00404c50*      DoFreeIn_
00404c80+      BumpComma_
00404cb0+      Blanks_
00404cd0+      CheckEor_
Module: C:\WATCOM/lib386/nt\flib7.lib(rttraps.c)
004053d0       __EnableF77RTExceptionHandling_
004053e0       R_TrapInit_
00405470       R_TrapFini_
00405480*      __InitExceptionVectors_
Module: C:\WATCOM/lib386/nt\flib7.lib(errrtns.c)
00418684       ___ErrorFini
00418688       ___ErrorInit
0041868c       ___BldErrMsg
Module: C:\WATCOM/lib386/nt\clib3r.lib(nodefwin.c)
0041672c*      __WindowsIsWindowedHandle
00416730*      __WindowsRemoveWindowedHandle
00416734*      __WindowsNewWindow
00416738*      __WindowsCloseWindow
0041673c*      __WindowsSetAbout
00416740*      __WindowsSetAppTitle
00416744*      __WindowsSetConTitle
00416748*      __WindowsDestroyOnClose
0041674c*      __WindowsYieldControl
00416750*      __WindowsShutDown
00416754*      __WindowsStdin
00416758       __WindowsStdout
0041675c*      __WindowsKbhit
00416760*      __WindowsGetch
00416764*      __WindowsGetche
00416768*      __WindowsPutch
004054a0*      _dwShutDown_
004054a0*      _dwYield_
004054a0*      _dwSetConTitle_
004054a0*      _dwSetAppTitle_
004054a0*      _dwSetAboutDlg_
004054a0       _dwDeleteOnClose_
0041676c*      __WindowsExitRtn
00418690*      __init_default_win
Module: C:\WATCOM/lib386/nt\clib3r.lib(atexit.c)
004054a3       atexit_
Module: C:\WATCOM/lib386/nt\clib3r.lib(regdata.c)
00405500       __RegisterThreadDataSize_
Module: C:\WATCOM/lib386/nt\clib3r.lib(accsswnt.c)
00405530       access_
Module: C:\WATCOM/lib386/nt\clib3r.lib(fullpath.c)
00405570+      _sys_fullpath_
004055f0       _fullpath_
Module: C:\WATCOM/lib386/nt\flib7.lib(rmemmgr.c)
00405660       RMemAlloc_
00405670       RMemFree_
Module: C:\WATCOM/lib386/nt\clib3r.lib(fstatwnt.c)
00405680       fstat_
Module: C:\WATCOM/lib386/nt\flib7.lib(poserr.c)
004059e0       Errorf_
00405a00*      EOFile_
00405a20       ErrorMsg_
00405a60       FSetTrunc_
00405a70       FSetSysErr_
00405a90       FSetErr_
00405ab0       FSetEof_
00405ad0       IOOk_
Module: C:\WATCOM/lib386/nt\clib3r.lib(statwnt.c)
00405bf5       stat_
Module: C:\WATCOM/lib386/nt\flib7.lib(posopen.c)
00405e30       InitStd_
00405ef0       SetIOBufferSize_
00405f10+      _AllocFile_
00406000       Openf_
004060f0       Closef_
Module: C:\WATCOM/lib386/nt\flib7.lib(posdat.c)
00416958       _FStdIn
0041695c       _FStdOut
00416960       _FStdErr
Module: C:\WATCOM/lib386/nt\flib7.lib(posflush.c)
00406170       FlushBuffer_
Module: C:\WATCOM/lib386/nt\flib7.lib(posdel.c)
00406220       Scratchf_
Module: C:\WATCOM/lib386/nt\flib7.lib(posput.c)
00406240       FPutRec_
00406280       ChopFile_
004062d0*      PutRec_
004063f0       writebytes_
00406470       SysWrite_
Module: C:\WATCOM/lib386/nt\flib7.lib(posget.c)
004065b0       readbytes_
00406680       SysRead_
00406af0       FGetRec_
00406b20*      GetRec_
00406b40       GetStdChar_
00406b90       FCheckLogical_
00406c10       FSkipLogical_
00406ce0*      FGetVarRecLen_
Module: C:\WATCOM/lib386/nt\flib7.lib(posseek.c)
00406dd0       FSeekRec_
00406e10       CurrFileOffset_
00406e10       FGetFilePos_
00406e30       SysSeek_
00407020*      FSeekAbs_
Module: C:\WATCOM/lib386/nt\clib3r.lib(stricmp.c)
00407030       stricmp_
Module: C:\WATCOM/lib386/nt\flib7.lib(posrew.c)
00407070       FRewind_
Module: C:\WATCOM/lib386/nt\flib7.lib(posback.c)
004070e0       FBackspace_
Module: C:\WATCOM/lib386/nt\flib7.lib(postrunc.c)
004071c0       FTruncate_
Module: C:\WATCOM/lib386/nt\clib3r.lib(errno.c)
004071e0       __get_errno_ptr_
004071f0*      __get_doserrno_ptr_
Module: C:\WATCOM/lib386/nt\flib7.lib(errutil.c)
00407200       BldErrCode_
00407260*      MsgFormat_
00407290*      MsgBuffer_
00416964+      _PGrpCodes
Module: C:\WATCOM/lib386/nt\clib3r.lib(enterdb.c)
004072c0       __EnterWVIDEO_
00416968       ___WD_Present
Module: C:\WATCOM/lib386/nt\clib3r.lib(iob.c)
0041696c       ___iob
00416b74       __fmode
00418718       ___OpenStreams
0041871c       ___ClosedStreams
Module: C:\WATCOM/lib386/nt\clib3r.lib(setmd.c)
004072f0       setmode_
Module: C:\WATCOM/lib386/nt\clib3r.lib(write.c)
00407630       write_
Module: C:\WATCOM/lib386/nt\flib7.lib(fdutil.c)
00407890       LocFile_
004078a0       LocUnit_
004078d0       ExtractInfo_
Module: C:\WATCOM/lib386/nt\flib7.lib(rstdio.c)
00407a00       _InitStandardInput_
00407a30       _InitStandardOutput_
Module: C:\WATCOM/lib386/nt\clib3r.lib(memset.c)
00407a60       memset_
Module: C:\WATCOM/lib386/nt\flib7.lib(deffname.c)
00416b78       _DefFName
Module: C:\WATCOM/lib386/nt\flib7.lib(stracc.c)
00407a80       TrimStr_
00407ac0       GetStr_
Module: C:\WATCOM/lib386/nt\clib3r.lib(memicmp.c)
00407af0       memicmp_
Module: C:\WATCOM/lib386/nt\flib7.lib(blderr.c)
00407bb0       Substitute_
00407d70       ErrCodOrg_
Module: C:\WATCOM/lib386/nt\flib7.lib(sdfile.c)
00416b80*      _FFCtrlSeq
00416b82*      _SkipCtrlSeq
00416b84       _NormalCtrlSeq
00416b86       _SDTermIn
00416b8a       _SDTermOut
00416b8e*      _SDPrtName
Module: C:\WATCOM/lib386/nt\clib3r.lib(initrtns.c)
00407d90       __InitRtns
00407de0       __FiniRtns
Module: C:\WATCOM/lib386/nt\clib3r.lib(mthrdini.c)
00407e40       __InitThreadData_
00416b94       ___ThreadDataSize
Module: C:\WATCOM/lib386/nt\clib3r.lib(cmain386.c)
00407e70       __CMain
Module: C:\WATCOM/lib386/nt\clib3r.lib(dosseg)
00001234       __DOSseg__
Module: C:\WATCOM/lib386/nt\flib7.lib(csetinfo.c)
00418720       _CharSetInfo
Module: C:\WATCOM/lib386/nt\flib7.lib(errmsg.c)
004081e0       _GroupTable
00408290       _ErrWord
Module: C:\WATCOM/lib386/nt\flib7.lib(wrutils.c)
004088c0       F_SendData_
00408920*      SendLine_
00408930       SendEOR_
004089c0*      SendInt_
004089f0       SendStr_
00408a10+      SendWSLStr_
00408a30       SendChar_
00408a50       Drop_
00408c10       IOItemResult_
Module: C:\WATCOM/lib386/nt\flib7.lib(unfmtutl.c)
00408c90       _SizeVars
Module: C:\WATCOM/lib386/nt\flib7.lib(undefcg.c)
00408d30       OutLogCG_
00408d40       OutIntCG_
00408d80+      FmtRealCG_
00408db0+      FmtDoubleCG_
00408de0+      FmtExtendedCG_
00408e10+      UndefIntCG_
00408e10+      UndefLogCG_
00408e10+      UndefExtendedCG_
00408e10+      UndefDoubleCG_
00408e10+      UndefRealCG_
00408e20+      GetRealCG_
00416b98       _FmtRealRtn
00416b9c       _FmtDoubleRtn
00416ba0       _FmtExtendedRtn
00416ba4       _SendStrRtn
00416ba8       _UndefRealRtn
00416bac       _UndefDoubleRtn
00416bb0       _UndefExtendedRtn
00416bb4       _UndefLogRtn
00416bb8       _UndefIntRtn
00416bbc       _GetRealRtn
Module: C:\WATCOM/lib386/nt\flib7.lib(cctrl.c)
00408e30       CheckCCtrl_
Module: C:\WATCOM/lib386/nt\clib3r.lib(_8087)
00416bc0       __8087
00416bc1       __real87
Module: C:\WATCOM/lib386/nt\clib3r.lib(hdlman.c)
00416bc4+      ___NHandles
00416bc8+      ___OSHandles
00416bcc+      ___FakeHandles
00408ea0+      __growPOSIXHandles_
00408f40       __allocPOSIXHandle_
00409000       __freePOSIXHandle_
00409020       __getOSHandle_
00409030       __setOSHandle_
00409080+      __NTGetFakeHandle_
004090f0       __initPOSIXHandles_
004091d0*      __set_handles_
004091e0*      _grow_handles_
Module: C:\WATCOM/lib386/nt\clib3r.lib(environ.c)
00418734       ___env_mask
00418738       _environ
0041873c       __wenviron
Module: C:\WATCOM/lib386/nt\clib3r.lib(getmodfn.c)
00409220       __lib_GetModuleFileNameW_
Module: C:\WATCOM/lib386/nt\clib3r.lib(strdup.c)
004092c0       __clib_strdup_
Module: C:\WATCOM/lib386/nt\clib3r.lib(istable.c)
00409300       __IsTable
Module: C:\WATCOM/lib386/nt\clib3r.lib(ustrdup.c)
00409401       __clib_wcsdup_
Module: C:\WATCOM/lib386/nt\clib3r.lib(nfree.c)
00409430       _nfree_
00409430       free_
00418740       ___MiniHeapFreeRover
Module: C:\WATCOM/lib386/nt\clib3r.lib(excptwnt.c)
00409ba0+      ___ReportException@4
00409ff0       __DefaultExceptionHandler_
0040a030+      ___ExceptionFilter
0040a240       __NewExceptionFilter_
0040a270       __DoneExceptionFilter_
00416bd8       ___oscode_check_func
00416bdc       ___raise_func
00418744*      _sw
00418748       ___ExceptionHandled
00418749+      ___ReportInvoked
Module: C:\WATCOM/lib386/nt\clib3r.lib(stklmwnt.c)
0040a2b0       __init_stack_limits_
Module: C:\WATCOM/lib386/nt\clib3r.lib(setjmp)
0040a320       _setjmp_
0040a359       longjmp_
Module: C:\WATCOM/lib386/nt\clib3r.lib(exit.c)
0040a3e1+      __null_int23_exit_
0040a3e2       exit_
0040a432*      _exit_
00416bf4+      ___int23_exit
00416bf8+      ___FPE_handler_exit
Module: C:\WATCOM/lib386/nt\flib7.lib(rdutils.c)
0040a450       NextRec_
Module: C:\WATCOM/lib386/nt\flib7.lib(arrayio.c)
0040a5f0       ArrayIOType_
Module: C:\WATCOM/lib386/nt\clib3r.lib(toupper.c)
0040a670       toupper_
Module: C:\WATCOM/lib386/nt\flib7.lib(chrutils.c)
0040a680       JmpBlanks_
Module: C:\WATCOM/lib386/nt\flib7.lib(fmtcnvt.c)
0040a6a0       FmtS2I_
0040a7d0       FmtS2F_
Module: C:\WATCOM/lib386/nt\clib3r.lib(signlwnt.c)
00416bfc+      __SignalTable
0040aba0+      __SetSignalFunc_
0040abf0+      __GetSignalFunc_
0040ac20+      __GetSignalOSCode_
0040ac50+      __CheckSignalExCode_
0040ad90+      __sigabort_
0040ada0       __sigfpe_handler_
0040adf0       signal_
0040ae80+      raise_
0040aef0+      __SigInit_
0040af40+      __SigFini_
0040af80+      __sig_init_
Module: C:\WATCOM/lib386/nt\flib7.lib(fptraps.c)
0040b060*      __MaskDefaultFPE_
0040b080       FPTrapInit_
0040b0b0       FPTrapFini_
Module: C:\WATCOM/lib386/nt\clib3r.lib(trdlist.c)
0040b120       __GetThreadData_
0040b170       __ReallocThreadData_
0040b260       __AddThreadData_
0040b2e0       __RemoveThreadData_
0040b340       __ResizeThreadDataList_
0040b370       __FreeThreadDataList_
0040b3a0*      __ActiveThreads_
Module: C:\WATCOM/lib386/nt\clib3r.lib(fgtattr.c)
0040b3c0       __fixed_GetFileAttributesA_
Module: C:\WATCOM/lib386/nt\clib3r.lib(dosret.c)
0040b460*      _dosretax_
0040b470*      _dosret0_
0040b480       __set_errno_dos_
0040b4b0*      __set_errno_dos_reterr_
0040b4c0       __set_errno_nt_
0040b4d0*      __set_errno_nt_reterr_
Module: C:\WATCOM/lib386/nt\clib3r.lib(seterrno.c)
0040b4e4       __set_errno_
0040b4f2*      __set_EDOM_
0040b500       __set_ERANGE_
0040b50e*      __set_EINVAL_
0040b521       __set_doserrno_
Module: C:\WATCOM/lib386/nt\clib3r.lib(gtcwdwnt.c)
0040b530       getcwd_
Module: C:\WATCOM/lib386/nt\clib3r.lib(nmalloc.c)
0040b5c0       _nmalloc_
0040b5c0       malloc_
00416d6c       ___nheapbeg
00416d70       ___MiniHeapRover
00416d74       ___LargestSizeB4MiniHeapRover
Module: C:\WATCOM/lib386/nt\clib3r.lib(iomode.c)
0040b6c0       __GetIOMode_
0040b6e0       __SetIOMode_nogrow_
00416d78       ___NFiles
00416d7c       ___init_mode
00416dcc       ___io_mode
Module: C:\WATCOM/lib386/nt\clib3r.lib(iomodtty.c)
0040b700       __ChkTTYIOMode_
0040b740       __IOMode_
Module: C:\WATCOM/lib386/nt\clib3r.lib(ntdirinf.c)
0040b760       __MakeDOSDT_
0040b790*      __FromDOSDT_
0040b7c0*      __GetNTDirInfo_
0040b800*      __NTFindNextFileWithAttr_
Module: C:\WATCOM/lib386/nt\clib3r.lib(d2ttime.c)
0040b860       _d2ttime_
Module: C:\WATCOM/lib386/nt\clib3r.lib(strerror.c)
0040bc00       strerror_
0040bc20*      _strerror_
0040bcf0*      _doserror_
00416dd0+      __sys_errlist
00416e74+      __sys_nerr
Module: C:\WATCOM/lib386/nt\clib3r.lib(_strcmp)
0040bd20       strcmp_
Module: C:\WATCOM/lib386/nt\clib3r.lib(mbspbrk.c)
0040be60       _mbspbrk_
Module: C:\WATCOM/lib386/nt\clib3r.lib(mbsinc.c)
0040beb0       _mbsinc_
Module: C:\WATCOM/lib386/nt\clib3r.lib(tolower.c)
0040bee0       tolower_
Module: C:\WATCOM/lib386/nt\clib3r.lib(stiomode.c)
0040bef0       __grow_iomode_
0040bfc0+      __shrink_iomode_
0040c000       __SetIOMode_
Module: C:\WATCOM/lib386/nt\clib3r.lib(close.c)
0040c070       close_
Module: C:\WATCOM/lib386/nt\clib3r.lib(openwnt.c)
0040c290*      open_
0040c2b0       sopen_
Module: C:\WATCOM/lib386/nt\clib3r.lib(lseek.c)
0040c2e0       lseek_
Module: C:\WATCOM/lib386/nt\flib7.lib(poscc.c)
0040c330*      __LineFeedWithFormFeed_
0040c340       FSetCC_
Module: C:\WATCOM/lib386/nt\clib3r.lib(unlnkwnt.c)
0040c3a0       unlink_
Module: C:\WATCOM/lib386/nt\clib3r.lib(chsizwnt.c)
0040c420       chsize_
Module: C:\WATCOM/lib386/nt\clib3r.lib(read.c)
0040c510       read_
Module: C:\WATCOM/lib386/nt\flib7.lib(errgrp.c)
0040c6a0       _GrpCodes
Module: C:\WATCOM/lib386/nt\clib3r.lib(initfile.c)
0040c760       __InitFiles_
Module: C:\WATCOM/lib386/nt\clib3r.lib(ioexit.c)
0040c860*      fcloseall_
0040c870       __full_io_exit_
Module: C:\WATCOM/lib386/nt\clib3r.lib(stackwnt.c)
0040c880       stackavail_
Module: C:\WATCOM/lib386/nt\clib3r.lib(stk)
0040c891*      __CHK
0040c8a1*      __STK
0040c8c0       __STKOVERFLOW_
0040c8d0*      __GRO
0040c8f0*      __alloca_probe
Module: C:\WATCOM/lib386/nt\clib3r.lib(getenv.c)
0040c910       getenv_
Module: C:\WATCOM/lib386/nt\clib3r.lib(ltoa.c)
0040c9a0       ultoa_
0040c9f0       ltoa_
Module: C:\WATCOM/lib386/nt\clib3r.lib(__stos)
0040ca20       __STOSB
0040ca57*      __STOSD
Module: C:\WATCOM/lib386/nt\clib3r.lib(memmove.c)
0040cad0       memmove_
Module: C:\WATCOM/lib386/nt\clib3r.lib(itoa.c)
0040cb30       utoa_
0040cb80       itoa_
Module: C:\WATCOM/lib386/nt\clib3r.lib(cinit.c)
0040cbb0       __CommonInit_
Module: C:\WATCOM/lib386/nt\clib3r.lib(___argc.c)
00418854       ____Argc
00418858       ____Argv
Module: C:\WATCOM/lib386/nt\flib7.lib(rtmain.c)
0040cbc0       main_
Module: C:\WATCOM/lib386/nt\flib7.lib(ifile.c)
0040cbe0       SendIFBuff_
0040cc10       NextIFBuff_
Module: C:\WATCOM/lib386/nt\flib7.lib(expchk.c)
0040cc40       ToFFormat_
Module: C:\WATCOM/lib386/nt\flib7.lib(fmtrtns.c)
0040cc90       R_F2E_
0040ce00       R_F2F_
0040cf90       SetMaxPrec_
Module: C:\WATCOM/lib386/nt\flib7.lib(rfmtlog.c)
0040cfb0       R_FmtLog_
Module: C:\WATCOM/lib386/nt\flib7.lib(rfmtutil.c)
0040d010+      R_ChkType_
0040d040*      R_NewRec_
0040d080*      R_ChkIType_
0040d0b0*      R_ChkFType_
0040d0e0*      R_ChkRecLen_
0040d100+      GetLen_
0040d140*      R_FOStr_
0040d150*      FOString_
0040d1c0*      R_FIStr_
0040d280+      R_FOLog_
0040d2d0*      R_FILog_
0040d3b0*      R_FIFloat_
0040d5a0       GetReal_
0040d6b0*      R_FOF_
0040d730*      R_FOE_
0040d870+      FmtH2B_
0040d960*      R_FIHex_
0040dae0*      R_FOHex_
0040daf0*      FOHex_
0040dbf0*      R_FIInt_
0040dd00*      R_FOInt_
0040df60*      R_FOG_
0040e1e0+      ChkBuffLen_
Module: C:\WATCOM/lib386/nt\clib3r.lib(chk8087.c)
0040e230*      _fpreset_
0040e270       __chk8087_
0040e280*      __init_8087_
Module: C:\WATCOM/lib386/nt\clib3r.lib(nrealloc.c)
0040e2a0*      _nrealloc_
0040e2a0       realloc_
Module: C:\WATCOM/lib386/nt\clib3r.lib(setenvp.c)
0040e320       __setenvp_
0040e3e0       __freeenvp_
Module: C:\WATCOM/lib386/nt\clib3r.lib(ustrlen.c)
0040e42d       wcslen_
Module: C:\WATCOM/lib386/nt\clib3r.lib(memcpy.c)
0040e440       memcpy_
Module: C:\WATCOM/lib386/nt\clib3r.lib(mem.c)
0040e460       __MemAllocator
0040e510       __MemFree
Module: C:\WATCOM/lib386/nt\clib3r.lib(conutwnt.c)
0040e660*      __NTRealKey_
0040e710*      __NTConsoleInput_
0040e720       __NTConsoleOutput_
Module: C:\WATCOM/lib386/nt\clib3r.lib(fclex387.c)
0040e730       _ClearFPE_
Module: C:\WATCOM/lib386/nt\clib3r.lib(ljmphdl.c)
00416e98       ___longjmp_handler
Module: C:\WATCOM/lib386/nt\flib7.lib(intarith.c)
0040e750       AddIOFlo_
0040e760*      SubIOFlo_
0040e770       MulIOFlo_
Module: C:\WATCOM/lib386\math387r.lib(strtod.c)
0040ec93+      __Strtold_
0040edfa       strtod_
Module: C:\WATCOM/lib386/nt\clib3r.lib(abort.c)
0040ef53*      abort_
0040ef65       __terminate_
00416e9c       ___abort
Module: C:\WATCOM/lib386/nt\clib3r.lib(cntrl87.c)
0040ef80       _control87_
Module: C:\WATCOM/lib386/nt\clib3r.lib(mthread.c)
0040f160+      __CloseSemaphore_
0040f1a0+      __AccessIOB_
0040f1b0+      __ReleaseIOB_
0040f1c0+      __AccessFileH_
0040f1d0+      __ReleaseFileH_
0040f1e0+      __AccessNHeap_
0040f1f0+      __ReleaseNHeap_
0040f200+      __AccessFHeap_
0040f210+      __ReleaseFHeap_
0040f220+      __AccessTDList_
0040f230+      __ReleaseTDList_
0040f240+      __AccessFList_
0040f250+      __AccessSemaphore_
0040f2b0+      __ReleaseFList_
0040f2c0+      __ReleaseSemaphore_
0040f2f0+      __MultipleThread_
0040f340+      __AllocInitThreadData_
0040f390*      __FreeInitThreadData_
0040f3a0       __NTThreadInit_
0040f410       __NTAddThread_
0040f460       __NTRemoveThread_
0040f4f0       __InitMultipleThread_
00416ea0+      ___AccessSema4
00416ea4+      ___ReleaseSema4
00416ea8+      ___CloseSema4
Module: C:\WATCOM/lib386/nt\clib3r.lib(xmsgwnt.c)
0040f6b0+      __exit_with_msg_
0040f710       __fatal_runtime_error_
Module: C:\WATCOM/lib386/nt\clib3r.lib(calloc.c)
0040f730       calloc_
Module: C:\WATCOM/lib386/nt\clib3r.lib(register.c)
0040f760       __initthread_
0040f770*      _beginthread_
0040f780       _endthread_
0040f790*      __RegisterThreadData_
Module: C:\WATCOM/lib386/nt\clib3r.lib(nmemneed.c)
0040f7e0       __nmemneed_
Module: C:\WATCOM/lib386/nt\clib3r.lib(grownear.c)
0040f950       __ExpandDGROUP_
Module: C:\WATCOM/lib386/nt\clib3r.lib(isattwnt.c)
0040f970       isatty_
Module: C:\WATCOM/lib386/nt\clib3r.lib(strncpy.c)
0040f990       strncpy_
Module: C:\WATCOM/lib386/nt\clib3r.lib(mktime.c)
0040f9d0       mktime_
Module: C:\WATCOM/lib386/nt\clib3r.lib(mbterm.c)
0040fa60       _mbterm_
Module: C:\WATCOM/lib386/nt\clib3r.lib(mbsnextc.c)
0040faa0       _mbsnextc_
Module: C:\WATCOM/lib386/nt\clib3r.lib(mbschr.c)
0040fae0       _mbschr_
Module: C:\WATCOM/lib386/nt\clib3r.lib(mbisdbcs.c)
00418fcc       ___IsDBCS
Module: C:\WATCOM/lib386/nt\clib3r.lib(mbislead.c)
0040fb40*      _ismbblead_
00418fd0       ___MBCSIsTable
Module: C:\WATCOM/lib386/nt\clib3r.lib(_clsewnt.c)
0040fb60       __close_
Module: C:\WATCOM/lib386/nt\clib3r.lib(ntfio.c)
0040fbc0*      __GetNTCreateAttr_
0040fc00       __GetNTAccessAttr_
0040fc30       __GetNTShareAttr_
Module: C:\WATCOM/lib386/nt\clib3r.lib(umaskval.c)
00416eb8       ___umaskval
Module: C:\WATCOM/lib386/nt\clib3r.lib(__lseek.c)
0040fc90       __lseek_
Module: C:\WATCOM/lib386/nt\clib3r.lib(fclose.c)
0040fcd0+      __doclose_
0040fd70       __shutdown_stream_
0040fd90*      fclose_
004190d4+      ___RmTmpFileFn
Module: C:\WATCOM/lib386/nt\clib3r.lib(freefp.c)
0040fde0       __freefp_
0040fe30       __purgefp_
Module: C:\WATCOM/lib386/nt\clib3r.lib(mbcupper.c)
0040fe60       _mbctoupper_
Module: C:\WATCOM/lib386/nt\clib3r.lib(alphabet.c)
00416090       ___Alphabet
Module: C:\WATCOM/lib386/nt\clib3r.lib(argcv.c)
004190d8       __argc
004190dc       __argv
004190e0       ___argv
004190e4       ___argc
Module: C:\WATCOM/lib386\math387r.lib(ldcvt.c)
0040ff6f       _LDScale10x_
00410516       __LDcvt_
Module: C:\WATCOM/lib386/nt\flib7.lib(flt86.c)
00410970       _P1d100
00410978       _P1d_99
Module: C:\WATCOM/lib386\math387r.lib(pow87)
00410ad9*      pow_
00410980       IF@DPOW
00410980*      IF@POW
Module: C:\WATCOM/lib386/nt\flib7.lib(hexcnv.c)
00410b00       Hex_
00410b20*      HSToB_
00410b90       BToHS_
Module: C:\WATCOM/lib386/nt\clib3r.lib(strupr.c)
00410be0       strupr_
Module: C:\WATCOM/lib386/nt\clib3r.lib(8087cw.c)
00416f64       __8087cw
Module: C:\WATCOM/lib386/nt\clib3r.lib(save8087.c)
00416f68       ___Save8087
00416f6c       ___Rest8087
Module: C:\WATCOM/lib386/nt\clib3r.lib(init8087)
00410c04       __x87id
Module: C:\WATCOM/lib386/nt\clib3r.lib(nmsize.c)
00410c40       _nmsize_
00410c40*      _msize_
Module: C:\WATCOM/lib386/nt\clib3r.lib(nexpand.c)
00410c50       _nexpand_
00410c50*      _expand_
00410c90+      __HeapManager_expand_
Module: C:\WATCOM/lib386/nt\clib3r.lib(dofilstr.c)
00410e70       __ParsePosixHandleStr_
Module: C:\WATCOM/lib386/nt\clib3r.lib(clearenv.c)
00410f90       clearenv_
Module: C:\WATCOM/lib386\math387r.lib(bufld386)
00411020       __ZBuf2LD
Module: C:\WATCOM/lib386\math387r.lib(inf_nan.c)
004110c3*      ___f_infinity
004110c7*      ___f_posqnan
004110cb       ___d_infinity
004110d3       ___d_posqnan
004110db*      ___ld_infinity
004110e3*      ___ld_posqnan
Module: C:\WATCOM/lib386/nt\clib3r.lib(hugeval.c)
004110f0       __HugeValue
Module: C:\WATCOM/lib386/nt\clib3r.lib(trdalloc.c)
00411100       __FiniThreadProcessing_
Module: C:\WATCOM/lib386/nt\clib3r.lib(nheapmin.c)
00411110       _nheapshrink_
00411110*      _nheapmin_
00411110*      _heapmin_
00411110       _heapshrink_
Module: C:\WATCOM/lib386/nt\clib3r.lib(thredwnt.c)
004112b0       __CBeginThread_
00411350       __CEndThread_
Module: C:\WATCOM/lib386/nt\clib3r.lib(amblksiz.c)
00416f70       __amblksiz
Module: C:\WATCOM/lib386/nt\clib3r.lib(heapen.c)
00411390*      _heapenable_
00416f74       ___heap_enabled
Module: C:\WATCOM/lib386/nt\clib3r.lib(locmktim.c)
004113c0       __local_mktime_
Module: C:\WATCOM/lib386/nt\clib3r.lib(gmtime.c)
00411540       __brktime_
00411640+      _gmtime_
00411660*      gmtime_
Module: C:\WATCOM/lib386/nt\clib3r.lib(tzset.c)
00416f78       ___start_dst
00416f9c       ___end_dst
004170c4*      _tzname
004170cc       _timezone
004170d0       _daylight
004170d4       ___dst_adjust
004116d0*      __DontCacheOSTZ_
004116e0*      __CacheOSTZ_
00411bc0+      __parse_tz_
00411fb0       tzset_
Module: C:\WATCOM/lib386/nt\clib3r.lib(timeutil.c)
00412120       __isindst_
Module: C:\WATCOM/lib386/nt\clib3r.lib(mbconv.c)
00412450       _mbvtop_
Module: C:\WATCOM/lib386/nt\clib3r.lib(mbclen.c)
00412470       _mbclen_
Module: C:\WATCOM/lib386/nt\clib3r.lib(mbccmp.c)
004124a0       _mbccmp_
Module: C:\WATCOM/lib386/nt\clib3r.lib(mbinit.c)
00412515       __mbinit_
004170dc       ___MBCodePage
Module: C:\WATCOM/lib386/nt\clib3r.lib(flush.c)
00412610       __flush_
Module: C:\WATCOM/lib386/nt\clib3r.lib(initargv.c)
00412710       __Init_Argv_
00412760+      _getargv_
00412900       __Fini_Argv_
Module: C:\WATCOM/lib386\math387r.lib(ldclass.c)
0041290e       __LDClass_
0041295e*      _FLClass_
Module: C:\WATCOM/lib386/nt\clib3r.lib(chipvar)
004170e0       ___chipbug
004170e0       __chipbug
Module: C:\WATCOM/lib386\math387r.lib(pow87e.c)
00412970       __pow87_err_
Module: C:\WATCOM/lib386\math387r.lib(exp87)
00412a5f*      exp_
004129f8*      __@DEXP1
00412a00*      IF@EXP
00412a00*      IF@DEXP
00412a02       __@DEXP
Module: C:\WATCOM/lib386/nt\clib3r.lib(chipd32.asm)
00412b83       __fdiv_fpr
00413045*      __fdiv_chk
00413058*      __fdiv_m32
004130a5*      __fdiv_m64
004130f2*      __fdiv_m32r
0041313f*      __fdiv_m64r
Module: C:\WATCOM/lib386/nt\clib3r.lib(strtol.c)
004133b0*      strtoul_
004133c0       strtol_
Module: C:\WATCOM/lib386/nt\clib3r.lib(putenv.c)
004133d0       putenv_
00413660       __putenv_
Module: C:\WATCOM/lib386/nt\clib3r.lib(leapyear.c)
004137d0       __leapyear_
004160b8       ___diyr
004160d2       ___dilyr
Module: C:\WATCOM/lib386/nt\clib3r.lib(wcstombs.c)
00413810       wcstombs_
Module: C:\WATCOM/lib386/nt\clib3r.lib(fsync.c)
004138b0       fsync_
Module: C:\WATCOM/lib386/nt\clib3r.lib(qwrit.c)
00413900       __qwrite_
Module: C:\WATCOM/lib386/nt\clib3r.lib(histsplt.c)
004190ec       ___historical_splitparms
Module: C:\WATCOM/lib386/nt\clib3r.lib(chipbug.c)
004139e0       __verify_pentium_fdiv_bug_
Module: C:\WATCOM/lib386/nt\flib7.lib(_matherr.c)
00413a40*      __imath2err_
00413a80*      __amath1err_
00413ab0*      __amath2err_
00413ae0       __math2err_
00413bf0       __math1err_
00413c00*      __zmath2err_
00413c60*      __qmath2err_
Module: C:\WATCOM/lib386\math387r.lib(math87e.c)
00413cc6       __math87_err_
Module: C:\WATCOM/lib386/nt\clib3r.lib(mbslen.c)
00413d40       _mbslen_
Module: C:\WATCOM/lib386/nt\clib3r.lib(mbstowcs.c)
00413d70       mbstowcs_
Module: C:\WATCOM/lib386/nt\clib3r.lib(uputenv.c)
00413df0*      _wputenv_
00414010       __wputenv_
Module: C:\WATCOM/lib386/nt\clib3r.lib(wctomb.c)
00414110       wctomb_
Module: C:\WATCOM/lib386/nt\clib3r.lib(mbtowc.c)
00414150       mbtowc_
Module: C:\WATCOM/lib386/nt\clib3r.lib(ustrchr.c)
004141e0       wcschr_
Module: C:\WATCOM/lib386/nt\clib3r.lib(setenvar.c)
00414200       __lib_SetEnvironmentVariableW_
Module: C:\WATCOM/lib386/nt\clib3r.lib(crtwenv.c)
004142f0       __create_wide_environment_
Module: C:\WATCOM/lib386/nt\clib3r.lib(utoupper.c)
00414358       towupper_


                        +----------------------+
                        |   Imported Symbols   |
                        +----------------------+

Symbol                              Module
======                              ======

_MessageBoxA@16                     USER32.DLL
_GetEnvironmentStringsA@0           KERNEL32.DLL
_GetVersion@0                       KERNEL32.DLL
_GetModuleFileNameA@12              KERNEL32.DLL
_GetCommandLineA@0                  KERNEL32.DLL
_GetCommandLineW@0                  KERNEL32.DLL
_FreeEnvironmentStringsA@4          KERNEL32.DLL
_GetModuleHandleA@4                 KERNEL32.DLL
_ExitProcess@4                      KERNEL32.DLL
_RtlUnwind@16                       KERNEL32.DLL
_GetFullPathNameA@16                KERNEL32.DLL
_GetFileType@4                      KERNEL32.DLL
_GetFileInformationByHandle@8       KERNEL32.DLL
_GetFileTime@16                     KERNEL32.DLL
_GetFileSize@8                      KERNEL32.DLL
_CreateFileA@28                     KERNEL32.DLL
_CloseHandle@4                      KERNEL32.DLL
_GetLastError@0                     KERNEL32.DLL
_GetDriveTypeA@4                    KERNEL32.DLL
_FindFirstFileA@8                   KERNEL32.DLL
_FindClose@4                        KERNEL32.DLL
_SetFilePointer@16                  KERNEL32.DLL
_WriteFile@20                       KERNEL32.DLL
_GetCurrentThreadId@0               KERNEL32.DLL
_SetStdHandle@8                     KERNEL32.DLL
_CreateEventA@16                    KERNEL32.DLL
_GetStdHandle@4                     KERNEL32.DLL
_GetModuleFileNameW@12              KERNEL32.DLL
_MultiByteToWideChar@24             KERNEL32.DLL
_LoadLibraryA@4                     KERNEL32.DLL
_GetProcAddress@8                   KERNEL32.DLL
_SetUnhandledExceptionFilter@4      KERNEL32.DLL
_UnhandledExceptionFilter@4         KERNEL32.DLL
_VirtualQuery@12                    KERNEL32.DLL
_SetConsoleCtrlHandler@8            KERNEL32.DLL
_TlsGetValue@4                      KERNEL32.DLL
_TlsSetValue@8                      KERNEL32.DLL
_GetFileAttributesA@4               KERNEL32.DLL
_GetCurrentDirectoryA@8             KERNEL32.DLL
_FileTimeToLocalFileTime@8          KERNEL32.DLL
_FileTimeToDosDateTime@12           KERNEL32.DLL
_DosDateTimeToFileTime@12           KERNEL32.DLL
_LocalFileTimeToFileTime@8          KERNEL32.DLL
_FindNextFileA@8                    KERNEL32.DLL
_FormatMessageA@28                  KERNEL32.DLL
_DeleteFileA@4                      KERNEL32.DLL
_SetEndOfFile@4                     KERNEL32.DLL
_ReadFile@20                        KERNEL32.DLL
_InitializeCriticalSection@4        KERNEL32.DLL
_DeleteCriticalSection@4            KERNEL32.DLL
_LeaveCriticalSection@4             KERNEL32.DLL
_EnterCriticalSection@4             KERNEL32.DLL
_SetLastError@4                     KERNEL32.DLL
_TlsAlloc@0                         KERNEL32.DLL
_TlsFree@4                          KERNEL32.DLL
_VirtualAlloc@16                    KERNEL32.DLL
_CharUpperA@4                       USER32.DLL
_VirtualFree@12                     KERNEL32.DLL
_CreateThread@24                    KERNEL32.DLL
_ResumeThread@4                     KERNEL32.DLL
_ExitThread@4                       KERNEL32.DLL
_GetTimeZoneInformation@4           KERNEL32.DLL
_GetACP@0                           KERNEL32.DLL
_GetOEMCP@0                         KERNEL32.DLL
_GetCPInfo@8                        KERNEL32.DLL
_SetEnvironmentVariableA@8          KERNEL32.DLL
_FlushFileBuffers@4                 KERNEL32.DLL
_WideCharToMultiByte@32             KERNEL32.DLL
_SetEnvironmentVariableW@8          KERNEL32.DLL


                        +--------------------+
                        |   Libraries Used   |
                        +--------------------+

C:\WATCOM/lib386/nt\kernel32.lib
C:\WATCOM/lib386/nt\user32.lib
C:\WATCOM/lib386/nt\flib7.lib
C:\WATCOM/lib386\math387r.lib
C:\WATCOM/lib386/nt\clib3r.lib
C:\WATCOM/lib386/nt\emu387.lib


                        +-----------------------+
                        |   Linker Statistics   |
                        +-----------------------+

Stack size:  00010000 (65536.)
Memory size:  00026d7c (159100.)
Entry point address: 00401ea2
Link time: 00:00.43
