Open Watcom Linker Version 1.9
Portions Copyright (c) 1985-2002 Sybase, Inc. All Rights Reserved.
Created on:       17/04/26 14:39:58
Executable Image: ProjectVP3.exe
creating a Windows NT character-mode executable


                        +------------+
                        |   Groups   |
                        +------------+

Group                           Address              Size
=====                           =======              ====

.idata                          00416000             00000786
DGROUP                          00417000             00013100



                        +--------------+
                        |   Segments   |
                        +--------------+

Segment                Class          Group          Address         Size
=======                =====          =====          =======         ====

BEGTEXT                CODE           AUTO           00401000        00000007
_TEXT                  CODE           AUTO           00401010        000144b8
TRANSFER CODE          CODE           AUTO           004154c8        0000019e
.idata                 .idata         .idata         00416000        00000786
_NULL                  BEGDATA        DGROUP         00417000        00000004
_AFTERNULL             BEGDATA        DGROUP         00417004        00000000
CONST                  DATA           DGROUP         00417010        00000278
_DATA                  DATA           DGROUP         00417290        000010e4
XIB                    DATA           DGROUP         00418374        00000000
XI                     DATA           DGROUP         00418374        0000004e
XIE                    DATA           DGROUP         004183c2        00000000
YIB                    DATA           DGROUP         004183c2        00000000
YI                     DATA           DGROUP         004183c2        00000030
YIE                    DATA           DGROUP         004183f2        00000000
CONST2                 DATA           DGROUP         004183f4        00000000
DATA32                 DATA           DGROUP         004183f4        00000134
TIB                    DATA           DGROUP         00418528        00000000
TI                     DATA           DGROUP         00418528        00000000
TIE                    DATA           DGROUP         00418528        00000000
DATA                   DATA           DGROUP         00418528        00000000
CONST32                CONST          DGROUP         00419000        00000000
_BSS                   BSS            DGROUP         00419000        00001100
BSS32                  BSS            DGROUP         0041a100        00000000
STACK                  STACK          DGROUP         0041a100        00010000


                        +----------------+
                        |   Memory Map   |
                        +----------------+

* = unreferenced symbol
+ = symbol only referenced locally

Address        Symbol
=======        ======

Module: main.obj(J:\4semak\PV.Lab4\main.for)
00401010       FMAIN
00401416+      RNCPOLY
0040154d+      RNCPOLY_OS
00401677+      FUN
004016b2+      OSFUN
004016ea+      GAUSS2
0040180b+      GAUSS2_OS
Module: C:\WATCOM/lib386/nt\flib7.lib(cowrite)
00401921       RT@IOWrite
00401930*      RT@OutLOG1
00401942*      RT@OutLOG4
00401950*      RT@OutINT1
00401962*      RT@OutINT2
00401972       RT@OutINT4
00401981       RT@OutREAL
00401991*      RT@OutDBLE
004019a1*      RT@OutXTND
004019b1*      RT@OutCPLX
004019c7*      RT@OutDBCX
004019dd*      RT@OutXTCX
004019f3       RT@OutCHAR
004019f8*      RT@OutSTR
004019fd*      RT@PrtArr
00401a02*      RT@PrtChArr
Module: C:\WATCOM/lib386/nt\flib7.lib(cortns)
00417310*      _FRT_SaveESP
00401a12*      SwitchToGen
00401a30       SwitchToRT
00401a4e       RdWrCommon
00401af2       IOType_
00401b10       IOChar
00401b2b       IOStr
00401b40       IOArr
00401b5b       IOChArr
00401b7d       RT@EndIO
Module: C:\WATCOM/lib386/nt\flib7.lib(coread)
00401b87       RT@IORead
00401b96*      RT@InpLOG1
00401ba5*      RT@InpLOG4
00401bb4*      RT@InpINT1
00401bc3*      RT@InpINT2
00401bd2       RT@InpINT4
00401be1       RT@InpREAL
00401bf0*      RT@InpDBLE
00401bff*      RT@InpXTND
00401c0e*      RT@InpCPLX
00401c1d*      RT@InpDBCX
00401c2c*      RT@InpXTCX
00401c3b*      RT@InpCHAR
00401c40*      RT@InpSTR
00401c45*      RT@InpArr
00401c4a*      RT@InpChArr
Module: C:\WATCOM/lib386/nt\flib7.lib(setunit.c)
00401c50       RT@SetUnit
Module: C:\WATCOM/lib386/nt\flib7.lib(setfile.c)
00401c90       RT@SetFile
Module: C:\WATCOM/lib386/nt\flib7.lib(exopen.c)
004023e0       RT@IOOpen
00417330+      _AccModTab
00417340+      _FormTab
0041734c+      _OpStatTab
00417360+      _BlnkTab
0041736c+      _RecFmTab
0041737c+      _CCtrlTab
00417388+      _ActionTab
00417398+      _ShareTab
Module: C:\WATCOM/lib386/nt\flib7.lib(setfmt.c)
00402400       RT@SetFmt
Module: C:\WATCOM/lib386/nt\flib7.lib(pause.c)
00402430       RT@Pause
004173b0*      LG@PAUSE_HOOK
Module: C:\WATCOM/lib386/nt\flib7.lib(exclose.c)
00402570       RT@IOClose
Module: C:\WATCOM/lib386\math387r.lib(pow87)
004026e1*      pow_
00402588       IF@DPOW
00402588       IF@POW
Module: C:\WATCOM/lib386\math387r.lib(trig87)
00402741*      sin_
00402735*      cos_
00402762*      tan_
004026f4*      IF@COS
004026f4*      IF@DCOS
004026fe       IF@SIN
004026fe*      IF@DSIN
0040274d*      IF@TAN
0040274d*      IF@DTAN
Module: C:\WATCOM/lib386/nt\clib3r.lib(cstrtwnt)
0040276e       _cstart_
0040276e*      mainCRTStartup
Module: C:\WATCOM/lib386/nt\clib3r.lib(_8087)
004173d0       __8087
004173d1       __real87
Module: C:\WATCOM/lib386/nt\emu387.lib(386)
004027cc       __init_387_emulator
004027cd*      __fini_387_emulator
Module: C:\WATCOM/lib386/nt\flib7.lib(initeng.c)
00419010       __init_english
Module: C:\WATCOM/lib386/nt\flib7.lib(initerr.c)
00419014       __init_error
Module: C:\WATCOM/lib386/nt\flib7.lib(exwrite.c)
00402840       DoWrite_
Module: C:\WATCOM/lib386/nt\flib7.lib(setiocb.c)
00402870       RT@SetIOCB
Module: C:\WATCOM/lib386/nt\flib7.lib(rdata.c)
00419020       _IORslt
00419030       _FmtBuff
00419034*      _Fmt_revert
00419038*      _Fmt_start
0041903c*      _Fmt_paren_level
00419040*      _Fmt_charptr
00419044*      _FmtEmStruct
00419048       _IOTypeRtn
0041904c*      _Fmt_end
00419050*      _Fmt_rep_spec
00419054       _FmtRoutine
00419058       _IOCB
0041905c       _Files
00419060*      _Fmt_delimited
Module: C:\WATCOM/lib386/nt\flib7.lib(iomain.c)
00402900       __ReleaseIOSys_
00402920       IOMain_
Module: C:\WATCOM/lib386/nt\clib3r.lib(crwdata)
00417418       __osmajor
00417419       __osminor
0041741a       __osbuild
0041741c       __osver
00417420       __winmajor
00417424       __winminor
00417428       __winver
004173e4       __LpDllName
004173e8       __LpwCmdLine
004173ec       __LpwPgmName
004173f0       __LpwDllName
004173dc       __LpCmdLine
004173e0       __LpPgmName
004173d4*      __dynend
004173d8       __curbrk
004173f4*      __STACKLOW
004173f8       __STACKTOP
004173fc       __ASTACKSIZ
00417400       __ASTACKPTR
00417404*      __cbyte
00417408*      __cbyte2
0041740c*      __child
00417412       __Envptr
00417416*      __Envseg
00417410       __no87
0041742c       ___FPE_handler
Module: C:\WATCOM/lib386/nt\flib7.lib(thrdutil.c)
00402b30*      __InitMultiThreadIO_
00417434       ___SwitchStkLow
Module: C:\WATCOM/lib386/nt\flib7.lib(exread.c)
00402bc0       DoRead_
Module: C:\WATCOM/lib386/nt\flib7.lib(rtutls.c)
00402c10       FindFtnFile_
00402d00       RChkAlloc_
00402d30       F_Connect_
00402db0       ConnectFile_
00402dc0       GetFileInfo_
00402eb0       DiscoFile_
00402f20*      ChkFileName_
00402f50+      ChkLogFile_
00402f90       ChkIOOperation_
00402fd0       GetIOErr_
00402fe0       ChkIOErr_
00403000       ChkUnitId_
00403040*      ChkConnected_
00403060       SetEOF_
00403090       ClearEOF_
004030d0       SysEOF_
00403100       IsFixed_
00403110       IsCarriage_
00403120*      ChkRecordStructure_
00403150*      ChkSequential_
00403170*      ChkExist_
004031a0       StrItem_
Module: C:\WATCOM/lib386/nt\flib7.lib(exutil.c)
00403220       FindKWord_
004032b0*      ClrBuff_
00417438       _SpecId
Module: C:\WATCOM/lib386/nt\flib7.lib(ioerr.c)
00403300       IOErr_
Module: C:\WATCOM/lib386/nt\flib7.lib(rtsysutl.c)
00403390       GetSysIOInfo_
004033b0       GetSysFileInfo_
004033e0       IsDevice_
004035b0       OpenAction_
004035f0*      DfltRecType_
00403610+      _FileAttrs_
004036d0       CloseFile_
00403740       Scrtched_
00403760       CloseDeleteFile_
004037b0       Errf_
004037d0       FPutBuff_
00403840       FGetBuff_
00403890       SeekFile_
004038b0       NoEOF_
004038c0       SysClearEOF_
004038d0       SameFile_
004038e0*      Rewindf_
00403900       SysCreateFile_
00403940       CheckLogicalRecord_
00403960       SkipLogicalRecord_
00403980*      BackSpacef_
004039b0*      EndFilef_
004039f0       GetIOErrMsg_
00403a30       ReportNExist_
00403a50       ReportEOF_
00403a60       WaitForEnter_
Module: C:\WATCOM/lib386/nt\flib7.lib(runmain.c)
00403a70*      __InitUnit6CC_
00403a80       __DevicesCC_
00403a90*      __InitAllowCommaSeparator_
00403aa0       __AllowCommaSep_
00403ab0+      _InitIO_
00403b20+      CloseAllFiles_
00403b60*      _FiniEx_
00403b60       RunExit_
00403ba0       RunEntry_
Module: C:\WATCOM/lib386/nt\flib7.lib(rdwr.c)
00403bd0       DoOpen_
00403c00+      _AllocBuffer_
00403c40       IOPrologue_
00403e80       UpdateRecNum_
Module: C:\WATCOM/lib386/nt\flib7.lib(rfmtexec.c)
004047f0       R_FExec_
Module: C:\WATCOM/lib386/nt\flib7.lib(rtinit.c)
00417464       ___FAppType
00417468       __ExceptionInit
0041746c       __ExceptionFini
00404830*      __InitFThreadData_
00404870+      RTSysFini_
00404880       RTSysInit_
00417474       __AccessFIO
00417478       __ReleaseFIO
0041747c       __PartialReleaseFIO
00419068       ___FThreadDataOffset
00418392*      ___fthread_data_size
Module: C:\WATCOM/lib386/nt\flib7.lib(rterr.c)
00417480+      _TraceRoutine
00404900       FlushStdUnit_
00404950+      WriteErr_
00404a20       ErrHandler_
00404a60       RTErr_
0041748c+      LG@ERR_HOOK
Module: C:\WATCOM/lib386/nt\flib7.lib(stdio.c)
00404aa0       StdBuffer_
00404ac0       StdWrite_
00404ba0       StdFlush_
00404bd0       StdWriteNL_
Module: C:\WATCOM/lib386/nt\clib3r.lib(chipvar)
00417898       ___chipbug
00417898       __chipbug
Module: C:\WATCOM/lib386\math387r.lib(pow87e.c)
00404bf8       __pow87_err_
Module: C:\WATCOM/lib386\math387r.lib(exp87)
00404ce7*      exp_
00404c80*      __@DEXP1
00404c88*      IF@EXP
00404c88*      IF@DEXP
00404c8a       __@DEXP
Module: C:\WATCOM/lib386/nt\clib3r.lib(chipd32.asm)
00404e0b       __fdiv_fpr
004052cd*      __fdiv_chk
004052e0*      __fdiv_m32
0040532d*      __fdiv_m64
0040537a*      __fdiv_m32r
004053c7*      __fdiv_m64r
Module: C:\WATCOM/lib386/nt\clib3r.lib(chipt32.asm)
00405414       __fptan_chk
Module: C:\WATCOM/lib386/nt\clib3r.lib(main2wnt.c)
004054d0       __NTMain
Module: C:\WATCOM/lib386/nt\clib3r.lib(segdefns)
00401003       ___begtext
00417000*      __nullarea
00418374       __Start_XI
004183c2       __End_XI
004183c2       __Start_YI
004183f2       __End_YI
Module: C:\WATCOM/lib386/nt\clib3r.lib(chk8087.c)
00405550*      _fpreset_
00405590       __chk8087_
004055a0*      __init_8087_
Module: C:\WATCOM/lib386/nt\flib7.lib(english.c)
004055f0       __UseEnglishCharSet_
Module: C:\WATCOM/lib386/nt\flib7.lib(errincl.c)
00405700       __InitError_
004178ac+      _PGroupTable
004178b0+      _PErrWord
Module: C:\WATCOM/lib386/nt\flib7.lib(unfmtout.c)
00405800       UnFmtOut_
Module: C:\WATCOM/lib386/nt\flib7.lib(freeout.c)
00405c50       FreeOut_
004178b4+      _OutRtn
Module: C:\WATCOM/lib386/nt\clib3r.lib(mainwnt.c)
004178e8       ___TlsIndex
004178ec       ___FirstThreadData
004178f0       ___GetThreadPtr
004178f4       __AccessFileH
004178f8       __ReleaseFileH
004178fc       __AccessIOB
00417900       __ReleaseIOB
00417904       __AccessNHeap
00417908       __AccessFHeap
0041790c       __ReleaseNHeap
00405d40*      __threadid_
00405d60+      __sig_null_rtn_
00405d70+      __NTInit_
00405f50+      __NTFini_
00405fb0       __NTMainInit_
00406010       __exit_
00417910       __ReleaseFHeap
00417914       __AccessTDList
00417918       __ReleaseTDList
0041791c       __AccessFList
00417920       __ReleaseFList
00417924       __ThreadExitRtn
00417928       ___sig_init_rtn
0041792c       ___sig_fini_rtn
00417930       ___process_fini
00419078       ___Is_DLL
Module: C:\WATCOM/lib386/nt\flib7.lib(ioinit.c)
00406070       IOSysInit_
Module: C:\WATCOM/lib386/nt\flib7.lib(spawn.c)
004060a0       Spawn_
00406100       Suicide_
Module: C:\WATCOM/lib386/nt\flib7.lib(unfmtin.c)
00406140       UnFmtIn_
004061e0+      NextUnFmtRec_
Module: C:\WATCOM/lib386/nt\flib7.lib(freein.c)
004065c0+      GetNum_
004067c0       FreeIn_
004067d0*      DoFreeIn_
00406800+      BumpComma_
00406830+      Blanks_
00406850+      CheckEor_
Module: C:\WATCOM/lib386/nt\flib7.lib(fdutil.c)
00406e60       LocFile_
00406e70       LocUnit_
00406ea0       ExtractInfo_
Module: C:\WATCOM/lib386/nt\flib7.lib(rstdio.c)
00406fd0       _InitStandardInput_
00407000       _InitStandardOutput_
Module: C:\WATCOM/lib386/nt\flib7.lib(rmemmgr.c)
00407030       RMemAlloc_
00407040       RMemFree_
Module: C:\WATCOM/lib386/nt\clib3r.lib(memset.c)
00407050       memset_
Module: C:\WATCOM/lib386/nt\flib7.lib(deffname.c)
00417938       _DefFName
Module: C:\WATCOM/lib386/nt\flib7.lib(stracc.c)
00407070       TrimStr_
004070b0       GetStr_
Module: C:\WATCOM/lib386/nt\clib3r.lib(memicmp.c)
004070e0       memicmp_
Module: C:\WATCOM/lib386/nt\flib7.lib(blderr.c)
004071a0       Substitute_
00407360       ErrCodOrg_
Module: C:\WATCOM/lib386/nt\clib3r.lib(accsswnt.c)
00407370       access_
Module: C:\WATCOM/lib386/nt\clib3r.lib(fullpath.c)
004073b0+      _sys_fullpath_
00407430       _fullpath_
Module: C:\WATCOM/lib386/nt\clib3r.lib(fstatwnt.c)
004074a0       fstat_
Module: C:\WATCOM/lib386/nt\flib7.lib(poserr.c)
00407800       Errorf_
00407820*      EOFile_
00407840       ErrorMsg_
00407880       FSetTrunc_
00407890       FSetSysErr_
004078b0       FSetErr_
004078d0       FSetEof_
004078f0       IOOk_
Module: C:\WATCOM/lib386/nt\clib3r.lib(statwnt.c)
00407a15       stat_
Module: C:\WATCOM/lib386/nt\flib7.lib(posopen.c)
00407c50       InitStd_
00407d10       SetIOBufferSize_
00407d30+      _AllocFile_
00407e20       Openf_
00407f10       Closef_
Module: C:\WATCOM/lib386/nt\flib7.lib(posdat.c)
00417b28       _FStdIn
00417b2c       _FStdOut
00417b30       _FStdErr
Module: C:\WATCOM/lib386/nt\flib7.lib(posflush.c)
00407f90       FlushBuffer_
Module: C:\WATCOM/lib386/nt\flib7.lib(posdel.c)
00408040       Scratchf_
Module: C:\WATCOM/lib386/nt\clib3r.lib(nodefwin.c)
00417b34*      __WindowsIsWindowedHandle
00417b38*      __WindowsRemoveWindowedHandle
00417b3c*      __WindowsNewWindow
00417b40*      __WindowsCloseWindow
00417b44*      __WindowsSetAbout
00417b48*      __WindowsSetAppTitle
00417b4c*      __WindowsSetConTitle
00417b50*      __WindowsDestroyOnClose
00417b54*      __WindowsYieldControl
00417b58*      __WindowsShutDown
00417b5c*      __WindowsStdin
00417b60       __WindowsStdout
00417b64*      __WindowsKbhit
00417b68*      __WindowsGetch
00417b6c*      __WindowsGetche
00417b70*      __WindowsPutch
00408060*      _dwShutDown_
00408060*      _dwYield_
00408060*      _dwSetConTitle_
00408060*      _dwSetAppTitle_
00408060*      _dwSetAboutDlg_
00408060       _dwDeleteOnClose_
00417b74*      __WindowsExitRtn
00419694*      __init_default_win
Module: C:\WATCOM/lib386/nt\flib7.lib(posput.c)
00408070       FPutRec_
004080b0       ChopFile_
00408100*      PutRec_
00408220       writebytes_
004082a0       SysWrite_
Module: C:\WATCOM/lib386/nt\flib7.lib(posget.c)
004083e0       readbytes_
004084b0       SysRead_
00408920       FGetRec_
00408950*      GetRec_
00408970       GetStdChar_
004089c0       FCheckLogical_
00408a40       FSkipLogical_
00408b10*      FGetVarRecLen_
Module: C:\WATCOM/lib386/nt\flib7.lib(posseek.c)
00408c00       FSeekRec_
00408c40       CurrFileOffset_
00408c40       FGetFilePos_
00408c60       SysSeek_
00408e50*      FSeekAbs_
Module: C:\WATCOM/lib386/nt\clib3r.lib(stricmp.c)
00408e60       stricmp_
Module: C:\WATCOM/lib386/nt\flib7.lib(posrew.c)
00408ea0       FRewind_
Module: C:\WATCOM/lib386/nt\flib7.lib(posback.c)
00408f10       FBackspace_
Module: C:\WATCOM/lib386/nt\flib7.lib(postrunc.c)
00408ff0       FTruncate_
Module: C:\WATCOM/lib386/nt\clib3r.lib(errno.c)
00409010       __get_errno_ptr_
00409020*      __get_doserrno_ptr_
Module: C:\WATCOM/lib386/nt\flib7.lib(sdfile.c)
00417b78*      _FFCtrlSeq
00417b7a*      _SkipCtrlSeq
00417b7c       _NormalCtrlSeq
00417b7e       _SDTermIn
00417b82       _SDTermOut
00417b86*      _SDPrtName
Module: C:\WATCOM/lib386/nt\flib7.lib(wrutils.c)
00409030       F_SendData_
00409090*      SendLine_
004090a0       SendEOR_
00409130*      SendInt_
00409160       SendStr_
00409180+      SendWSLStr_
004091a0       SendChar_
004091c0       Drop_
00409380       IOItemResult_
Module: C:\WATCOM/lib386/nt\flib7.lib(rfmtutil.c)
00409430       R_ChkType_
00409460       R_NewRec_
004094a0       R_ChkIType_
004094d0       R_ChkFType_
00409500       R_ChkRecLen_
00409520+      GetLen_
00409560       R_FOStr_
00409570*      FOString_
004095e0       R_FIStr_
004096a0       R_FOLog_
004096f0       R_FILog_
004097d0       R_FIFloat_
004099c0       GetReal_
00409ad0       R_FOF_
00409b50       R_FOE_
00409c90+      FmtH2B_
00409d80       R_FIHex_
00409f00       R_FOHex_
00409f10*      FOHex_
0040a010       R_FIInt_
0040a120       R_FOInt_
0040a380       R_FOG_
0040a600+      ChkBuffLen_
Module: C:\WATCOM/lib386/nt\flib7.lib(arrayio.c)
0040a6c0       ArrayIOType_
Module: C:\WATCOM/lib386/nt\flib7.lib(rttraps.c)
0040a830       __EnableF77RTExceptionHandling_
0040a840       R_TrapInit_
0040a8d0       R_TrapFini_
0040a8e0*      __InitExceptionVectors_
Module: C:\WATCOM/lib386/nt\flib7.lib(errrtns.c)
00419698       ___ErrorFini
0041969c       ___ErrorInit
004196a0       ___BldErrMsg
Module: C:\WATCOM/lib386/nt\clib3r.lib(atexit.c)
0040a900       atexit_
Module: C:\WATCOM/lib386/nt\clib3r.lib(regdata.c)
0040a960       __RegisterThreadDataSize_
Module: C:\WATCOM/lib386/nt\flib7.lib(errutil.c)
0040a990       BldErrCode_
0040a9f0*      MsgFormat_
0040aa20*      MsgBuffer_
00417b8c+      _PGrpCodes
Module: C:\WATCOM/lib386/nt\clib3r.lib(enterdb.c)
0040aa50       __EnterWVIDEO_
00417b90       ___WD_Present
Module: C:\WATCOM/lib386/nt\clib3r.lib(iob.c)
00417b94       ___iob
00417d9c       __fmode
00419728       ___OpenStreams
0041972c       ___ClosedStreams
Module: C:\WATCOM/lib386/nt\clib3r.lib(setmd.c)
0040aa80       setmode_
Module: C:\WATCOM/lib386/nt\clib3r.lib(write.c)
0040adc0       write_
Module: C:\WATCOM/lib386/nt\clib3r.lib(chipbug.c)
0040b020       __verify_pentium_fdiv_bug_
Module: C:\WATCOM/lib386/nt\flib7.lib(_matherr.c)
0040b080*      __imath2err_
0040b0c0*      __amath1err_
0040b0f0*      __amath2err_
0040b120       __math2err_
0040b230       __math1err_
0040b240*      __zmath2err_
0040b2a0*      __qmath2err_
Module: C:\WATCOM/lib386\math387r.lib(math87e.c)
0040b306       __math87_err_
Module: C:\WATCOM/lib386/nt\clib3r.lib(initrtns.c)
0040b390       __InitRtns
0040b3e0       __FiniRtns
Module: C:\WATCOM/lib386/nt\clib3r.lib(mthrdini.c)
0040b440       __InitThreadData_
00417da0       ___ThreadDataSize
Module: C:\WATCOM/lib386/nt\clib3r.lib(cmain386.c)
0040b470       __CMain
Module: C:\WATCOM/lib386/nt\clib3r.lib(dosseg)
00001234       __DOSseg__
Module: C:\WATCOM/lib386/nt\clib3r.lib(8087cw.c)
00417da4       __8087cw
Module: C:\WATCOM/lib386/nt\clib3r.lib(save8087.c)
00417da8       ___Save8087
00417dac       ___Rest8087
Module: C:\WATCOM/lib386/nt\clib3r.lib(init8087)
0040b4b4       __x87id
Module: C:\WATCOM/lib386/nt\flib7.lib(csetinfo.c)
00419730       _CharSetInfo
Module: C:\WATCOM/lib386/nt\flib7.lib(errmsg.c)
0040b820       _GroupTable
0040b8d0       _ErrWord
Module: C:\WATCOM/lib386/nt\flib7.lib(unfmtutl.c)
0040bf00       _SizeVars
Module: C:\WATCOM/lib386/nt\flib7.lib(undefcg.c)
0040bfa0       OutLogCG_
0040bfb0       OutIntCG_
0040bff0+      FmtRealCG_
0040c020+      FmtDoubleCG_
0040c050+      FmtExtendedCG_
0040c080+      UndefIntCG_
0040c080+      UndefLogCG_
0040c080+      UndefExtendedCG_
0040c080+      UndefDoubleCG_
0040c080+      UndefRealCG_
0040c090+      GetRealCG_
00417db0       _FmtRealRtn
00417db4       _FmtDoubleRtn
00417db8       _FmtExtendedRtn
00417dbc       _SendStrRtn
00417dc0       _UndefRealRtn
00417dc4       _UndefDoubleRtn
00417dc8       _UndefExtendedRtn
00417dcc       _UndefLogRtn
00417dd0       _UndefIntRtn
00417dd4       _GetRealRtn
Module: C:\WATCOM/lib386/nt\flib7.lib(cctrl.c)
0040c0a0       CheckCCtrl_
Module: C:\WATCOM/lib386/nt\clib3r.lib(hdlman.c)
00417dd8+      ___NHandles
00417ddc+      ___OSHandles
00417de0+      ___FakeHandles
0040c110+      __growPOSIXHandles_
0040c1b0       __allocPOSIXHandle_
0040c270       __freePOSIXHandle_
0040c290       __getOSHandle_
0040c2a0       __setOSHandle_
0040c2f0+      __NTGetFakeHandle_
0040c360       __initPOSIXHandles_
0040c440*      __set_handles_
0040c450*      _grow_handles_
Module: C:\WATCOM/lib386/nt\clib3r.lib(environ.c)
00419744       ___env_mask
00419748       _environ
0041974c       __wenviron
Module: C:\WATCOM/lib386/nt\clib3r.lib(getmodfn.c)
0040c490       __lib_GetModuleFileNameW_
Module: C:\WATCOM/lib386/nt\clib3r.lib(strdup.c)
0040c530       __clib_strdup_
Module: C:\WATCOM/lib386/nt\clib3r.lib(istable.c)
0040c570       __IsTable
Module: C:\WATCOM/lib386/nt\clib3r.lib(ustrdup.c)
0040c671       __clib_wcsdup_
Module: C:\WATCOM/lib386/nt\clib3r.lib(nfree.c)
0040c6a0       _nfree_
0040c6a0       free_
00419750       ___MiniHeapFreeRover
Module: C:\WATCOM/lib386/nt\clib3r.lib(excptwnt.c)
0040ce10+      ___ReportException@4
0040d260       __DefaultExceptionHandler_
0040d2a0+      ___ExceptionFilter
0040d4b0       __NewExceptionFilter_
0040d4e0       __DoneExceptionFilter_
00417dec       ___oscode_check_func
00417df0       ___raise_func
00419754*      _sw
00419758       ___ExceptionHandled
00419759+      ___ReportInvoked
Module: C:\WATCOM/lib386/nt\clib3r.lib(stklmwnt.c)
0040d520       __init_stack_limits_
Module: C:\WATCOM/lib386/nt\clib3r.lib(setjmp)
0040d590       _setjmp_
0040d5c9       longjmp_
Module: C:\WATCOM/lib386/nt\clib3r.lib(exit.c)
0040d651+      __null_int23_exit_
0040d652       exit_
0040d6a2*      _exit_
00417e08+      ___int23_exit
00417e0c+      ___FPE_handler_exit
Module: C:\WATCOM/lib386/nt\flib7.lib(rdutils.c)
0040d6c0       NextRec_
Module: C:\WATCOM/lib386/nt\clib3r.lib(toupper.c)
0040d7d0       toupper_
Module: C:\WATCOM/lib386/nt\flib7.lib(chrutils.c)
0040d7e0       JmpBlanks_
Module: C:\WATCOM/lib386/nt\flib7.lib(fmtcnvt.c)
0040d800       FmtS2I_
0040d930       FmtS2F_
Module: C:\WATCOM/lib386/nt\clib3r.lib(getenv.c)
0040dd00       getenv_
Module: C:\WATCOM/lib386/nt\clib3r.lib(ltoa.c)
0040dd90       ultoa_
0040dde0       ltoa_
Module: C:\WATCOM/lib386/nt\clib3r.lib(nmalloc.c)
0040de10       _nmalloc_
0040de10       malloc_
00417e10       ___nheapbeg
00417e14       ___MiniHeapRover
00417e18       ___LargestSizeB4MiniHeapRover
Module: C:\WATCOM/lib386/nt\clib3r.lib(__stos)
0040df10       __STOSB
0040df47*      __STOSD
Module: C:\WATCOM/lib386/nt\clib3r.lib(memmove.c)
0040dfc0       memmove_
Module: C:\WATCOM/lib386/nt\clib3r.lib(itoa.c)
0040e020       utoa_
0040e070       itoa_
Module: C:\WATCOM/lib386/nt\clib3r.lib(fgtattr.c)
0040e0a0       __fixed_GetFileAttributesA_
Module: C:\WATCOM/lib386/nt\clib3r.lib(dosret.c)
0040e140*      _dosretax_
0040e150*      _dosret0_
0040e160       __set_errno_dos_
0040e190*      __set_errno_dos_reterr_
0040e1a0       __set_errno_nt_
0040e1b0*      __set_errno_nt_reterr_
Module: C:\WATCOM/lib386/nt\clib3r.lib(seterrno.c)
0040e1c4       __set_errno_
0040e1d2*      __set_EDOM_
0040e1e0       __set_ERANGE_
0040e1ee*      __set_EINVAL_
0040e201       __set_doserrno_
Module: C:\WATCOM/lib386/nt\clib3r.lib(gtcwdwnt.c)
0040e210       getcwd_
Module: C:\WATCOM/lib386/nt\clib3r.lib(iomode.c)
0040e2a0       __GetIOMode_
0040e2c0       __SetIOMode_nogrow_
00417f20       ___NFiles
00417f24       ___init_mode
00417f74       ___io_mode
Module: C:\WATCOM/lib386/nt\clib3r.lib(iomodtty.c)
0040e2e0       __ChkTTYIOMode_
0040e320       __IOMode_
Module: C:\WATCOM/lib386/nt\clib3r.lib(ntdirinf.c)
0040e340       __MakeDOSDT_
0040e370*      __FromDOSDT_
0040e3a0*      __GetNTDirInfo_
0040e3e0*      __NTFindNextFileWithAttr_
Module: C:\WATCOM/lib386/nt\clib3r.lib(d2ttime.c)
0040e440       _d2ttime_
Module: C:\WATCOM/lib386/nt\clib3r.lib(strerror.c)
0040e7e0       strerror_
0040e800*      _strerror_
0040e8d0*      _doserror_
00417f78+      __sys_errlist
0041801c+      __sys_nerr
Module: C:\WATCOM/lib386/nt\clib3r.lib(_strcmp)
0040e900       strcmp_
Module: C:\WATCOM/lib386/nt\clib3r.lib(mbspbrk.c)
0040ea40       _mbspbrk_
Module: C:\WATCOM/lib386/nt\clib3r.lib(mbsinc.c)
0040ea90       _mbsinc_
Module: C:\WATCOM/lib386/nt\clib3r.lib(tolower.c)
0040eac0       tolower_
Module: C:\WATCOM/lib386/nt\clib3r.lib(stiomode.c)
0040ead0       __grow_iomode_
0040eba0+      __shrink_iomode_
0040ebe0       __SetIOMode_
Module: C:\WATCOM/lib386/nt\clib3r.lib(close.c)
0040ec50       close_
Module: C:\WATCOM/lib386/nt\clib3r.lib(openwnt.c)
0040ee70*      open_
0040ee90       sopen_
Module: C:\WATCOM/lib386/nt\clib3r.lib(lseek.c)
0040eec0       lseek_
Module: C:\WATCOM/lib386/nt\flib7.lib(poscc.c)
0040ef10*      __LineFeedWithFormFeed_
0040ef20       FSetCC_
Module: C:\WATCOM/lib386/nt\clib3r.lib(unlnkwnt.c)
0040ef80       unlink_
Module: C:\WATCOM/lib386/nt\clib3r.lib(chsizwnt.c)
0040f000       chsize_
Module: C:\WATCOM/lib386/nt\clib3r.lib(read.c)
0040f0f0       read_
Module: C:\WATCOM/lib386/nt\flib7.lib(ifile.c)
0040f280       SendIFBuff_
0040f2b0       NextIFBuff_
Module: C:\WATCOM/lib386/nt\flib7.lib(rfmtlog.c)
0040f2f0       R_FmtLog_
Module: C:\WATCOM/lib386/nt\flib7.lib(fmtrtns.c)
0040f320       R_F2E_
0040f490       R_F2F_
0040f620       SetMaxPrec_
Module: C:\WATCOM/lib386/nt\flib7.lib(flt86.c)
0040f630       _P1d100
0040f638       _P1d_99
Module: C:\WATCOM/lib386/nt\flib7.lib(hexcnv.c)
0040f650       Hex_
0040f670*      HSToB_
0040f6e0       BToHS_
Module: C:\WATCOM/lib386/nt\clib3r.lib(strupr.c)
0040f730       strupr_
Module: C:\WATCOM/lib386/nt\clib3r.lib(signlwnt.c)
00418028+      __SignalTable
0040f750+      __SetSignalFunc_
0040f7a0+      __GetSignalFunc_
0040f7d0+      __GetSignalOSCode_
0040f800+      __CheckSignalExCode_
0040f940+      __sigabort_
0040f950       __sigfpe_handler_
0040f9a0       signal_
0040fa30+      raise_
0040faa0+      __SigInit_
0040faf0+      __SigFini_
0040fb30+      __sig_init_
Module: C:\WATCOM/lib386/nt\flib7.lib(fptraps.c)
0040fc10*      __MaskDefaultFPE_
0040fc30       FPTrapInit_
0040fc60       FPTrapFini_
Module: C:\WATCOM/lib386/nt\clib3r.lib(trdlist.c)
0040fcd0       __GetThreadData_
0040fd20       __ReallocThreadData_
0040fe10       __AddThreadData_
0040fe90       __RemoveThreadData_
0040fef0       __ResizeThreadDataList_
0040ff20       __FreeThreadDataList_
0040ff50*      __ActiveThreads_
Module: C:\WATCOM/lib386/nt\flib7.lib(errgrp.c)
0040ff70       _GrpCodes
Module: C:\WATCOM/lib386/nt\clib3r.lib(initfile.c)
00410030       __InitFiles_
Module: C:\WATCOM/lib386/nt\clib3r.lib(ioexit.c)
00410130*      fcloseall_
00410140       __full_io_exit_
Module: C:\WATCOM/lib386/nt\clib3r.lib(stackwnt.c)
00410150       stackavail_
Module: C:\WATCOM/lib386/nt\clib3r.lib(stk)
00410161*      __CHK
00410171*      __STK
00410190       __STKOVERFLOW_
004101a0*      __GRO
004101c0*      __alloca_probe
Module: C:\WATCOM/lib386/nt\clib3r.lib(cinit.c)
004101e0       __CommonInit_
Module: C:\WATCOM/lib386/nt\clib3r.lib(___argc.c)
00419864       ____Argc
00419868       ____Argv
Module: C:\WATCOM/lib386/nt\flib7.lib(rtmain.c)
004101f0       main_
Module: C:\WATCOM/lib386/nt\flib7.lib(expchk.c)
00410210       ToFFormat_
Module: C:\WATCOM/lib386/nt\clib3r.lib(nrealloc.c)
00410260*      _nrealloc_
00410260       realloc_
Module: C:\WATCOM/lib386/nt\clib3r.lib(setenvp.c)
004102e0       __setenvp_
004103a0       __freeenvp_
Module: C:\WATCOM/lib386/nt\clib3r.lib(ustrlen.c)
004103ed       wcslen_
Module: C:\WATCOM/lib386/nt\clib3r.lib(memcpy.c)
00410400       memcpy_
Module: C:\WATCOM/lib386/nt\clib3r.lib(mem.c)
00410420       __MemAllocator
004104d0       __MemFree
Module: C:\WATCOM/lib386/nt\clib3r.lib(conutwnt.c)
00410620*      __NTRealKey_
004106d0*      __NTConsoleInput_
004106e0       __NTConsoleOutput_
Module: C:\WATCOM/lib386/nt\clib3r.lib(fclex387.c)
004106f0       _ClearFPE_
Module: C:\WATCOM/lib386/nt\clib3r.lib(ljmphdl.c)
004180ac       ___longjmp_handler
Module: C:\WATCOM/lib386/nt\flib7.lib(intarith.c)
00410710       AddIOFlo_
00410720*      SubIOFlo_
00410730       MulIOFlo_
Module: C:\WATCOM/lib386\math387r.lib(strtod.c)
00410c53+      __Strtold_
00410dba       strtod_
Module: C:\WATCOM/lib386/nt\clib3r.lib(mbterm.c)
00410f00       _mbterm_
Module: C:\WATCOM/lib386/nt\clib3r.lib(mbsnextc.c)
00410f40       _mbsnextc_
Module: C:\WATCOM/lib386/nt\clib3r.lib(mbcupper.c)
00410f80       _mbctoupper_
Module: C:\WATCOM/lib386/nt\clib3r.lib(alphabet.c)
0041722c       ___Alphabet
Module: C:\WATCOM/lib386/nt\clib3r.lib(nmemneed.c)
00410fb0       __nmemneed_
Module: C:\WATCOM/lib386/nt\clib3r.lib(grownear.c)
00411120       __ExpandDGROUP_
Module: C:\WATCOM/lib386/nt\clib3r.lib(isattwnt.c)
00411140       isatty_
Module: C:\WATCOM/lib386/nt\clib3r.lib(strncpy.c)
00411160       strncpy_
Module: C:\WATCOM/lib386/nt\clib3r.lib(mktime.c)
004111a0       mktime_
Module: C:\WATCOM/lib386/nt\clib3r.lib(mbschr.c)
00411230       _mbschr_
Module: C:\WATCOM/lib386/nt\clib3r.lib(mbisdbcs.c)
00419870       ___IsDBCS
Module: C:\WATCOM/lib386/nt\clib3r.lib(mbislead.c)
00411290*      _ismbblead_
00419874       ___MBCSIsTable
Module: C:\WATCOM/lib386/nt\clib3r.lib(_clsewnt.c)
004112b0       __close_
Module: C:\WATCOM/lib386/nt\clib3r.lib(ntfio.c)
00411310*      __GetNTCreateAttr_
00411350       __GetNTAccessAttr_
00411380       __GetNTShareAttr_
Module: C:\WATCOM/lib386/nt\clib3r.lib(umaskval.c)
004180b0       ___umaskval
Module: C:\WATCOM/lib386/nt\clib3r.lib(__lseek.c)
004113e0       __lseek_
Module: C:\WATCOM/lib386\math387r.lib(ldcvt.c)
004114fb       _LDScale10x_
00411aa2       __LDcvt_
Module: C:\WATCOM/lib386/nt\clib3r.lib(abort.c)
00411f04*      abort_
00411f16       __terminate_
0041815c       ___abort
Module: C:\WATCOM/lib386/nt\clib3r.lib(cntrl87.c)
00411f30       _control87_
Module: C:\WATCOM/lib386/nt\clib3r.lib(mthread.c)
00412110+      __CloseSemaphore_
00412150+      __AccessIOB_
00412160+      __ReleaseIOB_
00412170+      __AccessFileH_
00412180+      __ReleaseFileH_
00412190+      __AccessNHeap_
004121a0+      __ReleaseNHeap_
004121b0+      __AccessFHeap_
004121c0+      __ReleaseFHeap_
004121d0+      __AccessTDList_
004121e0+      __ReleaseTDList_
004121f0+      __AccessFList_
00412200+      __AccessSemaphore_
00412260+      __ReleaseFList_
00412270+      __ReleaseSemaphore_
004122a0+      __MultipleThread_
004122f0+      __AllocInitThreadData_
00412340*      __FreeInitThreadData_
00412350       __NTThreadInit_
004123c0       __NTAddThread_
00412410       __NTRemoveThread_
004124a0       __InitMultipleThread_
00418160+      ___AccessSema4
00418164+      ___ReleaseSema4
00418168+      ___CloseSema4
Module: C:\WATCOM/lib386/nt\clib3r.lib(xmsgwnt.c)
00412660+      __exit_with_msg_
004126c0       __fatal_runtime_error_
Module: C:\WATCOM/lib386/nt\clib3r.lib(calloc.c)
004126e0       calloc_
Module: C:\WATCOM/lib386/nt\clib3r.lib(register.c)
00412710       __initthread_
00412720*      _beginthread_
00412730       _endthread_
00412740*      __RegisterThreadData_
Module: C:\WATCOM/lib386/nt\clib3r.lib(fclose.c)
00412790+      __doclose_
00412830       __shutdown_stream_
00412850*      fclose_
0041a0e4+      ___RmTmpFileFn
Module: C:\WATCOM/lib386/nt\clib3r.lib(freefp.c)
004128a0       __freefp_
004128f0       __purgefp_
Module: C:\WATCOM/lib386/nt\clib3r.lib(argcv.c)
0041a0e8       __argc
0041a0ec       __argv
0041a0f0       ___argv
0041a0f4       ___argc
Module: C:\WATCOM/lib386/nt\clib3r.lib(nmsize.c)
00412920       _nmsize_
00412920*      _msize_
Module: C:\WATCOM/lib386/nt\clib3r.lib(nexpand.c)
00412930       _nexpand_
00412930*      _expand_
00412970+      __HeapManager_expand_
Module: C:\WATCOM/lib386/nt\clib3r.lib(dofilstr.c)
00412b50       __ParsePosixHandleStr_
Module: C:\WATCOM/lib386/nt\clib3r.lib(clearenv.c)
00412c70       clearenv_
Module: C:\WATCOM/lib386\math387r.lib(bufld386)
00412d00       __ZBuf2LD
Module: C:\WATCOM/lib386\math387r.lib(inf_nan.c)
00412da3*      ___f_infinity
00412da7*      ___f_posqnan
00412dab       ___d_infinity
00412db3       ___d_posqnan
00412dbb*      ___ld_infinity
00412dc3*      ___ld_posqnan
Module: C:\WATCOM/lib386/nt\clib3r.lib(hugeval.c)
00412dd0       __HugeValue
Module: C:\WATCOM/lib386/nt\clib3r.lib(mbconv.c)
00412de0       _mbvtop_
Module: C:\WATCOM/lib386/nt\clib3r.lib(amblksiz.c)
00418178       __amblksiz
Module: C:\WATCOM/lib386/nt\clib3r.lib(heapen.c)
00412e00*      _heapenable_
0041817c       ___heap_enabled
Module: C:\WATCOM/lib386/nt\clib3r.lib(nheapmin.c)
00412e30       _nheapshrink_
00412e30*      _nheapmin_
00412e30*      _heapmin_
00412e30       _heapshrink_
Module: C:\WATCOM/lib386/nt\clib3r.lib(locmktim.c)
00412f20       __local_mktime_
Module: C:\WATCOM/lib386/nt\clib3r.lib(gmtime.c)
004130a0       __brktime_
004131a0+      _gmtime_
004131c0*      gmtime_
Module: C:\WATCOM/lib386/nt\clib3r.lib(tzset.c)
00418180       ___start_dst
004181a4       ___end_dst
004182cc*      _tzname
004182d4       _timezone
004182d8       _daylight
004182dc       ___dst_adjust
00413230*      __DontCacheOSTZ_
00413240*      __CacheOSTZ_
00413720+      __parse_tz_
00413b10       tzset_
Module: C:\WATCOM/lib386/nt\clib3r.lib(timeutil.c)
00413c80       __isindst_
Module: C:\WATCOM/lib386/nt\clib3r.lib(mbclen.c)
00413fb0       _mbclen_
Module: C:\WATCOM/lib386/nt\clib3r.lib(mbccmp.c)
00413fe0       _mbccmp_
Module: C:\WATCOM/lib386/nt\clib3r.lib(mbinit.c)
00414055       __mbinit_
004182e4       ___MBCodePage
Module: C:\WATCOM/lib386\math387r.lib(ldclass.c)
00414143       __LDClass_
00414193*      _FLClass_
Module: C:\WATCOM/lib386/nt\clib3r.lib(trdalloc.c)
004141b0       __FiniThreadProcessing_
Module: C:\WATCOM/lib386/nt\clib3r.lib(thredwnt.c)
00414270       __CBeginThread_
00414310       __CEndThread_
Module: C:\WATCOM/lib386/nt\clib3r.lib(flush.c)
00414350       __flush_
Module: C:\WATCOM/lib386/nt\clib3r.lib(initargv.c)
00414450       __Init_Argv_
004144a0+      _getargv_
00414640       __Fini_Argv_
Module: C:\WATCOM/lib386/nt\clib3r.lib(strtol.c)
00414870*      strtoul_
00414880       strtol_
Module: C:\WATCOM/lib386/nt\clib3r.lib(putenv.c)
00414890       putenv_
00414b20       __putenv_
Module: C:\WATCOM/lib386/nt\clib3r.lib(leapyear.c)
00414c90       __leapyear_
00417254       ___diyr
0041726e       ___dilyr
Module: C:\WATCOM/lib386/nt\clib3r.lib(wcstombs.c)
00414cd0       wcstombs_
Module: C:\WATCOM/lib386/nt\clib3r.lib(fsync.c)
00414d70       fsync_
Module: C:\WATCOM/lib386/nt\clib3r.lib(qwrit.c)
00414dc0       __qwrite_
Module: C:\WATCOM/lib386/nt\clib3r.lib(histsplt.c)
0041a0fc       ___historical_splitparms
Module: C:\WATCOM/lib386/nt\clib3r.lib(mbslen.c)
00414ea0       _mbslen_
Module: C:\WATCOM/lib386/nt\clib3r.lib(mbstowcs.c)
00414ed0       mbstowcs_
Module: C:\WATCOM/lib386/nt\clib3r.lib(uputenv.c)
00414f50*      _wputenv_
00415170       __wputenv_
Module: C:\WATCOM/lib386/nt\clib3r.lib(wctomb.c)
00415270       wctomb_
Module: C:\WATCOM/lib386/nt\clib3r.lib(mbtowc.c)
004152b0       mbtowc_
Module: C:\WATCOM/lib386/nt\clib3r.lib(ustrchr.c)
00415340       wcschr_
Module: C:\WATCOM/lib386/nt\clib3r.lib(setenvar.c)
00415360       __lib_SetEnvironmentVariableW_
Module: C:\WATCOM/lib386/nt\clib3r.lib(crtwenv.c)
00415450       __create_wide_environment_
Module: C:\WATCOM/lib386/nt\clib3r.lib(utoupper.c)
004154b8       towupper_


                        +----------------------+
                        |   Imported Symbols   |
                        +----------------------+

Symbol                              Module
======                              ======

_MessageBoxA@16                     USER32.DLL
_GetEnvironmentStringsA@0           KERNEL32.DLL
_GetVersion@0                       KERNEL32.DLL
_GetModuleFileNameA@12              KERNEL32.DLL
_GetCommandLineA@0                  KERNEL32.DLL
_GetCommandLineW@0                  KERNEL32.DLL
_FreeEnvironmentStringsA@4          KERNEL32.DLL
_GetModuleHandleA@4                 KERNEL32.DLL
_ExitProcess@4                      KERNEL32.DLL
_RtlUnwind@16                       KERNEL32.DLL
_GetFullPathNameA@16                KERNEL32.DLL
_GetFileType@4                      KERNEL32.DLL
_GetFileInformationByHandle@8       KERNEL32.DLL
_GetFileTime@16                     KERNEL32.DLL
_GetFileSize@8                      KERNEL32.DLL
_CreateFileA@28                     KERNEL32.DLL
_CloseHandle@4                      KERNEL32.DLL
_GetLastError@0                     KERNEL32.DLL
_GetDriveTypeA@4                    KERNEL32.DLL
_FindFirstFileA@8                   KERNEL32.DLL
_FindClose@4                        KERNEL32.DLL
_SetFilePointer@16                  KERNEL32.DLL
_WriteFile@20                       KERNEL32.DLL
_GetCurrentThreadId@0               KERNEL32.DLL
_SetStdHandle@8                     KERNEL32.DLL
_CreateEventA@16                    KERNEL32.DLL
_GetStdHandle@4                     KERNEL32.DLL
_GetModuleFileNameW@12              KERNEL32.DLL
_MultiByteToWideChar@24             KERNEL32.DLL
_LoadLibraryA@4                     KERNEL32.DLL
_GetProcAddress@8                   KERNEL32.DLL
_SetUnhandledExceptionFilter@4      KERNEL32.DLL
_UnhandledExceptionFilter@4         KERNEL32.DLL
_VirtualQuery@12                    KERNEL32.DLL
_GetFileAttributesA@4               KERNEL32.DLL
_GetCurrentDirectoryA@8             KERNEL32.DLL
_FileTimeToLocalFileTime@8          KERNEL32.DLL
_FileTimeToDosDateTime@12           KERNEL32.DLL
_DosDateTimeToFileTime@12           KERNEL32.DLL
_LocalFileTimeToFileTime@8          KERNEL32.DLL
_FindNextFileA@8                    KERNEL32.DLL
_FormatMessageA@28                  KERNEL32.DLL
_DeleteFileA@4                      KERNEL32.DLL
_SetEndOfFile@4                     KERNEL32.DLL
_ReadFile@20                        KERNEL32.DLL
_SetConsoleCtrlHandler@8            KERNEL32.DLL
_TlsGetValue@4                      KERNEL32.DLL
_TlsSetValue@8                      KERNEL32.DLL
_CharUpperA@4                       USER32.DLL
_VirtualAlloc@16                    KERNEL32.DLL
_InitializeCriticalSection@4        KERNEL32.DLL
_DeleteCriticalSection@4            KERNEL32.DLL
_LeaveCriticalSection@4             KERNEL32.DLL
_EnterCriticalSection@4             KERNEL32.DLL
_SetLastError@4                     KERNEL32.DLL
_TlsAlloc@0                         KERNEL32.DLL
_TlsFree@4                          KERNEL32.DLL
_VirtualFree@12                     KERNEL32.DLL
_GetTimeZoneInformation@4           KERNEL32.DLL
_GetACP@0                           KERNEL32.DLL
_GetOEMCP@0                         KERNEL32.DLL
_GetCPInfo@8                        KERNEL32.DLL
_CreateThread@24                    KERNEL32.DLL
_ResumeThread@4                     KERNEL32.DLL
_ExitThread@4                       KERNEL32.DLL
_SetEnvironmentVariableA@8          KERNEL32.DLL
_FlushFileBuffers@4                 KERNEL32.DLL
_WideCharToMultiByte@32             KERNEL32.DLL
_SetEnvironmentVariableW@8          KERNEL32.DLL


                        +--------------------+
                        |   Libraries Used   |
                        +--------------------+

C:\WATCOM/lib386/nt\kernel32.lib
C:\WATCOM/lib386/nt\user32.lib
C:\WATCOM/lib386/nt\flib7.lib
C:\WATCOM/lib386\math387r.lib
C:\WATCOM/lib386/nt\clib3r.lib
C:\WATCOM/lib386/nt\emu387.lib


                        +-----------------------+
                        |   Linker Statistics   |
                        +-----------------------+

Stack size:  00010000 (65536.)
Memory size:  00027eec (163564.)
Entry point address: 0040276e
Link time: 00:00.60
