Open Watcom Linker Version 1.9
Portions Copyright (c) 1985-2002 Sybase, Inc. All Rights Reserved.
Created on:       17/02/21 22:11:39
Executable Image: try.exe
creating a Windows NT character-mode executable


                        +------------+
                        |   Groups   |
                        +------------+

Group                           Address              Size
=====                           =======              ====

.idata                          00415000             00000786
DGROUP                          00416000             00013160



                        +--------------+
                        |   Segments   |
                        +--------------+

Segment                Class          Group          Address         Size
=======                =====          =====          =======         ====

BEGTEXT                CODE           AUTO           00401000        00000007
_TEXT                  CODE           AUTO           00401010        00012fe0
TRANSFER CODE          CODE           AUTO           00413ff0        0000019e
.idata                 .idata         .idata         00415000        00000786
_NULL                  BEGDATA        DGROUP         00416000        00000004
_AFTERNULL             BEGDATA        DGROUP         00416004        00000000
CONST                  DATA           DGROUP         00416010        00000168
_DATA                  DATA           DGROUP         00416180        00000ff4
XIB                    DATA           DGROUP         00417174        00000000
XI                     DATA           DGROUP         00417174        0000004e
XIE                    DATA           DGROUP         004171c2        00000000
YIB                    DATA           DGROUP         004171c2        00000000
YI                     DATA           DGROUP         004171c2        00000030
YIE                    DATA           DGROUP         004171f2        00000000
CONST2                 DATA           DGROUP         004171f4        00000000
DATA32                 DATA           DGROUP         004171f4        000002cc
TIB                    DATA           DGROUP         004174c0        00000000
TI                     DATA           DGROUP         004174c0        00000000
TIE                    DATA           DGROUP         004174c0        00000000
DATA                   DATA           DGROUP         004174c0        00000000
EXT                    EXT            DGROUP         00418000        00000018
INT                    INT            DGROUP         00418020        0000001c
CONST32                CONST          DGROUP         0041803c        00000000
_BSS                   BSS            DGROUP         00418040        000010f0
GDATA@0                BSS            DGROUP         00419130        0000002a
BSS32                  BSS            DGROUP         0041915c        00000000
STACK                  STACK          DGROUP         00419160        00010000


                        +----------------+
                        |   Memory Map   |
                        +----------------+

* = unreferenced symbol
+ = symbol only referenced locally

Address        Symbol
=======        ======

Module: try.obj(I:\4semak\PV.Lab1\try.for)
00401010       FMAIN
004010ff+      MENU
00401178+      COORDINATES
004011eb+      CALCULATE_SIDES
004012e0+      CALCULATE_SQUARE
00401345+      ANGLE_MIN
004014b9+      CALCULATE_COS_MIN
00418000+      EXT
00418020+      INT
Module: H:\Work\Fortran/lib386/nt\flib7.lib(coread)
00401505       RT@IORead
00401514*      RT@InpLOG1
00401523*      RT@InpLOG4
00401532*      RT@InpINT1
00401541*      RT@InpINT2
00401550       RT@InpINT4
0040155f       RT@InpREAL
0040156e*      RT@InpDBLE
0040157d*      RT@InpXTND
0040158c*      RT@InpCPLX
0040159b*      RT@InpDBCX
004015aa*      RT@InpXTCX
004015b9*      RT@InpCHAR
004015be*      RT@InpSTR
004015c3*      RT@InpArr
004015c8*      RT@InpChArr
Module: H:\Work\Fortran/lib386/nt\flib7.lib(cortns)
004161c0*      _FRT_SaveESP
004015d8*      SwitchToGen
004015f6       SwitchToRT
00401614       RdWrCommon
004016b8       IOType_
004016d6       IOChar
004016f1       IOStr
00401706       IOArr
00401721       IOChArr
00401743       RT@EndIO
Module: H:\Work\Fortran/lib386/nt\flib7.lib(cowrite)
0040174d       RT@IOWrite
0040175c*      RT@OutLOG1
0040176e*      RT@OutLOG4
0040177c*      RT@OutINT1
0040178e*      RT@OutINT2
0040179e*      RT@OutINT4
004017ad       RT@OutREAL
004017bd*      RT@OutDBLE
004017cd*      RT@OutXTND
004017dd*      RT@OutCPLX
004017f3*      RT@OutDBCX
00401809*      RT@OutXTCX
0040181f       RT@OutCHAR
00401824*      RT@OutSTR
00401829*      RT@PrtArr
0040182e*      RT@PrtChArr
Module: H:\Work\Fortran/lib386\math387r.lib(sqrt87)
00401834*      sqrt_
00401864       IF@SQRT
00401864*      IF@DSQRT
00401866       __@DSQRT
Module: H:\Work\Fortran/lib386\math387r.lib(acos87)
004018d7*      acos_
00401898*      IF@DACOS
00401898       IF@ACOS
Module: H:\Work\Fortran/lib386\math387r.lib(trig87)
00401931*      sin_
00401925*      cos_
00401952*      tan_
004018e4       IF@COS
004018e4*      IF@DCOS
004018ee*      IF@SIN
004018ee*      IF@DSIN
0040193d*      IF@TAN
0040193d*      IF@DTAN
Module: H:\Work\Fortran/lib386/nt\clib3r.lib(cstrtwnt)
0040195e       _cstart_
0040195e*      mainCRTStartup
Module: H:\Work\Fortran/lib386/nt\clib3r.lib(_8087)
004161f8       __8087
004161f9       __real87
Module: H:\Work\Fortran/lib386/nt\emu387.lib(386)
004019bc       __init_387_emulator
004019bd*      __fini_387_emulator
Module: H:\Work\Fortran/lib386/nt\flib7.lib(initeng.c)
00418040       __init_english
Module: H:\Work\Fortran/lib386/nt\flib7.lib(initerr.c)
00418044       __init_error
Module: H:\Work\Fortran/lib386/nt\flib7.lib(exread.c)
00401a40       DoRead_
Module: H:\Work\Fortran/lib386/nt\flib7.lib(setiocb.c)
00401a70       RT@SetIOCB
Module: H:\Work\Fortran/lib386/nt\flib7.lib(rdata.c)
00418050       _IORslt
00418060       _FmtBuff
00418064*      _Fmt_revert
00418068*      _Fmt_start
0041806c*      _Fmt_paren_level
00418070*      _Fmt_charptr
00418074*      _FmtEmStruct
00418078       _IOTypeRtn
0041807c*      _Fmt_end
00418080*      _Fmt_rep_spec
00418084       _FmtRoutine
00418088       _IOCB
0041808c       _Files
00418090*      _Fmt_delimited
Module: H:\Work\Fortran/lib386/nt\flib7.lib(iomain.c)
00401b00       __ReleaseIOSys_
00401b20       IOMain_
Module: H:\Work\Fortran/lib386/nt\clib3r.lib(crwdata)
00416240       __osmajor
00416241       __osminor
00416242       __osbuild
00416244       __osver
00416248       __winmajor
0041624c       __winminor
00416250       __winver
0041620c       __LpDllName
00416210       __LpwCmdLine
00416214       __LpwPgmName
00416218       __LpwDllName
00416204       __LpCmdLine
00416208       __LpPgmName
004161fc*      __dynend
00416200       __curbrk
0041621c*      __STACKLOW
00416220       __STACKTOP
00416224       __ASTACKSIZ
00416228       __ASTACKPTR
0041622c*      __cbyte
00416230*      __cbyte2
00416234*      __child
0041623a       __Envptr
0041623e*      __Envseg
00416238       __no87
00416254       ___FPE_handler
Module: H:\Work\Fortran/lib386/nt\flib7.lib(thrdutil.c)
00401d30*      __InitMultiThreadIO_
0041625c       ___SwitchStkLow
Module: H:\Work\Fortran/lib386/nt\flib7.lib(exwrite.c)
00401db0       DoWrite_
Module: H:\Work\Fortran/lib386\math387r.lib(math87e.c)
00401dd7       __math87_err_
Module: H:\Work\Fortran/lib386\math387r.lib(atan87)
00401e6e*      atan_
00401e7a*      atan2_
00401e44*      IF@ATAN
00401e44*      IF@DATAN
00401e59*      IF@ATAN2
00401e59       IF@DATAN2
Module: H:\Work\Fortran/lib386/nt\clib3r.lib(chipvar)
00416260       ___chipbug
00416260       __chipbug
Module: H:\Work\Fortran/lib386/nt\clib3r.lib(chipt32.asm)
00401e8c       __fptan_chk
Module: H:\Work\Fortran/lib386/nt\clib3r.lib(main2wnt.c)
00401f40       __NTMain
Module: H:\Work\Fortran/lib386/nt\clib3r.lib(segdefns)
00401003       ___begtext
00416000*      __nullarea
00417174       __Start_XI
004171c2       __End_XI
004171c2       __Start_YI
004171f2       __End_YI
Module: H:\Work\Fortran/lib386/nt\clib3r.lib(chk8087.c)
00401fc0*      _fpreset_
00402000       __chk8087_
00402010*      __init_8087_
Module: H:\Work\Fortran/lib386/nt\flib7.lib(english.c)
00402060       __UseEnglishCharSet_
Module: H:\Work\Fortran/lib386/nt\flib7.lib(errincl.c)
00402170       __InitError_
00416264+      _PGroupTable
00416268+      _PErrWord
Module: H:\Work\Fortran/lib386/nt\flib7.lib(rdwr.c)
00402190+      DoOpen_
004021c0+      _AllocBuffer_
00402200       IOPrologue_
00402440       UpdateRecNum_
Module: H:\Work\Fortran/lib386/nt\flib7.lib(unfmtin.c)
00402480       UnFmtIn_
00402520+      NextUnFmtRec_
Module: H:\Work\Fortran/lib386/nt\flib7.lib(freein.c)
00402900+      GetNum_
00402b00       FreeIn_
00402b10*      DoFreeIn_
00402b40+      BumpComma_
00402b70+      Blanks_
00402b90+      CheckEor_
Module: H:\Work\Fortran/lib386/nt\flib7.lib(rtutls.c)
004031c0       FindFtnFile_
004032b0       RChkAlloc_
004032e0       F_Connect_
00403360       ConnectFile_
00403370*      GetFileInfo_
00403460       DiscoFile_
004034d0*      ChkFileName_
00403500+      ChkLogFile_
00403540       ChkIOOperation_
00403580       GetIOErr_
00403590       ChkIOErr_
004035b0       ChkUnitId_
004035f0*      ChkConnected_
00403610       SetEOF_
00403640       ClearEOF_
00403680       SysEOF_
004036b0       IsFixed_
004036c0       IsCarriage_
004036d0*      ChkRecordStructure_
00403700*      ChkSequential_
00403720*      ChkExist_
00403750*      StrItem_
Module: H:\Work\Fortran/lib386/nt\flib7.lib(rtsysutl.c)
00403780       GetSysIOInfo_
004037a0       GetSysFileInfo_
004037d0*      IsDevice_
004039a0       OpenAction_
004039e0*      DfltRecType_
00403a00+      _FileAttrs_
00403ac0       CloseFile_
00403b30       Scrtched_
00403b50*      CloseDeleteFile_
00403ba0       Errf_
00403bc0       FPutBuff_
00403c30       FGetBuff_
00403c80       SeekFile_
00403ca0       NoEOF_
00403cb0       SysClearEOF_
00403cc0*      SameFile_
00403cd0*      Rewindf_
00403cf0*      SysCreateFile_
00403d30       CheckLogicalRecord_
00403d50       SkipLogicalRecord_
00403d70*      BackSpacef_
00403da0*      EndFilef_
00403de0       GetIOErrMsg_
00403e20       ReportNExist_
00403e40       ReportEOF_
00403e50*      WaitForEnter_
Module: H:\Work\Fortran/lib386/nt\flib7.lib(rtinit.c)
0041626c       ___FAppType
00416270       __ExceptionInit
00416274       __ExceptionFini
00403e70*      __InitFThreadData_
00403eb0+      RTSysFini_
00403ec0       RTSysInit_
0041627c       __AccessFIO
00416280       __ReleaseFIO
00416284       __PartialReleaseFIO
00418098       ___FThreadDataOffset
00417192*      ___fthread_data_size
Module: H:\Work\Fortran/lib386/nt\clib3r.lib(mainwnt.c)
00416288       ___TlsIndex
0041628c       ___FirstThreadData
00416290       ___GetThreadPtr
00416294       __AccessFileH
00416298       __ReleaseFileH
0041629c       __AccessIOB
004162a0       __ReleaseIOB
004162a4       __AccessNHeap
004162a8       __AccessFHeap
004162ac       __ReleaseNHeap
00403f30*      __threadid_
00403f50+      __sig_null_rtn_
00403f60+      __NTInit_
00404140+      __NTFini_
004041a0       __NTMainInit_
00404200       __exit_
004162b0       __ReleaseFHeap
004162b4       __AccessTDList
004162b8       __ReleaseTDList
004162bc       __AccessFList
004162c0       __ReleaseFList
004162c4       __ThreadExitRtn
004162c8       ___sig_init_rtn
004162cc       ___sig_fini_rtn
004162d0       ___process_fini
004180a4       ___Is_DLL
Module: H:\Work\Fortran/lib386/nt\flib7.lib(ioinit.c)
00404260       IOSysInit_
Module: H:\Work\Fortran/lib386/nt\flib7.lib(rterr.c)
004162d8+      _TraceRoutine
004042b0+      FlushStdUnit_
00404300+      WriteErr_
004043d0       ErrHandler_
00404410       RTErr_
004162e4+      LG@ERR_HOOK
Module: H:\Work\Fortran/lib386/nt\flib7.lib(spawn.c)
00404440       Spawn_
004044a0       Suicide_
Module: H:\Work\Fortran/lib386/nt\flib7.lib(unfmtout.c)
004045c0       UnFmtOut_
Module: H:\Work\Fortran/lib386/nt\flib7.lib(freeout.c)
00404a10       FreeOut_
004162e8+      _OutRtn
Module: H:\Work\Fortran/lib386/nt\flib7.lib(_matherr.c)
00404af0*      __imath2err_
00404b30*      __amath1err_
00404b60*      __amath2err_
00404b90       __math2err_
00404ca0       __math1err_
00404cb0*      __zmath2err_
00404d10*      __qmath2err_
Module: H:\Work\Fortran/lib386/nt\clib3r.lib(chipw32.asm)
00404d78       __fpatan_wrap
Module: H:\Work\Fortran/lib386/nt\clib3r.lib(chipbug.c)
00404db0       __verify_pentium_fdiv_bug_
Module: H:\Work\Fortran/lib386/nt\clib3r.lib(initrtns.c)
00404e20       __InitRtns
00404e70       __FiniRtns
Module: H:\Work\Fortran/lib386/nt\clib3r.lib(mthrdini.c)
00404ed0       __InitThreadData_
0041631c       ___ThreadDataSize
Module: H:\Work\Fortran/lib386/nt\clib3r.lib(memset.c)
00404f00       memset_
Module: H:\Work\Fortran/lib386/nt\clib3r.lib(cmain386.c)
00404f20       __CMain
Module: H:\Work\Fortran/lib386/nt\clib3r.lib(dosseg)
00001234       __DOSseg__
Module: H:\Work\Fortran/lib386/nt\clib3r.lib(8087cw.c)
00416320       __8087cw
Module: H:\Work\Fortran/lib386/nt\clib3r.lib(save8087.c)
00416324       ___Save8087
00416328       ___Rest8087
Module: H:\Work\Fortran/lib386/nt\clib3r.lib(init8087)
00404f64       __x87id
Module: H:\Work\Fortran/lib386/nt\flib7.lib(csetinfo.c)
004186c0       _CharSetInfo
Module: H:\Work\Fortran/lib386/nt\flib7.lib(errmsg.c)
004052d0       _GroupTable
00405380       _ErrWord
Module: H:\Work\Fortran/lib386/nt\flib7.lib(blderr.c)
00405a30       Substitute_
00405bf0       ErrCodOrg_
Module: H:\Work\Fortran/lib386/nt\flib7.lib(errrtns.c)
004186d4       ___ErrorFini
004186d8       ___ErrorInit
004186dc       ___BldErrMsg
Module: H:\Work\Fortran/lib386/nt\flib7.lib(sdfile.c)
0041632c*      _FFCtrlSeq
0041632e*      _SkipCtrlSeq
00416330       _NormalCtrlSeq
00416332       _SDTermIn
00416336       _SDTermOut
0041633a*      _SDPrtName
Module: H:\Work\Fortran/lib386/nt\flib7.lib(ioerr.c)
00405c30       IOErr_
Module: H:\Work\Fortran/lib386/nt\flib7.lib(rdutils.c)
00405cc0       NextRec_
Module: H:\Work\Fortran/lib386/nt\flib7.lib(unfmtutl.c)
00405dd0       _SizeVars
Module: H:\Work\Fortran/lib386/nt\clib3r.lib(istable.c)
00405de0       __IsTable
Module: H:\Work\Fortran/lib386/nt\flib7.lib(arrayio.c)
00405f80       ArrayIOType_
Module: H:\Work\Fortran/lib386/nt\clib3r.lib(toupper.c)
00406000       toupper_
Module: H:\Work\Fortran/lib386/nt\flib7.lib(chrutils.c)
00406010       JmpBlanks_
Module: H:\Work\Fortran/lib386/nt\flib7.lib(fmtcnvt.c)
00406030       FmtS2I_
00406160       FmtS2F_
Module: H:\Work\Fortran/lib386/nt\flib7.lib(fdutil.c)
00406530       LocFile_
00406540       LocUnit_
00406570       ExtractInfo_
Module: H:\Work\Fortran/lib386/nt\flib7.lib(rstdio.c)
004066a0       _InitStandardInput_
004066d0       _InitStandardOutput_
Module: H:\Work\Fortran/lib386/nt\flib7.lib(rmemmgr.c)
00406700       RMemAlloc_
00406710       RMemFree_
Module: H:\Work\Fortran/lib386/nt\flib7.lib(deffname.c)
00416340       _DefFName
Module: H:\Work\Fortran/lib386/nt\flib7.lib(stracc.c)
00406720       TrimStr_
00406760       GetStr_
Module: H:\Work\Fortran/lib386/nt\clib3r.lib(accsswnt.c)
00406790       access_
Module: H:\Work\Fortran/lib386/nt\clib3r.lib(fullpath.c)
004067d0+      _sys_fullpath_
00406850       _fullpath_
Module: H:\Work\Fortran/lib386/nt\clib3r.lib(fstatwnt.c)
004068c0       fstat_
Module: H:\Work\Fortran/lib386/nt\flib7.lib(poserr.c)
00406c20       Errorf_
00406c40*      EOFile_
00406c60       ErrorMsg_
00406ca0       FSetTrunc_
00406cb0       FSetSysErr_
00406cd0       FSetErr_
00406cf0       FSetEof_
00406d10       IOOk_
Module: H:\Work\Fortran/lib386/nt\clib3r.lib(statwnt.c)
00406e35       stat_
Module: H:\Work\Fortran/lib386/nt\flib7.lib(posopen.c)
00407070       InitStd_
00407130       SetIOBufferSize_
00407150+      _AllocFile_
00407240       Openf_
00407330       Closef_
Module: H:\Work\Fortran/lib386/nt\flib7.lib(posdat.c)
00416530       _FStdIn
00416534       _FStdOut
00416538       _FStdErr
Module: H:\Work\Fortran/lib386/nt\flib7.lib(posflush.c)
004073b0       FlushBuffer_
Module: H:\Work\Fortran/lib386/nt\flib7.lib(posdel.c)
00407460       Scratchf_
Module: H:\Work\Fortran/lib386/nt\clib3r.lib(nodefwin.c)
0041653c*      __WindowsIsWindowedHandle
00416540*      __WindowsRemoveWindowedHandle
00416544*      __WindowsNewWindow
00416548*      __WindowsCloseWindow
0041654c*      __WindowsSetAbout
00416550*      __WindowsSetAppTitle
00416554*      __WindowsSetConTitle
00416558*      __WindowsDestroyOnClose
0041655c*      __WindowsYieldControl
00416560*      __WindowsShutDown
00416564*      __WindowsStdin
00416568       __WindowsStdout
0041656c*      __WindowsKbhit
00416570*      __WindowsGetch
00416574*      __WindowsGetche
00416578*      __WindowsPutch
00407480*      _dwShutDown_
00407480*      _dwYield_
00407480*      _dwSetConTitle_
00407480*      _dwSetAppTitle_
00407480*      _dwSetAboutDlg_
00407480       _dwDeleteOnClose_
0041657c*      __WindowsExitRtn
004186e0*      __init_default_win
Module: H:\Work\Fortran/lib386/nt\flib7.lib(posput.c)
00407490       FPutRec_
004074d0       ChopFile_
00407520*      PutRec_
00407640       writebytes_
004076c0       SysWrite_
Module: H:\Work\Fortran/lib386/nt\flib7.lib(posget.c)
00407800       readbytes_
004078d0       SysRead_
00407d40       FGetRec_
00407d70*      GetRec_
00407d90       GetStdChar_
00407de0       FCheckLogical_
00407e60       FSkipLogical_
00407f30*      FGetVarRecLen_
Module: H:\Work\Fortran/lib386/nt\flib7.lib(posseek.c)
00408020       FSeekRec_
00408060       CurrFileOffset_
00408060       FGetFilePos_
00408080       SysSeek_
00408270*      FSeekAbs_
Module: H:\Work\Fortran/lib386/nt\clib3r.lib(stricmp.c)
00408280       stricmp_
Module: H:\Work\Fortran/lib386/nt\flib7.lib(posrew.c)
004082c0       FRewind_
Module: H:\Work\Fortran/lib386/nt\flib7.lib(posback.c)
00408330       FBackspace_
Module: H:\Work\Fortran/lib386/nt\flib7.lib(postrunc.c)
00408410       FTruncate_
Module: H:\Work\Fortran/lib386/nt\clib3r.lib(errno.c)
00408430       __get_errno_ptr_
00408440*      __get_doserrno_ptr_
Module: H:\Work\Fortran/lib386/nt\flib7.lib(rttraps.c)
00408540       __EnableF77RTExceptionHandling_
00408550       R_TrapInit_
004085e0       R_TrapFini_
004085f0*      __InitExceptionVectors_
Module: H:\Work\Fortran/lib386/nt\clib3r.lib(atexit.c)
00408605       atexit_
Module: H:\Work\Fortran/lib386/nt\clib3r.lib(regdata.c)
00408660       __RegisterThreadDataSize_
Module: H:\Work\Fortran/lib386/nt\clib3r.lib(hdlman.c)
00416580+      ___NHandles
00416584+      ___OSHandles
00416588+      ___FakeHandles
00408690+      __growPOSIXHandles_
00408730       __allocPOSIXHandle_
004087f0       __freePOSIXHandle_
00408810       __getOSHandle_
00408820       __setOSHandle_
00408870+      __NTGetFakeHandle_
004088e0       __initPOSIXHandles_
004089c0*      __set_handles_
004089d0*      _grow_handles_
Module: H:\Work\Fortran/lib386/nt\clib3r.lib(environ.c)
00418768       ___env_mask
0041876c       _environ
00418770       __wenviron
Module: H:\Work\Fortran/lib386/nt\clib3r.lib(getmodfn.c)
00408a10       __lib_GetModuleFileNameW_
Module: H:\Work\Fortran/lib386/nt\clib3r.lib(strdup.c)
00408ab0       __clib_strdup_
Module: H:\Work\Fortran/lib386/nt\clib3r.lib(ustrdup.c)
00408af0       __clib_wcsdup_
Module: H:\Work\Fortran/lib386/nt\clib3r.lib(nfree.c)
00408b20       _nfree_
00408b20       free_
00418774       ___MiniHeapFreeRover
Module: H:\Work\Fortran/lib386/nt\clib3r.lib(excptwnt.c)
00409290+      ___ReportException@4
004096e0       __DefaultExceptionHandler_
00409720+      ___ExceptionFilter
00409930       __NewExceptionFilter_
00409960       __DoneExceptionFilter_
00416594       ___oscode_check_func
00416598       ___raise_func
00418778*      _sw
0041877c       ___ExceptionHandled
0041877d+      ___ReportInvoked
Module: H:\Work\Fortran/lib386/nt\clib3r.lib(stklmwnt.c)
004099a0       __init_stack_limits_
Module: H:\Work\Fortran/lib386/nt\flib7.lib(runmain.c)
00409a10*      __InitUnit6CC_
00409a20       __DevicesCC_
00409a30*      __InitAllowCommaSeparator_
00409a40       __AllowCommaSep_
00409a50+      _InitIO_
00409ac0+      CloseAllFiles_
00409b00*      _FiniEx_
00409b00       RunExit_
00409b40       RunEntry_
Module: H:\Work\Fortran/lib386/nt\flib7.lib(errutil.c)
00409b70       BldErrCode_
00409bd0*      MsgFormat_
00409c00*      MsgBuffer_
004165b4+      _PGrpCodes
Module: H:\Work\Fortran/lib386/nt\clib3r.lib(enterdb.c)
00409c30       __EnterWVIDEO_
004165b8       ___WD_Present
Module: H:\Work\Fortran/lib386/nt\flib7.lib(stdio.c)
00409c70       StdBuffer_
00409c90+      StdWrite_
00409d70       StdFlush_
00409da0       StdWriteNL_
Module: H:\Work\Fortran/lib386/nt\clib3r.lib(setjmp)
00409dc8       _setjmp_
00409e01       longjmp_
Module: H:\Work\Fortran/lib386/nt\clib3r.lib(exit.c)
00409e89+      __null_int23_exit_
00409e8a       exit_
00409eda*      _exit_
004169c4+      ___int23_exit
004169c8+      ___FPE_handler_exit
Module: H:\Work\Fortran/lib386/nt\flib7.lib(wrutils.c)
00409ef0       F_SendData_
00409f50*      SendLine_
00409f60       SendEOR_
00409ff0*      SendInt_
0040a020       SendStr_
0040a040+      SendWSLStr_
0040a060       SendChar_
0040a080       Drop_
0040a240       IOItemResult_
Module: H:\Work\Fortran/lib386/nt\flib7.lib(undefcg.c)
0040a350       OutLogCG_
0040a360       OutIntCG_
0040a3a0+      FmtRealCG_
0040a3d0+      FmtDoubleCG_
0040a400+      FmtExtendedCG_
0040a430+      UndefIntCG_
0040a430+      UndefLogCG_
0040a430+      UndefExtendedCG_
0040a430+      UndefDoubleCG_
0040a430+      UndefRealCG_
0040a440+      GetRealCG_
004169cc       _FmtRealRtn
004169d0       _FmtDoubleRtn
004169d4       _FmtExtendedRtn
004169d8       _SendStrRtn
004169dc       _UndefRealRtn
004169e0       _UndefDoubleRtn
004169e4       _UndefExtendedRtn
004169e8       _UndefLogRtn
004169ec       _UndefIntRtn
004169f0       _GetRealRtn
Module: H:\Work\Fortran/lib386/nt\flib7.lib(cctrl.c)
0040a450       CheckCCtrl_
Module: H:\Work\Fortran/lib386/nt\clib3r.lib(chipa32.asm)
0040a4c0       __fpatan_chk
Module: H:\Work\Fortran/lib386/nt\clib3r.lib(__stos)
0040a6d0       __STOSB
0040a707*      __STOSD
Module: H:\Work\Fortran/lib386/nt\clib3r.lib(cinit.c)
0040a780       __CommonInit_
Module: H:\Work\Fortran/lib386/nt\clib3r.lib(___argc.c)
00418784       ____Argc
00418788       ____Argv
Module: H:\Work\Fortran/lib386/nt\flib7.lib(rtmain.c)
0040a790       main_
Module: H:\Work\Fortran/lib386/nt\clib3r.lib(memmove.c)
0040a7b0       memmove_
Module: H:\Work\Fortran/lib386/nt\clib3r.lib(itoa.c)
0040a810       utoa_
0040a860       itoa_
Module: H:\Work\Fortran/lib386/nt\clib3r.lib(ltoa.c)
0040a890       ultoa_
0040a8e0       ltoa_
Module: H:\Work\Fortran/lib386/nt\flib7.lib(ifile.c)
0040a910       SendIFBuff_
0040a940       NextIFBuff_
Module: H:\Work\Fortran/lib386/nt\flib7.lib(intarith.c)
0040a970       AddIOFlo_
0040a980*      SubIOFlo_
0040a990       MulIOFlo_
Module: H:\Work\Fortran/lib386/nt\clib3r.lib(tolower.c)
0040a9a0       tolower_
Module: H:\Work\Fortran/lib386\math387r.lib(strtod.c)
0040aec2+      __Strtold_
0040b029       strtod_
Module: H:\Work\Fortran/lib386/nt\clib3r.lib(getenv.c)
0040b170       getenv_
Module: H:\Work\Fortran/lib386/nt\clib3r.lib(nmalloc.c)
0040b200       _nmalloc_
0040b200       malloc_
004169f4       ___nheapbeg
004169f8       ___MiniHeapRover
004169fc       ___LargestSizeB4MiniHeapRover
Module: H:\Work\Fortran/lib386/nt\clib3r.lib(fgtattr.c)
0040b300       __fixed_GetFileAttributesA_
Module: H:\Work\Fortran/lib386/nt\clib3r.lib(dosret.c)
0040b3a0*      _dosretax_
0040b3b0*      _dosret0_
0040b3c0       __set_errno_dos_
0040b3f0*      __set_errno_dos_reterr_
0040b400       __set_errno_nt_
0040b410*      __set_errno_nt_reterr_
Module: H:\Work\Fortran/lib386/nt\clib3r.lib(seterrno.c)
0040b424       __set_errno_
0040b432*      __set_EDOM_
0040b440       __set_ERANGE_
0040b44e*      __set_EINVAL_
0040b461       __set_doserrno_
Module: H:\Work\Fortran/lib386/nt\clib3r.lib(gtcwdwnt.c)
0040b470       getcwd_
Module: H:\Work\Fortran/lib386/nt\clib3r.lib(iomode.c)
0040b500       __GetIOMode_
0040b520       __SetIOMode_nogrow_
00416b04       ___NFiles
00416b08       ___init_mode
00416b58       ___io_mode
Module: H:\Work\Fortran/lib386/nt\clib3r.lib(iomodtty.c)
0040b540       __ChkTTYIOMode_
0040b580       __IOMode_
Module: H:\Work\Fortran/lib386/nt\clib3r.lib(ntdirinf.c)
0040b5a0       __MakeDOSDT_
0040b5d0*      __FromDOSDT_
0040b600*      __GetNTDirInfo_
0040b640*      __NTFindNextFileWithAttr_
Module: H:\Work\Fortran/lib386/nt\clib3r.lib(d2ttime.c)
0040b6a0       _d2ttime_
Module: H:\Work\Fortran/lib386/nt\clib3r.lib(strerror.c)
0040ba40       strerror_
0040ba60*      _strerror_
0040bb30*      _doserror_
00416b5c+      __sys_errlist
00416c00+      __sys_nerr
Module: H:\Work\Fortran/lib386/nt\clib3r.lib(_strcmp)
0040bb60       strcmp_
Module: H:\Work\Fortran/lib386/nt\clib3r.lib(mbspbrk.c)
0040bca0       _mbspbrk_
Module: H:\Work\Fortran/lib386/nt\clib3r.lib(mbsinc.c)
0040bcf0       _mbsinc_
Module: H:\Work\Fortran/lib386/nt\clib3r.lib(stiomode.c)
0040bd20       __grow_iomode_
0040bdf0+      __shrink_iomode_
0040be30       __SetIOMode_
Module: H:\Work\Fortran/lib386/nt\clib3r.lib(close.c)
0040bea0       close_
Module: H:\Work\Fortran/lib386/nt\clib3r.lib(openwnt.c)
0040c0c0*      open_
0040c0e0       sopen_
Module: H:\Work\Fortran/lib386/nt\clib3r.lib(lseek.c)
0040c110       lseek_
Module: H:\Work\Fortran/lib386/nt\flib7.lib(poscc.c)
0040c160*      __LineFeedWithFormFeed_
0040c170       FSetCC_
Module: H:\Work\Fortran/lib386/nt\clib3r.lib(write.c)
0040c420       write_
Module: H:\Work\Fortran/lib386/nt\clib3r.lib(unlnkwnt.c)
0040c680       unlink_
Module: H:\Work\Fortran/lib386/nt\clib3r.lib(chsizwnt.c)
0040c700       chsize_
Module: H:\Work\Fortran/lib386/nt\clib3r.lib(read.c)
0040c7f0       read_
Module: H:\Work\Fortran/lib386/nt\clib3r.lib(signlwnt.c)
00416c0c+      __SignalTable
0040c980+      __SetSignalFunc_
0040c9d0+      __GetSignalFunc_
0040ca00+      __GetSignalOSCode_
0040ca30+      __CheckSignalExCode_
0040cb70+      __sigabort_
0040cb80       __sigfpe_handler_
0040cbd0       signal_
0040cc60+      raise_
0040ccd0+      __SigInit_
0040cd20+      __SigFini_
0040cd60+      __sig_init_
Module: H:\Work\Fortran/lib386/nt\flib7.lib(fptraps.c)
0040ce40*      __MaskDefaultFPE_
0040ce60       FPTrapInit_
0040ce90       FPTrapFini_
Module: H:\Work\Fortran/lib386/nt\clib3r.lib(trdlist.c)
0040cf00       __GetThreadData_
0040cf50       __ReallocThreadData_
0040d040       __AddThreadData_
0040d0c0       __RemoveThreadData_
0040d120       __ResizeThreadDataList_
0040d150       __FreeThreadDataList_
0040d180*      __ActiveThreads_
Module: H:\Work\Fortran/lib386/nt\clib3r.lib(nrealloc.c)
0040d1a0*      _nrealloc_
0040d1a0       realloc_
Module: H:\Work\Fortran/lib386/nt\clib3r.lib(setenvp.c)
0040d220       __setenvp_
0040d2e0       __freeenvp_
Module: H:\Work\Fortran/lib386/nt\clib3r.lib(ustrlen.c)
0040d32d       wcslen_
Module: H:\Work\Fortran/lib386/nt\clib3r.lib(memcpy.c)
0040d340       memcpy_
Module: H:\Work\Fortran/lib386/nt\clib3r.lib(mem.c)
0040d360       __MemAllocator
0040d410       __MemFree
Module: H:\Work\Fortran/lib386/nt\clib3r.lib(conutwnt.c)
0040d560*      __NTRealKey_
0040d610*      __NTConsoleInput_
0040d620       __NTConsoleOutput_
Module: H:\Work\Fortran/lib386/nt\clib3r.lib(fclex387.c)
0040d630       _ClearFPE_
Module: H:\Work\Fortran/lib386/nt\flib7.lib(errgrp.c)
0040d640       _GrpCodes
Module: H:\Work\Fortran/lib386/nt\clib3r.lib(iob.c)
00416c80       ___iob
00416e88       __fmode
00418898       ___OpenStreams
0041889c       ___ClosedStreams
Module: H:\Work\Fortran/lib386/nt\clib3r.lib(setmd.c)
0040d6d0       setmode_
Module: H:\Work\Fortran/lib386/nt\clib3r.lib(ljmphdl.c)
00416e8c       ___longjmp_handler
Module: H:\Work\Fortran/lib386/nt\flib7.lib(expchk.c)
0040d7d0       ToFFormat_
Module: H:\Work\Fortran/lib386/nt\flib7.lib(fmtrtns.c)
0040d820       R_F2E_
0040d990       R_F2F_
0040db20       SetMaxPrec_
Module: H:\Work\Fortran/lib386/nt\flib7.lib(rfmtlog.c)
0040db40       R_FmtLog_
Module: H:\Work\Fortran/lib386/nt\flib7.lib(rfmtutil.c)
0040dba0+      R_ChkType_
0040dbd0*      R_NewRec_
0040dc10*      R_ChkIType_
0040dc40*      R_ChkFType_
0040dc70*      R_ChkRecLen_
0040dc90+      GetLen_
0040dcd0*      R_FOStr_
0040dce0*      FOString_
0040dd50*      R_FIStr_
0040de10+      R_FOLog_
0040de60*      R_FILog_
0040df40*      R_FIFloat_
0040e130       GetReal_
0040e240*      R_FOF_
0040e2c0*      R_FOE_
0040e400+      FmtH2B_
0040e4f0*      R_FIHex_
0040e670*      R_FOHex_
0040e680*      FOHex_
0040e780*      R_FIInt_
0040e890*      R_FOInt_
0040eaf0*      R_FOG_
0040ed70+      ChkBuffLen_
Module: H:\Work\Fortran/lib386/nt\clib3r.lib(chipd32.asm)
0040eeab       __fdiv_fpr
0040f36d*      __fdiv_chk
0040f380*      __fdiv_m32
0040f3cd*      __fdiv_m64
0040f41a*      __fdiv_m32r
0040f467*      __fdiv_m64r
Module: H:\Work\Fortran/lib386/nt\clib3r.lib(argcv.c)
004188a0       __argc
004188a4       __argv
004188a8       ___argv
004188ac       ___argc
Module: H:\Work\Fortran/lib386/nt\clib3r.lib(alphabet.c)
0041611c       ___Alphabet
Module: H:\Work\Fortran/lib386\math387r.lib(bufld386)
0040f4c0       __ZBuf2LD
Module: H:\Work\Fortran/lib386\math387r.lib(ldcvt.c)
0040f642       _LDScale10x_
0040fbe9       __LDcvt_
Module: H:\Work\Fortran/lib386\math387r.lib(inf_nan.c)
00410036*      ___f_infinity
0041003a*      ___f_posqnan
0041003e       ___d_infinity
00410046       ___d_posqnan
0041004e*      ___ld_infinity
00410056*      ___ld_posqnan
Module: H:\Work\Fortran/lib386/nt\clib3r.lib(hugeval.c)
00410060       __HugeValue
Module: H:\Work\Fortran/lib386/nt\clib3r.lib(mbterm.c)
00410070       _mbterm_
Module: H:\Work\Fortran/lib386/nt\clib3r.lib(mbsnextc.c)
004100b0       _mbsnextc_
Module: H:\Work\Fortran/lib386/nt\clib3r.lib(mbcupper.c)
004100f0       _mbctoupper_
Module: H:\Work\Fortran/lib386/nt\clib3r.lib(nmemneed.c)
00410120       __nmemneed_
Module: H:\Work\Fortran/lib386/nt\clib3r.lib(grownear.c)
00410290       __ExpandDGROUP_
Module: H:\Work\Fortran/lib386/nt\clib3r.lib(isattwnt.c)
004102b0       isatty_
Module: H:\Work\Fortran/lib386/nt\clib3r.lib(strncpy.c)
004102d0       strncpy_
Module: H:\Work\Fortran/lib386/nt\clib3r.lib(mktime.c)
00410310       mktime_
Module: H:\Work\Fortran/lib386/nt\clib3r.lib(mbschr.c)
004103a0       _mbschr_
Module: H:\Work\Fortran/lib386/nt\clib3r.lib(mbisdbcs.c)
004188b0       ___IsDBCS
Module: H:\Work\Fortran/lib386/nt\clib3r.lib(mbislead.c)
00410400*      _ismbblead_
004188b4       ___MBCSIsTable
Module: H:\Work\Fortran/lib386/nt\clib3r.lib(_clsewnt.c)
00410420       __close_
Module: H:\Work\Fortran/lib386/nt\clib3r.lib(ntfio.c)
00410480*      __GetNTCreateAttr_
004104c0       __GetNTAccessAttr_
004104f0       __GetNTShareAttr_
Module: H:\Work\Fortran/lib386/nt\clib3r.lib(umaskval.c)
00416f38       ___umaskval
Module: H:\Work\Fortran/lib386/nt\clib3r.lib(__lseek.c)
00410550       __lseek_
Module: H:\Work\Fortran/lib386/nt\clib3r.lib(stackwnt.c)
00410590       stackavail_
Module: H:\Work\Fortran/lib386/nt\clib3r.lib(stk)
004105a1*      __CHK
004105b1*      __STK
004105d0       __STKOVERFLOW_
004105e0*      __GRO
00410600*      __alloca_probe
Module: H:\Work\Fortran/lib386/nt\clib3r.lib(abort.c)
00410629*      abort_
0041063b       __terminate_
00416f4c       ___abort
Module: H:\Work\Fortran/lib386/nt\clib3r.lib(cntrl87.c)
00410650       _control87_
Module: H:\Work\Fortran/lib386/nt\clib3r.lib(mthread.c)
00410830+      __CloseSemaphore_
00410870+      __AccessIOB_
00410880+      __ReleaseIOB_
00410890+      __AccessFileH_
004108a0+      __ReleaseFileH_
004108b0+      __AccessNHeap_
004108c0+      __ReleaseNHeap_
004108d0+      __AccessFHeap_
004108e0+      __ReleaseFHeap_
004108f0+      __AccessTDList_
00410900+      __ReleaseTDList_
00410910+      __AccessFList_
00410920+      __AccessSemaphore_
00410980+      __ReleaseFList_
00410990+      __ReleaseSemaphore_
004109c0+      __MultipleThread_
00410a10+      __AllocInitThreadData_
00410a60*      __FreeInitThreadData_
00410a70       __NTThreadInit_
00410ae0       __NTAddThread_
00410b30       __NTRemoveThread_
00410bc0       __InitMultipleThread_
00416f50+      ___AccessSema4
00416f54+      ___ReleaseSema4
00416f58+      ___CloseSema4
Module: H:\Work\Fortran/lib386/nt\clib3r.lib(xmsgwnt.c)
00410d80+      __exit_with_msg_
00410de0       __fatal_runtime_error_
Module: H:\Work\Fortran/lib386/nt\clib3r.lib(calloc.c)
00410e00       calloc_
Module: H:\Work\Fortran/lib386/nt\clib3r.lib(register.c)
00410e30       __initthread_
00410e40*      _beginthread_
00410e50       _endthread_
00410e60*      __RegisterThreadData_
Module: H:\Work\Fortran/lib386/nt\clib3r.lib(nmsize.c)
00410eb0       _nmsize_
00410eb0*      _msize_
Module: H:\Work\Fortran/lib386/nt\clib3r.lib(nexpand.c)
00410ec0       _nexpand_
00410ec0*      _expand_
00410f00+      __HeapManager_expand_
Module: H:\Work\Fortran/lib386/nt\clib3r.lib(dofilstr.c)
004110e0       __ParsePosixHandleStr_
Module: H:\Work\Fortran/lib386/nt\clib3r.lib(clearenv.c)
00411200       clearenv_
Module: H:\Work\Fortran/lib386/nt\clib3r.lib(initfile.c)
004112c0       __InitFiles_
Module: H:\Work\Fortran/lib386/nt\clib3r.lib(ioexit.c)
004113c0*      fcloseall_
004113d0       __full_io_exit_
Module: H:\Work\Fortran/lib386/nt\flib7.lib(flt86.c)
004113e0       _P1d100
004113e8       _P1d_99
Module: H:\Work\Fortran/lib386\math387r.lib(pow87)
00411549*      pow_
004113f0       IF@DPOW
004113f0*      IF@POW
Module: H:\Work\Fortran/lib386/nt\flib7.lib(hexcnv.c)
00411570       Hex_
00411590*      HSToB_
00411600       BToHS_
Module: H:\Work\Fortran/lib386/nt\clib3r.lib(strupr.c)
00411650       strupr_
Module: H:\Work\Fortran/lib386/nt\clib3r.lib(initargv.c)
00411670       __Init_Argv_
004116c0+      _getargv_
00411860       __Fini_Argv_
Module: H:\Work\Fortran/lib386\math387r.lib(ldclass.c)
0041186e       __LDClass_
004118be*      _FLClass_
Module: H:\Work\Fortran/lib386/nt\clib3r.lib(mbconv.c)
004118d0       _mbvtop_
Module: H:\Work\Fortran/lib386/nt\clib3r.lib(amblksiz.c)
00416f68       __amblksiz
Module: H:\Work\Fortran/lib386/nt\clib3r.lib(heapen.c)
004118f0*      _heapenable_
00416f6c       ___heap_enabled
Module: H:\Work\Fortran/lib386/nt\clib3r.lib(nheapmin.c)
00411920       _nheapshrink_
00411920*      _nheapmin_
00411920*      _heapmin_
00411920       _heapshrink_
Module: H:\Work\Fortran/lib386/nt\clib3r.lib(locmktim.c)
00411a10       __local_mktime_
Module: H:\Work\Fortran/lib386/nt\clib3r.lib(gmtime.c)
00411b90       __brktime_
00411c90+      _gmtime_
00411cb0*      gmtime_
Module: H:\Work\Fortran/lib386/nt\clib3r.lib(tzset.c)
00416f70       ___start_dst
00416f94       ___end_dst
004170bc*      _tzname
004170c4       _timezone
004170c8       _daylight
004170cc       ___dst_adjust
00411d20*      __DontCacheOSTZ_
00411d30*      __CacheOSTZ_
00412210+      __parse_tz_
00412600       tzset_
Module: H:\Work\Fortran/lib386/nt\clib3r.lib(timeutil.c)
00412770       __isindst_
Module: H:\Work\Fortran/lib386/nt\clib3r.lib(mbclen.c)
00412aa0       _mbclen_
Module: H:\Work\Fortran/lib386/nt\clib3r.lib(mbccmp.c)
00412ad0       _mbccmp_
Module: H:\Work\Fortran/lib386/nt\clib3r.lib(mbinit.c)
00412b45       __mbinit_
004170d4       ___MBCodePage
Module: H:\Work\Fortran/lib386/nt\clib3r.lib(trdalloc.c)
00412c40       __FiniThreadProcessing_
Module: H:\Work\Fortran/lib386/nt\clib3r.lib(thredwnt.c)
00412d00       __CBeginThread_
00412da0       __CEndThread_
Module: H:\Work\Fortran/lib386/nt\clib3r.lib(strtol.c)
00413000*      strtoul_
00413010       strtol_
Module: H:\Work\Fortran/lib386/nt\clib3r.lib(putenv.c)
00413020       putenv_
004132b0       __putenv_
Module: H:\Work\Fortran/lib386/nt\clib3r.lib(fclose.c)
00413420+      __doclose_
004134c0       __shutdown_stream_
004134e0*      fclose_
00419128+      ___RmTmpFileFn
Module: H:\Work\Fortran/lib386/nt\clib3r.lib(freefp.c)
00413530       __freefp_
00413580       __purgefp_
Module: H:\Work\Fortran/lib386\math387r.lib(pow87e.c)
004135ae       __pow87_err_
Module: H:\Work\Fortran/lib386\math387r.lib(exp87)
0041369b*      exp_
00413634*      __@DEXP1
0041363c*      IF@EXP
0041363c*      IF@DEXP
0041363e       __@DEXP
Module: H:\Work\Fortran/lib386/nt\clib3r.lib(histsplt.c)
0041912c       ___historical_splitparms
Module: H:\Work\Fortran/lib386/nt\clib3r.lib(leapyear.c)
004136b0       __leapyear_
00416144       ___diyr
0041615e       ___dilyr
Module: H:\Work\Fortran/lib386/nt\clib3r.lib(wcstombs.c)
004136f0       wcstombs_
Module: H:\Work\Fortran/lib386/nt\clib3r.lib(mbslen.c)
00413790       _mbslen_
Module: H:\Work\Fortran/lib386/nt\clib3r.lib(mbstowcs.c)
004137c0       mbstowcs_
Module: H:\Work\Fortran/lib386/nt\clib3r.lib(uputenv.c)
00413840*      _wputenv_
00413a60       __wputenv_
Module: H:\Work\Fortran/lib386/nt\clib3r.lib(flush.c)
00413b60       __flush_
Module: H:\Work\Fortran/lib386/nt\clib3r.lib(wctomb.c)
00413c60       wctomb_
Module: H:\Work\Fortran/lib386/nt\clib3r.lib(mbtowc.c)
00413ca0       mbtowc_
Module: H:\Work\Fortran/lib386/nt\clib3r.lib(ustrchr.c)
00413d30       wcschr_
Module: H:\Work\Fortran/lib386/nt\clib3r.lib(setenvar.c)
00413d50       __lib_SetEnvironmentVariableW_
Module: H:\Work\Fortran/lib386/nt\clib3r.lib(crtwenv.c)
00413e40       __create_wide_environment_
Module: H:\Work\Fortran/lib386/nt\clib3r.lib(utoupper.c)
00413ea8       towupper_
Module: H:\Work\Fortran/lib386/nt\clib3r.lib(fsync.c)
00413ec0       fsync_
Module: H:\Work\Fortran/lib386/nt\clib3r.lib(qwrit.c)
00413f10       __qwrite_
Error! E3008: cannot open try.exe : Permission denied
